Component: ARM Compiler 5.06 update 6 (build 750) Tool: armlink [4d35ed]

==============================================================================

Section Cross References

    main.o(.text) refers to misc.o(.text) for NVIC_PriorityGroupConfig
    main.o(.text) refers to bsp_delay.o(.text) for delay_init
    main.o(.text) refers to led.o(.text) for LED_GPIO_Config
    main.o(.text) refers to bsp_usart.o(.text) for bsp_InitUart
    main.o(.text) refers to dr16.o(.text) for RC_Init
    main.o(.text) refers to usart.o(.text) for usart3_init
    main.o(.text) refers to can1.o(.text) for CAN1_Configuration
    main.o(.text) refers to can2.o(.text) for CAN2_Configuration
    main.o(.text) refers to pwm.o(.text) for TIM5_Init
    main.o(.text) refers to zl5servo.o(.text) for Enable_All_Motor_Modbus
    main.o(.text) refers to control.o(.text) for AGV_Work_Mode_Choose
    main.o(.text) refers to pickplane.o(.text) for Stop_All_Bldcmotor
    main.o(.text) refers to comunication.o(.text) for NX_Data_Return
    main.o(.text) refers to main.o(.data) for dbgcnt
    main.o(.text) refers to dr16.o(.data) for rc_data_flag
    main.o(.text) refers to control.o(.data) for g_agv_task_state
    main.o(.text) refers to pwm.o(.data) for Task_timer_flag
    main.o(.text) refers to comunication.o(.bss) for CV
    stm32f4xx_it.o(.text) refers to bsp_delay.o(.text) for delay_ms
    comunication.o(.text) refers to rt_memclr_w.o(.text) for __aeabi_memclr4
    comunication.o(.text) refers to crc8.o(.text) for CRC8_Table
    comunication.o(.text) refers to bsp_usart.o(.text) for send_data_dma_u1
    comunication.o(.text) refers to usart.o(.text) for send_data_dma_u4
    comunication.o(.text) refers to comunication.o(.data) for runc
    comunication.o(.text) refers to bms.o(.bss) for Battery_Msg
    comunication.o(.text) refers to comunication.o(.bss) for CV
    comunication.o(.text) refers to control.o(.data) for g_agv_work_mode
    comunication.o(.text) refers to can2.o(.data) for Eject
    control.o(.text) refers to pickplane.o(.text) for PP_Motor_Pull
    control.o(.text) refers to usart.o(.text) for u5_printf
    control.o(.text) refers to zl5servo.o(.text) for Stop_All_Chassicmotor
    control.o(.text) refers to can2.o(.data) for Eject
    control.o(.text) refers to control.o(.data) for g_agv_arm_flag
    control.o(.text) refers to dr16.o(.data) for rc_data_flag
    control.o(.text) refers to comunication.o(.data) for AGV_CMD
    control.o(.text) refers to can2.o(.text) for CAN2_TX_PACKET
    control.o(.text) refers to stm32f4xx_gpio.o(.text) for GPIO_ReadInputDataBit
    control.o(.text) refers to bms.o(.bss) for Battery_Msg
    control.o(.text) refers to hmcsensor.o(.data) for Lineb
    control.o(.text) refers to hmcsensor.o(.text) for Line_Analysis
    control.o(.text) refers to zl5servo.o(.data) for motor1_speed
    control.o(.text) refers to f2d.o(x$fpl$f2d) for __aeabi_f2d
    control.o(.text) refers to drleqf.o(x$fpl$drleqf) for __aeabi_cdrcmple
    control.o(.text) refers to dleqf.o(x$fpl$dleqf) for __aeabi_cdcmple
    control.o(.text) refers to dfix.o(x$fpl$dfix) for __aeabi_d2iz
    control.o(.text) refers to basic.o(x$fpl$basic) for __aeabi_dneg
    control.o(.text) refers to postion.o(.text) for pos_analysis
    control.o(.text) refers to gps.o(.bss) for agvrtk
    control.o(.text) refers to postion.o(.bss) for Pos
    control.o(.text) refers to d2f.o(x$fpl$d2f) for __aeabi_d2f
    control.o(.text) refers to control.o(.conststring) for .conststring
    postion.o(.text) refers to cosf.o(i.__hardfp_cosf) for __hardfp_cosf
    postion.o(.text) refers to sinf.o(i.__hardfp_sinf) for __hardfp_sinf
    postion.o(.text) refers to powf.o(i.__hardfp_powf) for __hardfp_powf
    postion.o(.text) refers to sqrtf.o(i.__hardfp_sqrtf) for __hardfp_sqrtf
    postion.o(.text) refers to rtk.o(.text) for get_agv_pos
    postion.o(.text) refers to d2f.o(x$fpl$d2f) for __aeabi_d2f
    bsp_usart.o(.text) refers to stm32f4xx_rcc.o(.text) for RCC_AHB1PeriphClockCmd
    bsp_usart.o(.text) refers to stm32f4xx_gpio.o(.text) for GPIO_PinAFConfig
    bsp_usart.o(.text) refers to stm32f4xx_usart.o(.text) for USART_DeInit
    bsp_usart.o(.text) refers to misc.o(.text) for NVIC_Init
    bsp_usart.o(.text) refers to stm32f4xx_dma.o(.text) for DMA_DeInit
    bsp_usart.o(.text) refers to comunication.o(.text) for DownLoad_prase
    bsp_usart.o(.text) refers to vsprintf.o(.text) for vsprintf
    bsp_usart.o(.text) refers to strlen.o(.text) for strlen
    bsp_usart.o(.text) refers to bsp_usart.o(.bss) for USART1_RX_BUF
    bsp_usart.o(.text) refers to bsp_usart.o(.data) for usart1_dma_tx_len
    bsp_delay.o(.text) refers to misc.o(.text) for SysTick_CLKSourceConfig
    bsp_delay.o(.text) refers to bsp_delay.o(.data) for fac_us
    can1.o(.text) refers to stm32f4xx_rcc.o(.text) for RCC_AHB1PeriphClockCmd
    can1.o(.text) refers to stm32f4xx_gpio.o(.text) for GPIO_PinAFConfig
    can1.o(.text) refers to misc.o(.text) for NVIC_Init
[...]
    EXTI_GenerateSWInterrupt                 0x08009433   Thumb Code    16  stm32f4xx_exti.o(.text)
    EXTI_GetFlagStatus                       0x08009443   Thumb Code    22  stm32f4xx_exti.o(.text)
    EXTI_ClearFlag                           0x08009459   Thumb Code     8  stm32f4xx_exti.o(.text)
    EXTI_GetITStatus                         0x08009461   Thumb Code    34  stm32f4xx_exti.o(.text)
    EXTI_ClearITPendingBit                   0x08009483   Thumb Code     8  stm32f4xx_exti.o(.text)
    GPIO_DeInit                              0x08009495   Thumb Code   220  stm32f4xx_gpio.o(.text)
    GPIO_Init                                0x08009571   Thumb Code   144  stm32f4xx_gpio.o(.text)
    GPIO_StructInit                          0x08009601   Thumb Code    18  stm32f4xx_gpio.o(.text)
    GPIO_PinLockConfig                       0x08009613   Thumb Code    34  stm32f4xx_gpio.o(.text)
    GPIO_ReadInputDataBit                    0x08009635   Thumb Code    18  stm32f4xx_gpio.o(.text)
    GPIO_ReadInputData                       0x08009647   Thumb Code     8  stm32f4xx_gpio.o(.text)
    GPIO_ReadOutputDataBit                   0x0800964f   Thumb Code    18  stm32f4xx_gpio.o(.text)
    GPIO_ReadOutputData                      0x08009661   Thumb Code     8  stm32f4xx_gpio.o(.text)
    GPIO_SetBits                             0x08009669   Thumb Code     4  stm32f4xx_gpio.o(.text)
    GPIO_ResetBits                           0x0800966d   Thumb Code     4  stm32f4xx_gpio.o(.text)
    GPIO_WriteBit                            0x08009671   Thumb Code    10  stm32f4xx_gpio.o(.text)
    GPIO_Write                               0x0800967b   Thumb Code     4  stm32f4xx_gpio.o(.text)
    GPIO_ToggleBits                          0x0800967f   Thumb Code     8  stm32f4xx_gpio.o(.text)
    GPIO_PinAFConfig                         0x08009687   Thumb Code    70  stm32f4xx_gpio.o(.text)
    RCC_DeInit                               0x080096f1   Thumb Code    60  stm32f4xx_rcc.o(.text)
    RCC_HSEConfig                            0x0800972d   Thumb Code    14  stm32f4xx_rcc.o(.text)
    RCC_GetFlagStatus                        0x0800973b   Thumb Code    60  stm32f4xx_rcc.o(.text)
    RCC_WaitForHSEStartUp                    0x08009777   Thumb Code    56  stm32f4xx_rcc.o(.text)
    RCC_AdjustHSICalibrationValue            0x080097af   Thumb Code    20  stm32f4xx_rcc.o(.text)
    RCC_HSICmd                               0x080097c3   Thumb Code     6  stm32f4xx_rcc.o(.text)
    RCC_LSEConfig                            0x080097c9   Thumb Code    46  stm32f4xx_rcc.o(.text)
    RCC_LSICmd                               0x080097f7   Thumb Code     6  stm32f4xx_rcc.o(.text)
    RCC_PLLConfig                            0x080097fd   Thumb Code    32  stm32f4xx_rcc.o(.text)
    RCC_PLLCmd                               0x0800981d   Thumb Code     6  stm32f4xx_rcc.o(.text)
    RCC_PLLI2SConfig                         0x08009823   Thumb Code    14  stm32f4xx_rcc.o(.text)
    RCC_PLLI2SCmd                            0x08009831   Thumb Code     6  stm32f4xx_rcc.o(.text)
    RCC_ClockSecuritySystemCmd               0x08009837   Thumb Code     6  stm32f4xx_rcc.o(.text)
    RCC_MCO1Config                           0x0800983d   Thumb Code    28  stm32f4xx_rcc.o(.text)
    RCC_MCO2Config                           0x08009859   Thumb Code    28  stm32f4xx_rcc.o(.text)
    RCC_SYSCLKConfig                         0x08009875   Thumb Code    20  stm32f4xx_rcc.o(.text)
    RCC_GetSYSCLKSource                      0x08009889   Thumb Code    12  stm32f4xx_rcc.o(.text)
    RCC_HCLKConfig                           0x08009895   Thumb Code    20  stm32f4xx_rcc.o(.text)
    RCC_PCLK1Config                          0x080098a9   Thumb Code    20  stm32f4xx_rcc.o(.text)
    RCC_PCLK2Config                          0x080098bd   Thumb Code    22  stm32f4xx_rcc.o(.text)
    RCC_GetClocksFreq                        0x080098d3   Thumb Code   222  stm32f4xx_rcc.o(.text)
    RCC_RTCCLKConfig                         0x080099b1   Thumb Code    54  stm32f4xx_rcc.o(.text)
    RCC_RTCCLKCmd                            0x080099e7   Thumb Code     8  stm32f4xx_rcc.o(.text)
    RCC_BackupResetCmd                       0x080099ef   Thumb Code     8  stm32f4xx_rcc.o(.text)
    RCC_I2SCLKConfig                         0x080099f7   Thumb Code     6  stm32f4xx_rcc.o(.text)
    RCC_AHB1PeriphClockCmd                   0x080099fd   Thumb Code    34  stm32f4xx_rcc.o(.text)
    RCC_AHB2PeriphClockCmd                   0x08009a1f   Thumb Code    34  stm32f4xx_rcc.o(.text)
    RCC_AHB3PeriphClockCmd                   0x08009a41   Thumb Code    34  stm32f4xx_rcc.o(.text)
    RCC_APB1PeriphClockCmd                   0x08009a63   Thumb Code    34  stm32f4xx_rcc.o(.text)
    RCC_APB2PeriphClockCmd                   0x08009a85   Thumb Code    34  stm32f4xx_rcc.o(.text)
    RCC_AHB1PeriphResetCmd                   0x08009aa7   Thumb Code    34  stm32f4xx_rcc.o(.text)
    RCC_AHB2PeriphResetCmd                   0x08009ac9   Thumb Code    72  stm32f4xx_rcc.o(.text)
    RCC_AHB3PeriphResetCmd                   0x08009b11   Thumb Code    34  stm32f4xx_rcc.o(.text)
    RCC_APB1PeriphResetCmd                   0x08009b33   Thumb Code    34  stm32f4xx_rcc.o(.text)
    RCC_APB2PeriphResetCmd                   0x08009b55   Thumb Code    34  stm32f4xx_rcc.o(.text)
    RCC_AHB1PeriphClockLPModeCmd             0x08009b77   Thumb Code    34  stm32f4xx_rcc.o(.text)
    RCC_AHB2PeriphClockLPModeCmd             0x08009b99   Thumb Code    34  stm32f4xx_rcc.o(.text)
    RCC_AHB3PeriphClockLPModeCmd             0x08009bbb   Thumb Code    34  stm32f4xx_rcc.o(.text)
    RCC_APB1PeriphClockLPModeCmd             0x08009bdd   Thumb Code    34  stm32f4xx_rcc.o(.text)
    RCC_APB2PeriphClockLPModeCmd             0x08009bff   Thumb Code    34  stm32f4xx_rcc.o(.text)
    RCC_ITConfig                             0x08009c21   Thumb Code    34  stm32f4xx_rcc.o(.text)
    RCC_ClearFlag                            0x08009c43   Thumb Code    18  stm32f4xx_rcc.o(.text)
    RCC_GetITStatus                          0x08009c55   Thumb Code    22  stm32f4xx_rcc.o(.text)
    RCC_ClearITPendingBit                    0x08009c6b   Thumb Code     8  stm32f4xx_rcc.o(.text)
    TIM_DeInit                               0x08009c79   Thumb Code   346  stm32f4xx_tim.o(.text)
    TIM_TimeBaseInit                         0x08009dd3   Thumb Code   104  stm32f4xx_tim.o(.text)
    TIM_TimeBaseStructInit                   0x08009e3b   Thumb Code    18  stm32f4xx_tim.o(.text)
    TIM_PrescalerConfig                      0x08009e4d   Thumb Code     6  stm32f4xx_tim.o(.text)
    TIM_CounterModeConfig                    0x08009e53   Thumb Code    18  stm32f4xx_tim.o(.text)
    TIM_SetCounter                           0x08009e65   Thumb Code     4  stm32f4xx_tim.o(.text)
    TIM_SetAutoreload                        0x08009e69   Thumb Code     4  stm32f4xx_tim.o(.text)
    TIM_GetCounter                           0x08009e6d   Thumb Code     6  stm32f4xx_tim.o(.text)
    TIM_GetPrescaler                         0x08009e73   Thumb Code     6  stm32f4xx_tim.o(.text)
    TIM_UpdateDisableConfig                  0x08009e79   Thumb Code    24  stm32f4xx_tim.o(.text)
    TIM_UpdateRequestConfig                  0x08009e91   Thumb Code    24  stm32f4xx_tim.o(.text)
    TIM_ARRPreloadConfig                     0x08009ea9   Thumb Code    24  stm32f4xx_tim.o(.text)
    TIM_SelectOnePulseMode                   0x08009ec1   Thumb Code    18  stm32f4xx_tim.o(.text)
    TIM_SetClockDivision                     0x08009ed3   Thumb Code    18  stm32f4xx_tim.o(.text)
    TIM_Cmd                                  0x08009ee5   Thumb Code    24  stm32f4xx_tim.o(.text)
    TIM_OC1Init                              0x08009efd   Thumb Code   114  stm32f4xx_tim.o(.text)
    TIM_OC2Init                              0x08009f6f   Thumb Code   154  stm32f4xx_tim.o(.text)
    TIM_OC3Init                              0x0800a009   Thumb Code   204  stm32f4xx_tim.o(.text)
    TIM_OC4Init                              0x0800a0d5   Thumb Code   112  stm32f4xx_tim.o(.text)
    TIM_OCStructInit                         0x0800a145   Thumb Code    20  stm32f4xx_tim.o(.text)
    TIM_SelectOCxM                           0x0800a159   Thumb Code    86  stm32f4xx_tim.o(.text)
    TIM_SetCompare1                          0x0800a1af   Thumb Code     4  stm32f4xx_tim.o(.text)
    TIM_SetCompare2                          0x0800a1b3   Thumb Code     4  stm32f4xx_tim.o(.text)
    TIM_SetCompare3                          0x0800a1b7   Thumb Code     4  stm32f4xx_tim.o(.text)
    TIM_SetCompare4                          0x0800a1bb   Thumb Code     4  stm32f4xx_tim.o(.text)
    TIM_ForcedOC1Config                      0x0800a1bf   Thumb Code    18  stm32f4xx_tim.o(.text)
    TIM_ForcedOC2Config                      0x0800a1d1   Thumb Code    26  stm32f4xx_tim.o(.text)
    TIM_ForcedOC3Config                      0x0800a1eb   Thumb Code    18  stm32f4xx_tim.o(.text)
    TIM_ForcedOC4Config                      0x0800a1fd   Thumb Code    26  stm32f4xx_tim.o(.text)
    TIM_OC1PreloadConfig                     0x0800a217   Thumb Code    18  stm32f4xx_tim.o(.text)
    TIM_OC2PreloadConfig                     0x0800a229   Thumb Code    26  stm32f4xx_tim.o(.text)
    TIM_OC3PreloadConfig                     0x0800a243   Thumb Code    18  stm32f4xx_tim.o(.text)
    TIM_OC4PreloadConfig                     0x0800a255   Thumb Code    26  stm32f4xx_tim.o(.text)
    TIM_OC1FastConfig                        0x0800a26f   Thumb Code    18  stm32f4xx_tim.o(.text)
    TIM_OC2FastConfig                        0x0800a281   Thumb Code    26  stm32f4xx_tim.o(.text)
    TIM_OC3FastConfig                        0x0800a29b   Thumb Code    18  stm32f4xx_tim.o(.text)
    TIM_OC4FastConfig                        0x0800a2ad   Thumb Code    26  stm32f4xx_tim.o(.text)
    TIM_ClearOC1Ref                          0x0800a2c7   Thumb Code    18  stm32f4xx_tim.o(.text)
    TIM_ClearOC2Ref                          0x0800a2d9   Thumb Code    24  stm32f4xx_tim.o(.text)
    TIM_ClearOC3Ref                          0x0800a2f1   Thumb Code    18  stm32f4xx_tim.o(.text)
    TIM_ClearOC4Ref                          0x0800a303   Thumb Code    24  stm32f4xx_tim.o(.text)
    TIM_OC1PolarityConfig                    0x0800a31b   Thumb Code    18  stm32f4xx_tim.o(.text)
    TIM_OC1NPolarityConfig                   0x0800a32d   Thumb Code    18  stm32f4xx_tim.o(.text)
    TIM_OC2PolarityConfig                    0x0800a33f   Thumb Code    26  stm32f4xx_tim.o(.text)
    TIM_OC2NPolarityConfig                   0x0800a359   Thumb Code    26  stm32f4xx_tim.o(.text)
    TIM_OC3PolarityConfig                    0x0800a373   Thumb Code    26  stm32f4xx_tim.o(.text)
    TIM_OC3NPolarityConfig                   0x0800a38d   Thumb Code    26  stm32f4xx_tim.o(.text)
    TIM_OC4PolarityConfig                    0x0800a3a7   Thumb Code    26  stm32f4xx_tim.o(.text)
    TIM_CCxCmd                               0x0800a3c1   Thumb Code    30  stm32f4xx_tim.o(.text)
    TIM_CCxNCmd                              0x0800a3df   Thumb Code    30  stm32f4xx_tim.o(.text)
    TIM_SetIC4Prescaler                      0x0800a3fd   Thumb Code    26  stm32f4xx_tim.o(.text)
    TIM_SetIC3Prescaler                      0x0800a467   Thumb Code    18  stm32f4xx_tim.o(.text)
    TIM_SetIC2Prescaler                      0x0800a4c1   Thumb Code    26  stm32f4xx_tim.o(.text)
    TIM_SetIC1Prescaler                      0x0800a535   Thumb Code    18  stm32f4xx_tim.o(.text)
    TIM_ICInit                               0x0800a581   Thumb Code   110  stm32f4xx_tim.o(.text)
    TIM_ICStructInit                         0x0800a5ef   Thumb Code    18  stm32f4xx_tim.o(.text)
    TIM_PWMIConfig                           0x0800a601   Thumb Code   124  stm32f4xx_tim.o(.text)
    TIM_GetCapture1                          0x0800a67d   Thumb Code     6  stm32f4xx_tim.o(.text)
    TIM_GetCapture2                          0x0800a683   Thumb Code     6  stm32f4xx_tim.o(.text)
    TIM_GetCapture3                          0x0800a689   Thumb Code     6  stm32f4xx_tim.o(.text)
    TIM_GetCapture4                          0x0800a68f   Thumb Code     6  stm32f4xx_tim.o(.text)
    TIM_BDTRConfig                           0x0800a695   Thumb Code    32  stm32f4xx_tim.o(.text)
    TIM_BDTRStructInit                       0x0800a6b5   Thumb Code    18  stm32f4xx_tim.o(.text)
    TIM_CtrlPWMOutputs                       0x0800a6c7   Thumb Code    30  stm32f4xx_tim.o(.text)
    TIM_SelectCOM                            0x0800a6e5   Thumb Code    24  stm32f4xx_tim.o(.text)
    TIM_CCPreloadControl                     0x0800a6fd   Thumb Code    24  stm32f4xx_tim.o(.text)
    TIM_ITConfig                             0x0800a715   Thumb Code    18  stm32f4xx_tim.o(.text)
    TIM_GenerateEvent                        0x0800a727   Thumb Code     4  stm32f4xx_tim.o(.text)
    TIM_GetFlagStatus                        0x0800a72b   Thumb Code    18  stm32f4xx_tim.o(.text)
    TIM_ClearFlag                            0x0800a73d   Thumb Code     6  stm32f4xx_tim.o(.text)
    TIM_GetITStatus                          0x0800a743   Thumb Code    34  stm32f4xx_tim.o(.text)
    TIM_ClearITPendingBit                    0x0800a765   Thumb Code     6  stm32f4xx_tim.o(.text)
    TIM_DMAConfig                            0x0800a76b   Thumb Code    10  stm32f4xx_tim.o(.text)
    TIM_DMACmd                               0x0800a775   Thumb Code    18  stm32f4xx_tim.o(.text)
    TIM_SelectCCDMA                          0x0800a787   Thumb Code    24  stm32f4xx_tim.o(.text)
    TIM_InternalClockConfig                  0x0800a79f   Thumb Code    12  stm32f4xx_tim.o(.text)
    TIM_SelectInputTrigger                   0x0800a7ab   Thumb Code    18  stm32f4xx_tim.o(.text)
    TIM_ITRxExternalClockConfig              0x0800a7bd   Thumb Code    24  stm32f4xx_tim.o(.text)
    TIM_TIxExternalClockConfig               0x0800a7d5   Thumb Code    62  stm32f4xx_tim.o(.text)
    TIM_ETRConfig                            0x0800a813   Thumb Code    28  stm32f4xx_tim.o(.text)
    TIM_ETRClockMode1Config                  0x0800a82f   Thumb Code    54  stm32f4xx_tim.o(.text)
    TIM_ETRClockMode2Config                  0x0800a865   Thumb Code    32  stm32f4xx_tim.o(.text)
    TIM_SelectOutputTrigger                  0x0800a885   Thumb Code    18  stm32f4xx_tim.o(.text)
    TIM_SelectSlaveMode                      0x0800a897   Thumb Code    18  stm32f4xx_tim.o(.text)
    TIM_SelectMasterSlaveMode                0x0800a8a9   Thumb Code    18  stm32f4xx_tim.o(.text)
    TIM_EncoderInterfaceConfig               0x0800a8bb   Thumb Code    66  stm32f4xx_tim.o(.text)
    TIM_SelectHallSensor                     0x0800a8fd   Thumb Code    24  stm32f4xx_tim.o(.text)
    TIM_RemapConfig                          0x0800a915   Thumb Code     6  stm32f4xx_tim.o(.text)
    USART_DeInit                             0x0800a91d   Thumb Code   156  stm32f4xx_usart.o(.text)
    USART_Init                               0x0800a9b9   Thumb Code   204  stm32f4xx_usart.o(.text)
    USART_StructInit                         0x0800aa85   Thumb Code    24  stm32f4xx_usart.o(.text)
    USART_ClockInit                          0x0800aa9d   Thumb Code    32  stm32f4xx_usart.o(.text)
    USART_ClockStructInit                    0x0800aabd   Thumb Code    12  stm32f4xx_usart.o(.text)
    USART_Cmd                                0x0800aac9   Thumb Code    24  stm32f4xx_usart.o(.text)
    USART_SetPrescaler                       0x0800aae1   Thumb Code    16  stm32f4xx_usart.o(.text)
    USART_OverSampling8Cmd                   0x0800aaf1   Thumb Code    22  stm32f4xx_usart.o(.text)
    USART_OneBitMethodCmd                    0x0800ab07   Thumb Code    24  stm32f4xx_usart.o(.text)
    USART_SendData                           0x0800ab1f   Thumb Code     8  stm32f4xx_usart.o(.text)
    USART_ReceiveData                        0x0800ab27   Thumb Code    10  stm32f4xx_usart.o(.text)
    USART_SetAddress                         0x0800ab31   Thumb Code    18  stm32f4xx_usart.o(.text)
    USART_ReceiverWakeUpCmd                  0x0800ab43   Thumb Code    24  stm32f4xx_usart.o(.text)
    USART_WakeUpConfig                       0x0800ab5b   Thumb Code    18  stm32f4xx_usart.o(.text)
    USART_LINBreakDetectLengthConfig         0x0800ab6d   Thumb Code    18  stm32f4xx_usart.o(.text)
    USART_LINCmd                             0x0800ab7f   Thumb Code    24  stm32f4xx_usart.o(.text)
    USART_SendBreak                          0x0800ab97   Thumb Code    10  stm32f4xx_usart.o(.text)
    USART_HalfDuplexCmd                      0x0800aba1   Thumb Code    24  stm32f4xx_usart.o(.text)
    USART_SetGuardTime                       0x0800abb9   Thumb Code    16  stm32f4xx_usart.o(.text)
    USART_SmartCardCmd                       0x0800abc9   Thumb Code    24  stm32f4xx_usart.o(.text)
    USART_SmartCardNACKCmd                   0x0800abe1   Thumb Code    24  stm32f4xx_usart.o(.text)
    USART_IrDAConfig                         0x0800abf9   Thumb Code    18  stm32f4xx_usart.o(.text)
    USART_IrDACmd                            0x0800ac0b   Thumb Code    24  stm32f4xx_usart.o(.text)
    USART_DMACmd                             0x0800ac23   Thumb Code    18  stm32f4xx_usart.o(.text)
    USART_ITConfig                           0x0800ac35   Thumb Code    74  stm32f4xx_usart.o(.text)
    USART_GetFlagStatus                      0x0800ac7f   Thumb Code    26  stm32f4xx_usart.o(.text)
    USART_ClearFlag                          0x0800ac99   Thumb Code    18  stm32f4xx_usart.o(.text)
    USART_GetITStatus                        0x0800acab   Thumb Code   110  stm32f4xx_usart.o(.text)
    USART_ClearITPendingBit                  0x0800ad19   Thumb Code    30  stm32f4xx_usart.o(.text)
    SYSCFG_DeInit                            0x0800ad39   Thumb Code    22  stm32f4xx_syscfg.o(.text)
    SYSCFG_MemoryRemapConfig                 0x0800ad4f   Thumb Code     6  stm32f4xx_syscfg.o(.text)
    SYSCFG_EXTILineConfig                    0x0800ad55   Thumb Code    66  stm32f4xx_syscfg.o(.text)
    SYSCFG_ETH_MediaInterfaceConfig          0x0800ad97   Thumb Code     6  stm32f4xx_syscfg.o(.text)
    SYSCFG_CompensationCellCmd               0x0800ad9d   Thumb Code     6  stm32f4xx_syscfg.o(.text)
    SYSCFG_GetCompensationCellStatus         0x0800ada3   Thumb Code    22  stm32f4xx_syscfg.o(.text)
    SystemInit                               0x0800aea1   Thumb Code    88  system_stm32f4xx.o(.text)
    SystemCoreClockUpdate                    0x0800aef9   Thumb Code   174  system_stm32f4xx.o(.text)
    Reset_Handler                            0x0800afd5   Thumb Code     8  startup_stm32f4xx.o(.text)
    SVC_Handler                              0x0800afe7   Thumb Code     2  startup_stm32f4xx.o(.text)
    PendSV_Handler                           0x0800afeb   Thumb Code     2  startup_stm32f4xx.o(.text)
    SysTick_Handler                          0x0800afed   Thumb Code     2  startup_stm32f4xx.o(.text)
    ADC_IRQHandler                           0x0800afef   Thumb Code     0  startup_stm32f4xx.o(.text)
    CAN1_SCE_IRQHandler                      0x0800afef   Thumb Code     0  startup_stm32f4xx.o(.text)
    CAN2_SCE_IRQHandler                      0x0800afef   Thumb Code     0  startup_stm32f4xx.o(.text)
    CRYP_IRQHandler                          0x0800afef   Thumb Code     0  startup_stm32f4xx.o(.text)
    DCMI_IRQHandler                          0x0800afef   Thumb Code     0  startup_stm32f4xx.o(.text)
    DMA1_Stream0_IRQHandler                  0x0800afef   Thumb Code     0  startup_stm32f4xx.o(.text)
    DMA1_Stream5_IRQHandler                  0x0800afef   Thumb Code     0  startup_stm32f4xx.o(.text)
    DMA1_Stream6_IRQHandler                  0x0800afef   Thumb Code     0  startup_stm32f4xx.o(.text)
    DMA2_Stream0_IRQHandler                  0x0800afef   Thumb Code     0  startup_stm32f4xx.o(.text)
    DMA2_Stream3_IRQHandler                  0x0800afef   Thumb Code     0  startup_stm32f4xx.o(.text)
    DMA2_Stream4_IRQHandler                  0x0800afef   Thumb Code     0  startup_stm32f4xx.o(.text)
    DMA2_Stream5_IRQHandler                  0x0800afef   Thumb Code     0  startup_stm32f4xx.o(.text)
    ETH_IRQHandler                           0x0800afef   Thumb Code     0  startup_stm32f4xx.o(.text)
    ETH_WKUP_IRQHandler                      0x0800afef   Thumb Code     0  startup_stm32f4xx.o(.text)
    EXTI0_IRQHandler                         0x0800afef   Thumb Code     0  startup_stm32f4xx.o(.text)
    EXTI15_10_IRQHandler                     0x0800afef   Thumb Code     0  startup_stm32f4xx.o(.text)
    EXTI1_IRQHandler                         0x0800afef   Thumb Code     0  startup_stm32f4xx.o(.text)
    EXTI2_IRQHandler                         0x0800afef   Thumb Code     0  startup_stm32f4xx.o(.text)
    EXTI4_IRQHandler                         0x0800afef   Thumb Code     0  startup_stm32f4xx.o(.text)
    EXTI9_5_IRQHandler                       0x0800afef   Thumb Code     0  startup_stm32f4xx.o(.text)
    FLASH_IRQHandler                         0x0800afef   Thumb Code     0  startup_stm32f4xx.o(.text)
    FPU_IRQHandler                           0x0800afef   Thumb Code     0  startup_stm32f4xx.o(.text)
    FSMC_IRQHandler                          0x0800afef   Thumb Code     0  startup_stm32f4xx.o(.text)
    HASH_RNG_IRQHandler                      0x0800afef   Thumb Code     0  startup_stm32f4xx.o(.text)
    I2C1_ER_IRQHandler                       0x0800afef   Thumb Code     0  startup_stm32f4xx.o(.text)
    I2C1_EV_IRQHandler                       0x0800afef   Thumb Code     0  startup_stm32f4xx.o(.text)
    I2C2_ER_IRQHandler                       0x0800afef   Thumb Code     0  startup_stm32f4xx.o(.text)
    I2C2_EV_IRQHandler                       0x0800afef   Thumb Code     0  startup_stm32f4xx.o(.text)
    I2C3_ER_IRQHandler                       0x0800afef   Thumb Code     0  startup_stm32f4xx.o(.text)
    I2C3_EV_IRQHandler                       0x0800afef   Thumb Code     0  startup_stm32f4xx.o(.text)
    OTG_FS_IRQHandler                        0x0800afef   Thumb Code     0  startup_stm32f4xx.o(.text)
    OTG_FS_WKUP_IRQHandler                   0x0800afef   Thumb Code     0  startup_stm32f4xx.o(.text)
    OTG_HS_EP1_IN_IRQHandler                 0x0800afef   Thumb Code     0  startup_stm32f4xx.o(.text)
    OTG_HS_EP1_OUT_IRQHandler                0x0800afef   Thumb Code     0  startup_stm32f4xx.o(.text)
    OTG_HS_IRQHandler                        0x0800afef   Thumb Code     0  startup_stm32f4xx.o(.text)
    OTG_HS_WKUP_IRQHandler                   0x0800afef   Thumb Code     0  startup_stm32f4xx.o(.text)
    PVD_IRQHandler                           0x0800afef   Thumb Code     0  startup_stm32f4xx.o(.text)
    RCC_IRQHandler                           0x0800afef   Thumb Code     0  startup_stm32f4xx.o(.text)
    RTC_Alarm_IRQHandler                     0x0800afef   Thumb Code     0  startup_stm32f4xx.o(.text)
    RTC_WKUP_IRQHandler                      0x0800afef   Thumb Code     0  startup_stm32f4xx.o(.text)
    SDIO_IRQHandler                          0x0800afef   Thumb Code     0  startup_stm32f4xx.o(.text)
    SPI1_IRQHandler                          0x0800afef   Thumb Code     0  startup_stm32f4xx.o(.text)
    SPI2_IRQHandler                          0x0800afef   Thumb Code     0  startup_stm32f4xx.o(.text)
    SPI3_IRQHandler                          0x0800afef   Thumb Code     0  startup_stm32f4xx.o(.text)
    TAMP_STAMP_IRQHandler                    0x0800afef   Thumb Code     0  startup_stm32f4xx.o(.text)
    TIM1_BRK_TIM9_IRQHandler                 0x0800afef   Thumb Code     0  startup_stm32f4xx.o(.text)
    TIM1_CC_IRQHandler                       0x0800afef   Thumb Code     0  startup_stm32f4xx.o(.text)
    TIM1_TRG_COM_TIM11_IRQHandler            0x0800afef   Thumb Code     0  startup_stm32f4xx.o(.text)
    TIM1_UP_TIM10_IRQHandler                 0x0800afef   Thumb Code     0  startup_stm32f4xx.o(.text)
    TIM2_IRQHandler                          0x0800afef   Thumb Code     0  startup_stm32f4xx.o(.text)
    TIM3_IRQHandler                          0x0800afef   Thumb Code     0  startup_stm32f4xx.o(.text)
    TIM4_IRQHandler                          0x0800afef   Thumb Code     0  startup_stm32f4xx.o(.text)
    TIM6_DAC_IRQHandler                      0x0800afef   Thumb Code     0  startup_stm32f4xx.o(.text)
    TIM7_IRQHandler                          0x0800afef   Thumb Code     0  startup_stm32f4xx.o(.text)
    TIM8_BRK_TIM12_IRQHandler                0x0800afef   Thumb Code     0  startup_stm32f4xx.o(.text)
    TIM8_CC_IRQHandler                       0x0800afef   Thumb Code     0  startup_stm32f4xx.o(.text)
    TIM8_TRG_COM_TIM14_IRQHandler            0x0800afef   Thumb Code     0  startup_stm32f4xx.o(.text)
    TIM8_UP_TIM13_IRQHandler                 0x0800afef   Thumb Code     0  startup_stm32f4xx.o(.text)
    WWDG_IRQHandler                          0x0800afef   Thumb Code     0  startup_stm32f4xx.o(.text)
    __user_initial_stackheap                 0x0800aff1   Thumb Code     0  startup_stm32f4xx.o(.text)
    __use_no_semihosting                     0x0800b015   Thumb Code     2  use_no_semi_2.o(.text)
    __aeabi_uldivmod                         0x0800b017   Thumb Code     0  lludivv7m.o(.text)
    _ll_udiv                                 0x0800b017   Thumb Code   238  lludivv7m.o(.text)
    vsprintf                                 0x0800b105   Thumb Code    32  vsprintf.o(.text)
    strstr                                   0x0800b129   Thumb Code    36  strstr.o(.text)
    strlen                                   0x0800b14d   Thumb Code    62  strlen.o(.text)
    __aeabi_memclr4                          0x0800b18b   Thumb Code     0  rt_memclr_w.o(.text)
    __aeabi_memclr8                          0x0800b18b   Thumb Code     0  rt_memclr_w.o(.text)
    __rt_memclr_w                            0x0800b18b   Thumb Code    78  rt_memclr_w.o(.text)
    _memset_w                                0x0800b18f   Thumb Code     0  rt_memclr_w.o(.text)
    __use_two_region_memory                  0x0800b1d9   Thumb Code     2  heapauxi.o(.text)
    __rt_heap_escrow$2region                 0x0800b1db   Thumb Code     2  heapauxi.o(.text)
    __rt_heap_expand$2region                 0x0800b1dd   Thumb Code     2  heapauxi.o(.text)
    __I$use$semihosting                      0x0800b1df   Thumb Code     0  use_no_semi.o(.text)
    __use_no_semihosting_swi                 0x0800b1df   Thumb Code     2  use_no_semi.o(.text)
    __read_errno                             0x0800b1e1   Thumb Code    10  _rserrno.o(.text)
    __set_errno                              0x0800b1eb   Thumb Code    12  _rserrno.o(.text)
    _printf_pre_padding                      0x0800b1f7   Thumb Code    44  _printf_pad.o(.text)
    _printf_post_padding                     0x0800b223   Thumb Code    34  _printf_pad.o(.text)
    _printf_truncate_signed                  0x0800b245   Thumb Code    18  _printf_truncate.o(.text)
    _printf_truncate_unsigned                0x0800b257   Thumb Code    18  _printf_truncate.o(.text)
    _printf_str                              0x0800b269   Thumb Code    82  _printf_str.o(.text)
    _printf_int_dec                          0x0800b2bd   Thumb Code   104  _printf_dec.o(.text)
    _printf_charcount                        0x0800b335   Thumb Code    40  _printf_charcount.o(.text)
    _printf_char_common                      0x0800b367   Thumb Code    32  _printf_char_common.o(.text)
    _sputc                                   0x0800b38d   Thumb Code    10  _sputc.o(.text)
    _printf_wctomb                           0x0800b399   Thumb Code   182  _printf_wctomb.o(.text)
    _printf_longlong_dec                     0x0800b455   Thumb Code   108  _printf_longlong_dec.o(.text)
    _printf_longlong_oct                     0x0800b4d1   Thumb Code    66  _printf_oct_int_ll.o(.text)
    _printf_int_oct                          0x0800b513   Thumb Code    24  _printf_oct_int_ll.o(.text)
    _printf_ll_oct                           0x0800b52b   Thumb Code    12  _printf_oct_int_ll.o(.text)
    _printf_longlong_hex                     0x0800b541   Thumb Code    86  _printf_hex_int_ll_ptr.o(.text)
    _printf_int_hex                          0x0800b597   Thumb Code    28  _printf_hex_int_ll_ptr.o(.text)
    _printf_ll_hex                           0x0800b5b3   Thumb Code    12  _printf_hex_int_ll_ptr.o(.text)
    _printf_hex_ptr                          0x0800b5bf   Thumb Code    18  _printf_hex_int_ll_ptr.o(.text)
    __printf                                 0x0800b5d5   Thumb Code   388  __printf_flags_ss_wp.o(.text)
    __aeabi_errno_addr                       0x0800b75d   Thumb Code     8  rt_errno_addr_intlibspace.o(.text)
    __errno$intlibspace                      0x0800b75d   Thumb Code     0  rt_errno_addr_intlibspace.o(.text)
    __rt_errno_addr$intlibspace              0x0800b75d   Thumb Code     0  rt_errno_addr_intlibspace.o(.text)
    _ll_udiv10                               0x0800b765   Thumb Code   138  lludiv10.o(.text)
    _printf_int_common                       0x0800b7ef   Thumb Code   178  _printf_intcommon.o(.text)
    __lib_sel_fp_printf                      0x0800b8a1   Thumb Code     2  _printf_fp_dec.o(.text)
    _printf_fp_dec_real                      0x0800ba53   Thumb Code   620  _printf_fp_dec.o(.text)
    _printf_fp_hex_real                      0x0800bcc1   Thumb Code   756  _printf_fp_hex.o(.text)
    _printf_cs_common                        0x0800bfbd   Thumb Code    20  _printf_char.o(.text)
    _printf_char                             0x0800bfd1   Thumb Code    16  _printf_char.o(.text)
    _printf_string                           0x0800bfe1   Thumb Code     8  _printf_char.o(.text)
    _printf_lcs_common                       0x0800bfe9   Thumb Code    20  _printf_wchar.o(.text)
    _printf_wchar                            0x0800bffd   Thumb Code    16  _printf_wchar.o(.text)
    _printf_wstring                          0x0800c00d   Thumb Code     8  _printf_wchar.o(.text)
    _wcrtomb                                 0x0800c015   Thumb Code    64  _wcrtomb.o(.text)
    __user_libspace                          0x0800c055   Thumb Code     8  libspace.o(.text)
    __user_perproc_libspace                  0x0800c055   Thumb Code     0  libspace.o(.text)
    __user_perthread_libspace                0x0800c055   Thumb Code     0  libspace.o(.text)
    __user_setup_stackheap                   0x0800c05d   Thumb Code    74  sys_stackheap_outer.o(.text)
    __rt_ctype_table                         0x0800c0a9   Thumb Code    16  rt_ctype_table.o(.text)
    __rt_locale                              0x0800c0b9   Thumb Code     8  rt_locale_intlibspace.o(.text)
    _printf_fp_infnan                        0x0800c0c1   Thumb Code   112  _printf_fp_infnan.o(.text)
    _btod_etento                             0x0800c141   Thumb Code   224  bigflt0.o(.text)
    exit                                     0x0800c225   Thumb Code    18  exit.o(.text)
    strcmp                                   0x0800c239   Thumb Code   128  strcmpv7m.o(.text)
    _btod_d2e                                0x0800c2b9   Thumb Code    62  btod.o(CL$$btod_d2e)
    _d2e_denorm_low                          0x0800c2f7   Thumb Code    70  btod.o(CL$$btod_d2e_denorm_low)
    _d2e_norm_op1                            0x0800c33d   Thumb Code    96  btod.o(CL$$btod_d2e_norm_op1)
    __btod_div_common                        0x0800c39d   Thumb Code   696  btod.o(CL$$btod_div_common)
    _e2e                                     0x0800c6d5   Thumb Code   220  btod.o(CL$$btod_e2e)
    _btod_ediv                               0x0800c7b1   Thumb Code    42  btod.o(CL$$btod_ediv)
    _btod_emul                               0x0800c7db   Thumb Code    42  btod.o(CL$$btod_emul)
    __btod_mult_common                       0x0800c805   Thumb Code   580  btod.o(CL$$btod_mult_common)
    __ARM_fpclassify                         0x0800ca49   Thumb Code    48  fpclassify.o(i.__ARM_fpclassify)
    __ARM_fpclassifyf                        0x0800ca79   Thumb Code    38  fpclassifyf.o(i.__ARM_fpclassifyf)
    __hardfp_atan                            0x0800caa1   Thumb Code   622  atan.o(i.__hardfp_atan)
    __hardfp_atan2                           0x0800cd79   Thumb Code   432  atan2.o(i.__hardfp_atan2)
    __hardfp_cos                             0x0800cf69   Thumb Code   180  cos.o(i.__hardfp_cos)
    __hardfp_cosf                            0x0800d031   Thumb Code   280  cosf.o(i.__hardfp_cosf)
    __hardfp_fmod                            0x0800d181   Thumb Code   254  fmod.o(i.__hardfp_fmod)
    __hardfp_pow                             0x0800d289   Thumb Code  3072  pow.o(i.__hardfp_pow)
    __hardfp_powf                            0x0800ded9   Thumb Code  1606  powf.o(i.__hardfp_powf)
    __mathlib_powf                           0x0800ded9   Thumb Code     0  powf.o(i.__hardfp_powf)
    __hardfp_sin                             0x0800e541   Thumb Code   180  sin.o(i.__hardfp_sin)
    __hardfp_sinf                            0x0800e609   Thumb Code   344  sinf.o(i.__hardfp_sinf)
    __hardfp_sqrt                            0x0800e799   Thumb Code   122  sqrt.o(i.__hardfp_sqrt)
    __hardfp_sqrtf                           0x0800e813   Thumb Code    58  sqrtf.o(i.__hardfp_sqrtf)
    __ieee754_rem_pio2                       0x0800e851   Thumb Code   938  rred.o(i.__ieee754_rem_pio2)
    __kernel_cos                             0x0800ec89   Thumb Code   322  cos_i.o(i.__kernel_cos)
    __kernel_poly                            0x0800edf9   Thumb Code   248  poly.o(i.__kernel_poly)
    __kernel_sin                             0x0800eef1   Thumb Code   280  sin_i.o(i.__kernel_sin)
    __mathlib_dbl_divzero                    0x0800f021   Thumb Code    28  dunder.o(i.__mathlib_dbl_divzero)
    __mathlib_dbl_infnan                     0x0800f051   Thumb Code    20  dunder.o(i.__mathlib_dbl_infnan)
    __mathlib_dbl_infnan2                    0x0800f065   Thumb Code    20  dunder.o(i.__mathlib_dbl_infnan2)
    __mathlib_dbl_invalid                    0x0800f079   Thumb Code    24  dunder.o(i.__mathlib_dbl_invalid)
    __mathlib_dbl_overflow                   0x0800f099   Thumb Code    24  dunder.o(i.__mathlib_dbl_overflow)
    __mathlib_dbl_underflow                  0x0800f0b9   Thumb Code    24  dunder.o(i.__mathlib_dbl_underflow)
    __mathlib_flt_divzero                    0x0800f0d9   Thumb Code    14  funder.o(i.__mathlib_flt_divzero)
    __mathlib_flt_infnan                     0x0800f0ed   Thumb Code     6  funder.o(i.__mathlib_flt_infnan)
    __mathlib_flt_infnan2                    0x0800f0f3   Thumb Code     6  funder.o(i.__mathlib_flt_infnan2)
    __mathlib_flt_invalid                    0x0800f0f9   Thumb Code    10  funder.o(i.__mathlib_flt_invalid)
    __mathlib_flt_overflow                   0x0800f109   Thumb Code    10  funder.o(i.__mathlib_flt_overflow)
    __mathlib_flt_underflow                  0x0800f119   Thumb Code    10  funder.o(i.__mathlib_flt_underflow)
    __mathlib_rredf2                         0x0800f129   Thumb Code   316  rredf.o(i.__mathlib_rredf2)
    _is_digit                                0x0800f27d   Thumb Code    14  __printf_wp.o(i._is_digit)
    atan                                     0x0800f28b   Thumb Code    16  atan.o(i.atan)
    fabs                                     0x0800f29b   Thumb Code    24  fabs.o(i.fabs)
    sqrt                                     0x0800f2b3   Thumb Code   110  sqrt.o(i.sqrt)
    _get_lc_numeric                          0x0800f321   Thumb Code    44  lc_numeric_c.o(locale$$code)
    _get_lc_ctype                            0x0800f34d   Thumb Code    44  lc_ctype_c.o(locale$$code)
    __aeabi_dneg                             0x0800f379   Thumb Code     0  basic.o(x$fpl$basic)
    _dneg                                    0x0800f379   Thumb Code     6  basic.o(x$fpl$basic)
    __aeabi_fneg                             0x0800f37f   Thumb Code     0  basic.o(x$fpl$basic)
    _fneg                                    0x0800f37f   Thumb Code     6  basic.o(x$fpl$basic)
    _dabs                                    0x0800f385   Thumb Code     6  basic.o(x$fpl$basic)
    _fabs                                    0x0800f38b   Thumb Code     6  basic.o(x$fpl$basic)
    __aeabi_d2f                              0x0800f391   Thumb Code     0  d2f.o(x$fpl$d2f)
    _d2f                                     0x0800f391   Thumb Code    98  d2f.o(x$fpl$d2f)
    __aeabi_dadd                             0x0800f3f5   Thumb Code     0  daddsub_clz.o(x$fpl$dadd)
    _dadd                                    0x0800f3f5   Thumb Code   332  daddsub_clz.o(x$fpl$dadd)
    __fpl_dcheck_NaN1                        0x0800f545   Thumb Code    10  dcheck1.o(x$fpl$dcheck1)
    __fpl_dcmp_Inf                           0x0800f555   Thumb Code    24  dcmpi.o(x$fpl$dcmpinf)
    __aeabi_ddiv                             0x0800f56d   Thumb Code     0  ddiv.o(x$fpl$ddiv)
    _ddiv                                    0x0800f56d   Thumb Code   552  ddiv.o(x$fpl$ddiv)
    __aeabi_d2iz                             0x0800f81d   Thumb Code     0  dfix.o(x$fpl$dfix)
    _dfix                                    0x0800f81d   Thumb Code    94  dfix.o(x$fpl$dfix)
    __aeabi_i2d                              0x0800f87b   Thumb Code     0  dflt_clz.o(x$fpl$dflt)
    _dflt                                    0x0800f87b   Thumb Code    46  dflt_clz.o(x$fpl$dflt)
    __aeabi_ui2d                             0x0800f8a9   Thumb Code     0  dflt_clz.o(x$fpl$dfltu)
    _dfltu                                   0x0800f8a9   Thumb Code    38  dflt_clz.o(x$fpl$dfltu)
    __aeabi_cdcmple                          0x0800f8d1   Thumb Code     0  dleqf.o(x$fpl$dleqf)
    _dcmple                                  0x0800f8d1   Thumb Code   120  dleqf.o(x$fpl$dleqf)
    __fpl_dcmple_InfNaN                      0x0800f933   Thumb Code     0  dleqf.o(x$fpl$dleqf)
    __aeabi_dmul                             0x0800f949   Thumb Code     0  dmul.o(x$fpl$dmul)
    _dmul                                    0x0800f949   Thumb Code   332  dmul.o(x$fpl$dmul)
    __fpl_dnaninf                            0x0800fa9d   Thumb Code   156  dnaninf.o(x$fpl$dnaninf)
    _drem                                    0x0800fb39   Thumb Code   328  drem_clz.o(x$fpl$drem)
    __fpl_dretinf                            0x0800fc89   Thumb Code    12  dretinf.o(x$fpl$dretinf)
    __aeabi_cdrcmple                         0x0800fc95   Thumb Code     0  drleqf.o(x$fpl$drleqf)
    _drcmple                                 0x0800fc95   Thumb Code   108  drleqf.o(x$fpl$drleqf)
    __aeabi_drsub                            0x0800fd01   Thumb Code     0  daddsub_clz.o(x$fpl$drsb)
    _drsb                                    0x0800fd01   Thumb Code    22  daddsub_clz.o(x$fpl$drsb)
    _dsqrt                                   0x0800fd19   Thumb Code   404  dsqrt_umaal.o(x$fpl$dsqrt)
    __aeabi_dsub                             0x0800feb1   Thumb Code     0  daddsub_clz.o(x$fpl$dsub)
    _dsub                                    0x0800feb1   Thumb Code   464  daddsub_clz.o(x$fpl$dsub)
    __aeabi_f2d                              0x08010085   Thumb Code     0  f2d.o(x$fpl$f2d)
    _f2d                                     0x08010085   Thumb Code    86  f2d.o(x$fpl$f2d)
    __fpl_fnaninf                            0x080100db   Thumb Code   140  fnaninf.o(x$fpl$fnaninf)
    _fp_init                                 0x08010167   Thumb Code    10  fpinit.o(x$fpl$fpinit)
    __fplib_config_fpu_vfp                   0x0801016f   Thumb Code     0  fpinit.o(x$fpl$fpinit)
    __fplib_config_pureend_doubles           0x0801016f   Thumb Code     0  fpinit.o(x$fpl$fpinit)
    __fpl_fretinf                            0x08010171   Thumb Code    10  fretinf.o(x$fpl$fretinf)
    __aeabi_d2ulz                            0x0801017d   Thumb Code     0  dfixull.o(x$fpl$llufromd)
    _ll_ufrom_d                              0x0801017d   Thumb Code   120  dfixull.o(x$fpl$llufromd)
    _printf_fp_dec                           0x080101f5   Thumb Code     4  printf1.o(x$fpl$printf1)
    _printf_fp_hex                           0x080101f9   Thumb Code     4  printf2.o(x$fpl$printf2)
    __fpl_return_NaN                         0x080101fd   Thumb Code   100  retnan.o(x$fpl$retnan)
    __ARM_scalbn                             0x08010261   Thumb Code    92  scalbn.o(x$fpl$scalbn)
    __fpl_cmpreturn                          0x080102bd   Thumb Code    48  trapv.o(x$fpl$trapveneer)
    CRC8Table                                0x080102ec   Data         256  crc8.o(.constdata)
    __I$use$fp                               0x080102ec   Number         0  usenofp.o(x$fpl$usenofp)
    __mathlib_zero                           0x080106c8   Data           8  qnan.o(.constdata)
    Region$$Table$$Base                      0x08010910   Number         0  anon$$obj.o(Region$$Table)
    Region$$Table$$Limit                     0x08010930   Number         0  anon$$obj.o(Region$$Table)
    __ctype                                  0x08010959   Data           0  lc_ctype_c.o(locale$$data)
    AGV_CMD                                  0x20000002   Data           5  comunication.o(.data)
    g_release_flag                           0x2000000c   Data           1  control.o(.data)
    g_agv_arm_flag                           0x2000000d   Data           1  control.o(.data)
    g_pick_state                             0x2000000e   Data           1  control.o(.data)
    g_dragonfish_flag                        0x2000000f   Data           1  control.o(.data)
    g_agv_work_mode                          0x20000010   Data           1  control.o(.data)
    g_agv_task_state                         0x20000011   Data           1  control.o(.data)
    g_rgb_cmd                                0x20000012   Data           1  control.o(.data)
    T_Plane                                  0x20000013   Data           4  control.o(.data)
    g_cvrtk_findplane_state                  0x20000027   Data           1  control.o(.data)
    g_cvrtk_findplane_flag                   0x20000028   Data           1  control.o(.data)
    g_find_blackline_state                   0x20000029   Data           1  control.o(.data)
    g_find_blackline_flag                    0x2000002a   Data           1  control.o(.data)
    usart1_dma_tx_len                        0x2000004e   Data           2  bsp_usart.o(.data)
    can2_tx_success_flag                     0x20000057   Data           1  can2.o(.data)
    Eject                                    0x20000058   Data           6  can2.o(.data)
    s_screw_cnt                              0x20000060   Data           4  pwm.o(.data)
    Task_timer_flag                          0x20000064   Data           1  pwm.o(.data)
    timer_cnt                                0x20000065   Data           1  pwm.o(.data)
    speed                                    0x20000066   Data           2  pwm.o(.data)
    g_cantxquene_index                       0x20000068   Data           1  pwm.o(.data)
    Channel_0                                0x2000006a   Data           2  dr16.o(.data)
    Channel_1                                0x2000006c   Data           2  dr16.o(.data)
    Channel_2                                0x2000006e   Data           2  dr16.o(.data)
    Channel_3                                0x20000070   Data           2  dr16.o(.data)
    rc_data_flag                             0x20000072   Data           1  dr16.o(.data)
    rc_data_count                            0x20000073   Data           1  dr16.o(.data)
    left_Switch                              0x20000074   Data           2  dr16.o(.data)
    left_Wheel                               0x20000076   Data           2  dr16.o(.data)
    right_Switch                             0x20000078   Data           2  dr16.o(.data)
    right_Wheel                              0x2000007a   Data           2  dr16.o(.data)
    last_right_Wheel                         0x2000007c   Data           2  dr16.o(.data)
    Rev                                      0x2000007e   Data           1  dr16.o(.data)
    revnum                                   0x2000007f   Data           1  dr16.o(.data)
    headflag                                 0x20000080   Data           1  dr16.o(.data)
    tailflag                                 0x20000081   Data           1  dr16.o(.data)
    __stdout                                 0x20000084   Data           4  usart.o(.data)
    usart3_dma_tx_flag                       0x20000088   Data           1  usart.o(.data)
    usart3_dmarx_len                         0x2000008a   Data           2  usart.o(.data)
    usart4_dma_len                           0x2000008c   Data           1  usart.o(.data)
    usart4_dma_tx_flag                       0x2000008d   Data           1  usart.o(.data)
    usart5_dma_tx_flag                       0x2000008e   Data           1  usart.o(.data)
    usart5_dma_tx_len                        0x2000008f   Data           1  usart.o(.data)
    usart6_dma_tx_len                        0x20000090   Data           2  usart.o(.data)
    usart6_dma_tx_flag                       0x20000092   Data           1  usart.o(.data)
    motor1_speed                             0x20000094   Data           2  zl5servo.o(.data)
    motor2_speed                             0x20000096   Data           2  zl5servo.o(.data)
    motor3_speed                             0x20000098   Data           2  zl5servo.o(.data)
    motor4_speed                             0x2000009a   Data           2  zl5servo.o(.data)
    omgset_pos1                              0x2000009c   Data           4  zl5servo.o(.data)
    omgset_pos2                              0x200000a0   Data           4  zl5servo.o(.data)
    omgset_pos3                              0x200000a4   Data           4  zl5servo.o(.data)
    omgset_pos4                              0x200000a8   Data           4  zl5servo.o(.data)
    UDMotor0_Sp                              0x200000ac   Data           2  pickplane.o(.data)
    UDMotor1_Sp                              0x200000ae   Data           2  pickplane.o(.data)
    PPMotor0_Sp                              0x200000b0   Data           2  pickplane.o(.data)
    PPMotor1_Sp                              0x200000b2   Data           2  pickplane.o(.data)
    CAMotor0_Sp                              0x200000b4   Data           2  pickplane.o(.data)
    CAMotor1_Sp                              0x200000b6   Data           2  pickplane.o(.data)
    T_hmcf                                   0x200000b8   Data           4  hmcsensor.o(.data)
    T_hmcb                                   0x200000bc   Data           4  hmcsensor.o(.data)
    Linef                                    0x200000c0   Data          20  hmcsensor.o(.data)
    Lineb                                    0x200000d4   Data          20  hmcsensor.o(.data)
    SystemCoreClock                          0x20000120   Data           4  system_stm32f4xx.o(.data)
    AHBPrescTable                            0x20000124   Data          16  system_stm32f4xx.o(.data)
    CV                                       0x20000134   Data          28  comunication.o(.bss)
    Pos                                      0x20000150   Data          52  postion.o(.bss)
    USART1_RX_BUF                            0x20000188   Data         128  bsp_usart.o(.bss)
    USART1_TX_BUF                            0x20000208   Data         256  bsp_usart.o(.bss)
    sbus_rx_buffer                           0x20000308   Data          25  dr16.o(.bss)
    USART3_TX_BUF                            0x20000328   Data         128  usart.o(.bss)
    USART3_RX_BUF                            0x200003a8   Data         256  usart.o(.bss)
    USART4_TX_BUF                            0x200004a8   Data         128  usart.o(.bss)
    USART4_RX_BUF                            0x20000528   Data         128  usart.o(.bss)
    USART5_RX_BUF                            0x200005a8   Data         128  usart.o(.bss)
    USART5_TX_BUF                            0x20000628   Data         256  usart.o(.bss)
    USART6_TX_BUF                            0x20000728   Data         128  usart.o(.bss)
    USART6_RX_BUF                            0x200007a8   Data         128  usart.o(.bss)
    Battery_Msg                              0x20000828   Data          16  bms.o(.bss)
    gpsx                                     0x20000838   Data         231  gps.o(.bss)
    agvrtk                                   0x20000920   Data          48  gps.o(.bss)
    drgrtk                                   0x20000950   Data          48  gps.o(.bss)
    __libspace_start                         0x20000980   Data          96  libspace.o(.bss)
    __temporary_stack_top$libspace           0x200009e0   Data           0  libspace.o(.bss)



==============================================================================

Memory Map of the image

  Image Entry point : 0x08000189

  Load Region LR_IROM1 (Base: 0x08000000, Size: 0x00010b90, Max: 0x00080000, ABSOLUTE, COMPRESSED[0x00010a90])

    Execution Region ER_IROM1 (Exec base: 0x08000000, Load base: 0x08000000, Size: 0x00010a5c, Max: 0x00080000, ABSOLUTE)

    Exec Addr    Load Addr    Size         Type   Attr      Idx    E Section Name        Object

    0x08000000   0x08000000   0x00000188   Data   RO         1223    RESET               startup_stm32f4xx.o
    0x08000188   0x08000188   0x00000008   Code   RO         1244  * !!!main             c_w.l(__main.o)
    0x08000190   0x08000190   0x00000034   Code   RO         1834    !!!scatter          c_w.l(__scatter.o)
    0x080001c4   0x080001c4   0x0000005a   Code   RO         1832    !!dczerorl2         c_w.l(__dczerorl2.o)
    0x0800021e   0x0800021e   0x00000002   PAD
    0x08000220   0x08000220   0x0000001c   Code   RO         1836    !!handler_zi        c_w.l(__scatter_zi.o)
    0x0800023c   0x0800023c   0x00000000   Code   RO         1496    .ARM.Collect$$_printf_percent$$00000000  c_w.l(_printf_percent.o)
    0x0800023c   0x0800023c   0x00000006   Code   RO         1485    .ARM.Collect$$_printf_percent$$00000001  c_w.l(_printf_n.o)
    0x08000242   0x08000242   0x00000006   Code   RO         1487    .ARM.Collect$$_printf_percent$$00000002  c_w.l(_printf_p.o)
    0x08000248   0x08000248   0x00000006   Code   RO         1492    .ARM.Collect$$_printf_percent$$00000003  c_w.l(_printf_f.o)
    0x0800024e   0x0800024e   0x00000006   Code   RO         1493    .ARM.Collect$$_printf_percent$$00000004  c_w.l(_printf_e.o)
    0x08000254   0x08000254   0x00000006   Code   RO         1494    .ARM.Collect$$_printf_percent$$00000005  c_w.l(_printf_g.o)
    0x0800025a   0x0800025a   0x00000006   Code   RO         1495    .ARM.Collect$$_printf_percent$$00000006  c_w.l(_printf_a.o)
    0x08000260   0x08000260   0x0000000a   Code   RO         1500    .ARM.Collect$$_printf_percent$$00000007  c_w.l(_printf_ll.o)
    0x0800026a   0x0800026a   0x00000006   Code   RO         1489    .ARM.Collect$$_printf_percent$$00000008  c_w.l(_printf_i.o)
    0x08000270   0x08000270   0x00000006   Code   RO         1490    .ARM.Collect$$_printf_percent$$00000009  c_w.l(_printf_d.o)
    0x08000276   0x08000276   0x00000006   Code   RO         1491    .ARM.Collect$$_printf_percent$$0000000A  c_w.l(_printf_u.o)
    0x0800027c   0x0800027c   0x00000006   Code   RO         1488    .ARM.Collect$$_printf_percent$$0000000B  c_w.l(_printf_o.o)
    0x08000282   0x08000282   0x00000006   Code   RO         1486    .ARM.Collect$$_printf_percent$$0000000C  c_w.l(_printf_x.o)
    0x08000288   0x08000288   0x00000006   Code   RO         1497    .ARM.Collect$$_printf_percent$$0000000D  c_w.l(_printf_lli.o)
    0x0800028e   0x0800028e   0x00000006   Code   RO         1498    .ARM.Collect$$_printf_percent$$0000000E  c_w.l(_printf_lld.o)
    0x08000294   0x08000294   0x00000006   Code   RO         1499    .ARM.Collect$$_printf_percent$$0000000F  c_w.l(_printf_llu.o)
    0x0800029a   0x0800029a   0x00000006   Code   RO         1504    .ARM.Collect$$_printf_percent$$00000010  c_w.l(_printf_llo.o)
    0x080002a0   0x080002a0   0x00000006   Code   RO         1505    .ARM.Collect$$_printf_percent$$00000011  c_w.l(_printf_llx.o)
    0x080002a6   0x080002a6   0x0000000a   Code   RO         1501    .ARM.Collect$$_printf_percent$$00000012  c_w.l(_printf_l.o)
    0x080002b0   0x080002b0   0x00000006   Code   RO         1483    .ARM.Collect$$_printf_percent$$00000013  c_w.l(_printf_c.o)
    0x080002b6   0x080002b6   0x00000006   Code   RO         1484    .ARM.Collect$$_printf_percent$$00000014  c_w.l(_printf_s.o)
    0x080002bc   0x080002bc   0x00000006   Code   RO         1502    .ARM.Collect$$_printf_percent$$00000015  c_w.l(_printf_lc.o)
    0x080002c2   0x080002c2   0x00000006   Code   RO         1503    .ARM.Collect$$_printf_percent$$00000016  c_w.l(_printf_ls.o)
    0x080002c8   0x080002c8   0x00000004   Code   RO         1642    .ARM.Collect$$_printf_percent$$00000017  c_w.l(_printf_percent_end.o)
    0x080002cc   0x080002cc   0x00000002   Code   RO         1700    .ARM.Collect$$libinit$$00000000  c_w.l(libinit.o)
    0x080002ce   0x080002ce   0x00000004   Code   RO         1716    .ARM.Collect$$libinit$$00000001  c_w.l(libinit2.o)
    0x080002d2   0x080002d2   0x00000000   Code   RO         1719    .ARM.Collect$$libinit$$00000004  c_w.l(libinit2.o)
    0x080002d2   0x080002d2   0x00000000   Code   RO         1722    .ARM.Collect$$libinit$$0000000A  c_w.l(libinit2.o)
    0x080002d2   0x080002d2   0x00000000   Code   RO         1724    .ARM.Collect$$libinit$$0000000C  c_w.l(libinit2.o)
    0x080002d2   0x080002d2   0x00000000   Code   RO         1726    .ARM.Collect$$libinit$$0000000E  c_w.l(libinit2.o)
    0x080002d2   0x080002d2   0x00000006   Code   RO         1727    .ARM.Collect$$libinit$$0000000F  c_w.l(libinit2.o)
    0x080002d8   0x080002d8   0x00000000   Code   RO         1729    .ARM.Collect$$libinit$$00000011  c_w.l(libinit2.o)
    0x080002d8   0x080002d8   0x0000000c   Code   RO         1730    .ARM.Collect$$libinit$$00000012  c_w.l(libinit2.o)
    0x080002e4   0x080002e4   0x00000000   Code   RO         1731    .ARM.Collect$$libinit$$00000013  c_w.l(libinit2.o)
    0x080002e4   0x080002e4   0x00000000   Code   RO         1733    .ARM.Collect$$libinit$$00000015  c_w.l(libinit2.o)
    0x080002e4   0x080002e4   0x0000000a   Code   RO         1734    .ARM.Collect$$libinit$$00000016  c_w.l(libinit2.o)
    0x080002ee   0x080002ee   0x00000000   Code   RO         1735    .ARM.Collect$$libinit$$00000017  c_w.l(libinit2.o)
    0x080002ee   0x080002ee   0x00000000   Code   RO         1737    .ARM.Collect$$libinit$$00000019  c_w.l(libinit2.o)
    0x080002ee   0x080002ee   0x00000000   Code   RO         1739    .ARM.Collect$$libinit$$0000001B  c_w.l(libinit2.o)
    0x080002ee   0x080002ee   0x00000000   Code   RO         1741    .ARM.Collect$$libinit$$0000001D  c_w.l(libinit2.o)
    0x080002ee   0x080002ee   0x00000000   Code   RO         1743    .ARM.Collect$$libinit$$0000001F  c_w.l(libinit2.o)
    0x080002ee   0x080002ee   0x00000000   Code   RO         1745    .ARM.Collect$$libinit$$00000021  c_w.l(libinit2.o)
    0x080002ee   0x080002ee   0x00000000   Code   RO         1747    .ARM.Collect$$libinit$$00000023  c_w.l(libinit2.o)
    0x080002ee   0x080002ee   0x00000000   Code   RO         1749    .ARM.Collect$$libinit$$00000025  c_w.l(libinit2.o)
    0x080002ee   0x080002ee   0x00000000   Code   RO         1753    .ARM.Collect$$libinit$$0000002C  c_w.l(libinit2.o)
    0x080002ee   0x080002ee   0x00000000   Code   RO         1755    .ARM.Collect$$libinit$$0000002E  c_w.l(libinit2.o)
    0x080002ee   0x080002ee   0x00000000   Code   RO         1757    .ARM.Collect$$libinit$$00000030  c_w.l(libinit2.o)
    0x080002ee   0x080002ee   0x00000000   Code   RO         1759    .ARM.Collect$$libinit$$00000032  c_w.l(libinit2.o)
    0x080002ee   0x080002ee   0x00000002   Code   RO         1760    .ARM.Collect$$libinit$$00000033  c_w.l(libinit2.o)
    0x080002f0   0x080002f0   0x00000002   Code   RO         1788    .ARM.Collect$$libshutdown$$00000000  c_w.l(libshutdown.o)
    0x080002f2   0x080002f2   0x00000000   Code   RO         1815    .ARM.Collect$$libshutdown$$00000002  c_w.l(libshutdown2.o)
    0x080002f2   0x080002f2   0x00000000   Code   RO         1817    .ARM.Collect$$libshutdown$$00000004  c_w.l(libshutdown2.o)
    0x080002f2   0x080002f2   0x00000000   Code   RO         1820    .ARM.Collect$$libshutdown$$00000007  c_w.l(libshutdown2.o)
    0x080002f2   0x080002f2   0x00000000   Code   RO         1823    .ARM.Collect$$libshutdown$$0000000A  c_w.l(libshutdown2.o)
    0x080002f2   0x080002f2   0x00000000   Code   RO         1825    .ARM.Collect$$libshutdown$$0000000C  c_w.l(libshutdown2.o)
    0x080002f2   0x080002f2   0x00000000   Code   RO         1828    .ARM.Collect$$libshutdown$$0000000F  c_w.l(libshutdown2.o)
    0x080002f2   0x080002f2   0x00000002   Code   RO         1829    .ARM.Collect$$libshutdown$$00000010  c_w.l(libshutdown2.o)
    0x080002f4   0x080002f4   0x00000000   Code   RO         1408    .ARM.Collect$$rtentry$$00000000  c_w.l(__rtentry.o)
    0x080002f4   0x080002f4   0x00000000   Code   RO         1606    .ARM.Collect$$rtentry$$00000002  c_w.l(__rtentry2.o)
    0x080002f4   0x080002f4   0x00000006   Code   RO         1618    .ARM.Collect$$rtentry$$00000004  c_w.l(__rtentry4.o)
    0x080002fa   0x080002fa   0x00000000   Code   RO         1608    .ARM.Collect$$rtentry$$00000009  c_w.l(__rtentry2.o)
    0x080002fa   0x080002fa   0x00000004   Code   RO         1609    .ARM.Collect$$rtentry$$0000000A  c_w.l(__rtentry2.o)
    0x080002fe   0x080002fe   0x00000000   Code   RO         1611    .ARM.Collect$$rtentry$$0000000C  c_w.l(__rtentry2.o)
    0x080002fe   0x080002fe   0x00000008   Code   RO         1612    .ARM.Collect$$rtentry$$0000000D  c_w.l(__rtentry2.o)
    0x08000306   0x08000306   0x00000002   Code   RO         1703    .ARM.Collect$$rtexit$$00000000  c_w.l(rtexit.o)
    0x08000308   0x08000308   0x00000000   Code   RO         1764    .ARM.Collect$$rtexit$$00000002  c_w.l(rtexit2.o)
    0x08000308   0x08000308   0x00000004   Code   RO         1765    .ARM.Collect$$rtexit$$00000003  c_w.l(rtexit2.o)
    0x0800030c   0x0800030c   0x00000006   Code   RO         1766    .ARM.Collect$$rtexit$$00000004  c_w.l(rtexit2.o)
    0x08000312   0x08000312   0x00000002   PAD
    0x08000314   0x08000314   0x00000464   Code   RO            4    .text               main.o
    0x08000778   0x08000778   0x0000001a   Code   RO          223    .text               stm32f4xx_it.o
    0x08000792   0x08000792   0x00000002   PAD
    0x08000794   0x08000794   0x00000360   Code   RO          250    .text               comunication.o
    0x08000af4   0x08000af4   0x00002c58   Code   RO          289    .text               control.o
    0x0800374c   0x0800374c   0x00000390   Code   RO          319    .text               postion.o
    0x08003adc   0x08003adc   0x0000036c   Code   RO          340    .text               bsp_usart.o
    0x08003e48   0x08003e48   0x00000120   Code   RO          378    .text               bsp_delay.o
    0x08003f68   0x08003f68   0x000004f0   Code   RO          404    .text               can1.o
    0x08004458   0x08004458   0x00000540   Code   RO          430    .text               can2.o
    0x08004998   0x08004998   0x00000648   Code   RO          482    .text               pwm.o
    0x08004fe0   0x08004fe0   0x0000025c   Code   RO          522    .text               dr16.o
    0x0800523c   0x0800523c   0x00000044   Code   RO          551    .text               crc8.o
    0x08005280   0x08005280   0x000000a4   Code   RO          569    .text               led.o
    0x08005324   0x08005324   0x00000e20   Code   RO          593    .text               usart.o
    0x08006144   0x08006144   0x000004cc   Code   RO          669    .text               zl5servo.o
    0x08006610   0x08006610   0x00000148   Code   RO          699    .text               pickplane.o
    0x08006758   0x08006758   0x0000001c   Code   RO          729    .text               bms.o
    0x08006774   0x08006774   0x0000015e   Code   RO          756    .text               hmcsensor.o
    0x080068d2   0x080068d2   0x00000002   PAD
    0x080068d4   0x080068d4   0x00000ea2   Code   RO          777    .text               gps.o
    0x08007776   0x08007776   0x00000002   PAD
    0x08007778   0x08007778   0x00000d88   Code   RO          808    .text               rtk.o
    0x08008500   0x08008500   0x000000e0   Code   RO          832    .text               misc.o
    0x080085e0   0x080085e0   0x000009f0   Code   RO          880    .text               stm32f4xx_can.o
    0x08008fd0   0x08008fd0   0x000003a8   Code   RO          928    .text               stm32f4xx_dma.o
    0x08009378   0x08009378   0x0000011c   Code   RO          952    .text               stm32f4xx_exti.o
    0x08009494   0x08009494   0x0000025c   Code   RO         1000    .text               stm32f4xx_gpio.o
    0x080096f0   0x080096f0   0x00000588   Code   RO         1072    .text               stm32f4xx_rcc.o
    0x08009c78   0x08009c78   0x00000ca2   Code   RO         1098    .text               stm32f4xx_tim.o
    0x0800a91a   0x0800a91a   0x00000002   PAD
    0x0800a91c   0x0800a91c   0x0000041a   Code   RO         1122    .text               stm32f4xx_usart.o
    0x0800ad36   0x0800ad36   0x00000002   PAD
    0x0800ad38   0x0800ad38   0x0000008c   Code   RO         1146    .text               stm32f4xx_syscfg.o
    0x0800adc4   0x0800adc4   0x00000210   Code   RO         1194    .text               system_stm32f4xx.o
    0x0800afd4   0x0800afd4   0x00000040   Code   RO         1224    .text               startup_stm32f4xx.o
    0x0800b014   0x0800b014   0x00000002   Code   RO         1230    .text               c_w.l(use_no_semi_2.o)
    0x0800b016   0x0800b016   0x000000ee   Code   RO         1232    .text               c_w.l(lludivv7m.o)
    0x0800b104   0x0800b104   0x00000024   Code   RO         1234    .text               c_w.l(vsprintf.o)
    0x0800b128   0x0800b128   0x00000024   Code   RO         1236    .text               c_w.l(strstr.o)
    0x0800b14c   0x0800b14c   0x0000003e   Code   RO         1238    .text               c_w.l(strlen.o)
    0x0800b18a   0x0800b18a   0x0000004e   Code   RO         1240    .text               c_w.l(rt_memclr_w.o)
    0x0800b1d8   0x0800b1d8   0x00000006   Code   RO         1242    .text               c_w.l(heapauxi.o)
    0x0800b1de   0x0800b1de   0x00000002   Code   RO         1406    .text               c_w.l(use_no_semi.o)
    0x0800b1e0   0x0800b1e0   0x00000016   Code   RO         1413    .text               c_w.l(_rserrno.o)
    0x0800b1f6   0x0800b1f6   0x0000004e   Code   RO         1417    .text               c_w.l(_printf_pad.o)
    0x0800b244   0x0800b244   0x00000024   Code   RO         1419    .text               c_w.l(_printf_truncate.o)
    0x0800b268   0x0800b268   0x00000052   Code   RO         1421    .text               c_w.l(_printf_str.o)
    0x0800b2ba   0x0800b2ba   0x00000002   PAD
    0x0800b2bc   0x0800b2bc   0x00000078   Code   RO         1423    .text               c_w.l(_printf_dec.o)
    0x0800b334   0x0800b334   0x00000028   Code   RO         1425    .text               c_w.l(_printf_charcount.o)
    0x0800b35c   0x0800b35c   0x00000030   Code   RO         1427    .text               c_w.l(_printf_char_common.o)
    0x0800b38c   0x0800b38c   0x0000000a   Code   RO         1429    .text               c_w.l(_sputc.o)
    0x0800b396   0x0800b396   0x00000002   PAD
    0x0800b398   0x0800b398   0x000000bc   Code   RO         1431    .text               c_w.l(_printf_wctomb.o)
    0x0800b454   0x0800b454   0x0000007c   Code   RO         1434    .text               c_w.l(_printf_longlong_dec.o)
    0x0800b4d0   0x0800b4d0   0x00000070   Code   RO         1440    .text               c_w.l(_printf_oct_int_ll.o)
    0x0800b540   0x0800b540   0x00000094   Code   RO         1460    .text               c_w.l(_printf_hex_int_ll_ptr.o)
    0x0800b5d4   0x0800b5d4   0x00000188   Code   RO         1480    .text               c_w.l(__printf_flags_ss_wp.o)
    0x0800b75c   0x0800b75c   0x00000008   Code   RO         1625    .text               c_w.l(rt_errno_addr_intlibspace.o)
    0x0800b764   0x0800b764   0x0000008a   Code   RO         1627    .text               c_w.l(lludiv10.o)
    0x0800b7ee   0x0800b7ee   0x000000b2   Code   RO         1629    .text               c_w.l(_printf_intcommon.o)
    0x0800b8a0   0x0800b8a0   0x0000041e   Code   RO         1631    .text               c_w.l(_printf_fp_dec.o)
    0x0800bcbe   0x0800bcbe   0x00000002   PAD
    0x0800bcc0   0x0800bcc0   0x000002fc   Code   RO         1633    .text               c_w.l(_printf_fp_hex.o)
    0x0800bfbc   0x0800bfbc   0x0000002c   Code   RO         1638    .text               c_w.l(_printf_char.o)
    0x0800bfe8   0x0800bfe8   0x0000002c   Code   RO         1640    .text               c_w.l(_printf_wchar.o)
    0x0800c014   0x0800c014   0x00000040   Code   RO         1643    .text               c_w.l(_wcrtomb.o)
    0x0800c054   0x0800c054   0x00000008   Code   RO         1647    .text               c_w.l(libspace.o)
    0x0800c05c   0x0800c05c   0x0000004a   Code   RO         1650    .text               c_w.l(sys_stackheap_outer.o)
    0x0800c0a6   0x0800c0a6   0x00000002   PAD
    0x0800c0a8   0x0800c0a8   0x00000010   Code   RO         1652    .text               c_w.l(rt_ctype_table.o)
    0x0800c0b8   0x0800c0b8   0x00000008   Code   RO         1657    .text               c_w.l(rt_locale_intlibspace.o)
    0x0800c0c0   0x0800c0c0   0x00000080   Code   RO         1659    .text               c_w.l(_printf_fp_infnan.o)
    0x0800c140   0x0800c140   0x000000e4   Code   RO         1661    .text               c_w.l(bigflt0.o)
    0x0800c224   0x0800c224   0x00000012   Code   RO         1689    .text               c_w.l(exit.o)
    0x0800c236   0x0800c236   0x00000002   PAD
    0x0800c238   0x0800c238   0x00000080   Code   RO         1714    .text               c_w.l(strcmpv7m.o)
    0x0800c2b8   0x0800c2b8   0x0000003e   Code   RO         1664    CL$$btod_d2e        c_w.l(btod.o)
    0x0800c2f6   0x0800c2f6   0x00000046   Code   RO         1666    CL$$btod_d2e_denorm_low  c_w.l(btod.o)
    0x0800c33c   0x0800c33c   0x00000060   Code   RO         1665    CL$$btod_d2e_norm_op1  c_w.l(btod.o)
    0x0800c39c   0x0800c39c   0x00000338   Code   RO         1674    CL$$btod_div_common  c_w.l(btod.o)
    0x0800c6d4   0x0800c6d4   0x000000dc   Code   RO         1671    CL$$btod_e2e        c_w.l(btod.o)
    0x0800c7b0   0x0800c7b0   0x0000002a   Code   RO         1668    CL$$btod_ediv       c_w.l(btod.o)
    0x0800c7da   0x0800c7da   0x0000002a   Code   RO         1667    CL$$btod_emul       c_w.l(btod.o)
    0x0800c804   0x0800c804   0x00000244   Code   RO         1673    CL$$btod_mult_common  c_w.l(btod.o)
    0x0800ca48   0x0800ca48   0x00000030   Code   RO         1570    i.__ARM_fpclassify  m_wm.l(fpclassify.o)
    0x0800ca78   0x0800ca78   0x00000026   Code   RO         1572    i.__ARM_fpclassifyf  m_wm.l(fpclassifyf.o)
    0x0800ca9e   0x0800ca9e   0x00000002   PAD
    0x0800caa0   0x0800caa0   0x000002d8   Code   RO         1533    i.__hardfp_atan     m_wm.l(atan.o)
    0x0800cd78   0x0800cd78   0x000001f0   Code   RO         1282    i.__hardfp_atan2    m_wm.l(atan2.o)
    0x0800cf68   0x0800cf68   0x000000c8   Code   RO         1294    i.__hardfp_cos      m_wm.l(cos.o)
    0x0800d030   0x0800d030   0x00000150   Code   RO         1306    i.__hardfp_cosf     m_wm.l(cosf.o)
    0x0800d180   0x0800d180   0x00000104   Code   RO         1318    i.__hardfp_fmod     m_wm.l(fmod.o)
    0x0800d284   0x0800d284   0x00000004   PAD
    0x0800d288   0x0800d288   0x00000c50   Code   RO         1330    i.__hardfp_pow      m_wm.l(pow.o)
    0x0800ded8   0x0800ded8   0x00000664   Code   RO         1344    i.__hardfp_powf     m_wm.l(powf.o)
    0x0800e53c   0x0800e53c   0x00000004   PAD
    0x0800e540   0x0800e540   0x000000c8   Code   RO         1358    i.__hardfp_sin      m_wm.l(sin.o)
    0x0800e608   0x0800e608   0x00000190   Code   RO         1370    i.__hardfp_sinf     m_wm.l(sinf.o)
    0x0800e798   0x0800e798   0x0000007a   Code   RO         1382    i.__hardfp_sqrt     m_wm.l(sqrt.o)
    0x0800e812   0x0800e812   0x0000003a   Code   RO         1394    i.__hardfp_sqrtf    m_wm.l(sqrtf.o)
    0x0800e84c   0x0800e84c   0x00000004   PAD
    0x0800e850   0x0800e850   0x00000438   Code   RO         1591    i.__ieee754_rem_pio2  m_wm.l(rred.o)
    0x0800ec88   0x0800ec88   0x00000170   Code   RO         1547    i.__kernel_cos      m_wm.l(cos_i.o)
    0x0800edf8   0x0800edf8   0x000000f8   Code   RO         1588    i.__kernel_poly     m_wm.l(poly.o)
    0x0800eef0   0x0800eef0   0x00000130   Code   RO         1599    i.__kernel_sin      m_wm.l(sin_i.o)
    0x0800f020   0x0800f020   0x00000030   Code   RO         1550    i.__mathlib_dbl_divzero  m_wm.l(dunder.o)
    0x0800f050   0x0800f050   0x00000014   Code   RO         1551    i.__mathlib_dbl_infnan  m_wm.l(dunder.o)
    0x0800f064   0x0800f064   0x00000014   Code   RO         1552    i.__mathlib_dbl_infnan2  m_wm.l(dunder.o)
    0x0800f078   0x0800f078   0x00000020   Code   RO         1553    i.__mathlib_dbl_invalid  m_wm.l(dunder.o)
    0x0800f098   0x0800f098   0x00000020   Code   RO         1554    i.__mathlib_dbl_overflow  m_wm.l(dunder.o)
    0x0800f0b8   0x0800f0b8   0x00000020   Code   RO         1556    i.__mathlib_dbl_underflow  m_wm.l(dunder.o)
    0x0800f0d8   0x0800f0d8   0x00000014   Code   RO         1574    i.__mathlib_flt_divzero  m_wm.l(funder.o)
    0x0800f0ec   0x0800f0ec   0x00000006   Code   RO         1575    i.__mathlib_flt_infnan  m_wm.l(funder.o)
    0x0800f0f2   0x0800f0f2   0x00000006   Code   RO         1576    i.__mathlib_flt_infnan2  m_wm.l(funder.o)
    0x0800f0f8   0x0800f0f8   0x00000010   Code   RO         1577    i.__mathlib_flt_invalid  m_wm.l(funder.o)
    0x0800f108   0x0800f108   0x00000010   Code   RO         1578    i.__mathlib_flt_overflow  m_wm.l(funder.o)
    0x0800f118   0x0800f118   0x00000010   Code   RO         1580    i.__mathlib_flt_underflow  m_wm.l(funder.o)
    0x0800f128   0x0800f128   0x00000154   Code   RO         1596    i.__mathlib_rredf2  m_wm.l(rredf.o)
    0x0800f27c   0x0800f27c   0x0000000e   Code   RO         1473    i._is_digit         c_w.l(__printf_wp.o)
    0x0800f28a   0x0800f28a   0x00000010   Code   RO         1535    i.atan              m_wm.l(atan.o)
    0x0800f29a   0x0800f29a   0x00000018   Code   RO         1566    i.fabs              m_wm.l(fabs.o)
    0x0800f2b2   0x0800f2b2   0x0000006e   Code   RO         1384    i.sqrt              m_wm.l(sqrt.o)
    0x0800f320   0x0800f320   0x0000002c   Code   RO         1687    locale$$code        c_w.l(lc_numeric_c.o)
    0x0800f34c   0x0800f34c   0x0000002c   Code   RO         1708    locale$$code        c_w.l(lc_ctype_c.o)
    0x0800f378   0x0800f378   0x00000018   Code   RO         1246    x$fpl$basic         fz_wm.l(basic.o)
    0x0800f390   0x0800f390   0x00000062   Code   RO         1248    x$fpl$d2f           fz_wm.l(d2f.o)
    0x0800f3f2   0x0800f3f2   0x00000002   PAD
    0x0800f3f4   0x0800f3f4   0x00000150   Code   RO         1250    x$fpl$dadd          fz_wm.l(daddsub_clz.o)
    0x0800f544   0x0800f544   0x00000010   Code   RO         1645    x$fpl$dcheck1       fz_wm.l(dcheck1.o)
    0x0800f554   0x0800f554   0x00000018   Code   RO         1506    x$fpl$dcmpinf       fz_wm.l(dcmpi.o)
    0x0800f56c   0x0800f56c   0x000002b0   Code   RO         1257    x$fpl$ddiv          fz_wm.l(ddiv.o)
    0x0800f81c   0x0800f81c   0x0000005e   Code   RO         1260    x$fpl$dfix          fz_wm.l(dfix.o)
    0x0800f87a   0x0800f87a   0x0000002e   Code   RO         1269    x$fpl$dflt          fz_wm.l(dflt_clz.o)
    0x0800f8a8   0x0800f8a8   0x00000026   Code   RO         1268    x$fpl$dfltu         fz_wm.l(dflt_clz.o)
    0x0800f8ce   0x0800f8ce   0x00000002   PAD
    0x0800f8d0   0x0800f8d0   0x00000078   Code   RO         1274    x$fpl$dleqf         fz_wm.l(dleqf.o)
    0x0800f948   0x0800f948   0x00000154   Code   RO         1276    x$fpl$dmul          fz_wm.l(dmul.o)
    0x0800fa9c   0x0800fa9c   0x0000009c   Code   RO         1508    x$fpl$dnaninf       fz_wm.l(dnaninf.o)
    0x0800fb38   0x0800fb38   0x00000150   Code   RO         1510    x$fpl$drem          fz_wm.l(drem_clz.o)
    0x0800fc88   0x0800fc88   0x0000000c   Code   RO         1512    x$fpl$dretinf       fz_wm.l(dretinf.o)
    0x0800fc94   0x0800fc94   0x0000006c   Code   RO         1278    x$fpl$drleqf        fz_wm.l(drleqf.o)
    0x0800fd00   0x0800fd00   0x00000016   Code   RO         1251    x$fpl$drsb          fz_wm.l(daddsub_clz.o)
    0x0800fd16   0x0800fd16   0x00000002   PAD
    0x0800fd18   0x0800fd18   0x00000198   Code   RO         1514    x$fpl$dsqrt         fz_wm.l(dsqrt_umaal.o)
    0x0800feb0   0x0800feb0   0x000001d4   Code   RO         1252    x$fpl$dsub          fz_wm.l(daddsub_clz.o)
    0x08010084   0x08010084   0x00000056   Code   RO         1280    x$fpl$f2d           fz_wm.l(f2d.o)
    0x080100da   0x080100da   0x0000008c   Code   RO         1516    x$fpl$fnaninf       fz_wm.l(fnaninf.o)
    0x08010166   0x08010166   0x0000000a   Code   RO         1776    x$fpl$fpinit        fz_wm.l(fpinit.o)
    0x08010170   0x08010170   0x0000000a   Code   RO         1518    x$fpl$fretinf       fz_wm.l(fretinf.o)
    0x0801017a   0x0801017a   0x00000002   PAD
    0x0801017c   0x0801017c   0x00000078   Code   RO         1264    x$fpl$llufromd      fz_wm.l(dfixull.o)
    0x080101f4   0x080101f4   0x00000004   Code   RO         1522    x$fpl$printf1       fz_wm.l(printf1.o)
    0x080101f8   0x080101f8   0x00000004   Code   RO         1524    x$fpl$printf2       fz_wm.l(printf2.o)
    0x080101fc   0x080101fc   0x00000064   Code   RO         1701    x$fpl$retnan        fz_wm.l(retnan.o)
    0x08010260   0x08010260   0x0000005c   Code   RO         1530    x$fpl$scalbn        fz_wm.l(scalbn.o)
    0x080102bc   0x080102bc   0x00000030   Code   RO         1761    x$fpl$trapveneer    fz_wm.l(trapv.o)
    0x080102ec   0x080102ec   0x00000000   Code   RO         1532    x$fpl$usenofp       fz_wm.l(usenofp.o)
    0x080102ec   0x080102ec   0x00000100   Data   RO          552    .constdata          crc8.o
    0x080103ec   0x080103ec   0x00000004   PAD
    0x080103f0   0x080103f0   0x00000088   Data   RO         1333    .constdata          m_wm.l(pow.o)
    0x08010478   0x08010478   0x00000140   Data   RO         1347    .constdata          m_wm.l(powf.o)
    0x080105b8   0x080105b8   0x00000008   Data   RO         1432    .constdata          c_w.l(_printf_wctomb.o)
    0x080105c0   0x080105c0   0x00000028   Data   RO         1461    .constdata          c_w.l(_printf_hex_int_ll_ptr.o)
    0x080105e8   0x080105e8   0x00000011   Data   RO         1481    .constdata          c_w.l(__printf_flags_ss_wp.o)
    0x080105f9   0x080105f9   0x00000007   PAD
    0x08010600   0x08010600   0x00000098   Data   RO         1536    .constdata          m_wm.l(atan.o)
    0x08010698   0x08010698   0x00000030   Data   RO         1548    .constdata          m_wm.l(cos_i.o)
    0x080106c8   0x080106c8   0x00000008   Data   RO         1590    .constdata          m_wm.l(qnan.o)
    0x080106d0   0x080106d0   0x000000c8   Data   RO         1593    .constdata          m_wm.l(rred.o)
    0x08010798   0x08010798   0x00000020   Data   RO         1597    .constdata          m_wm.l(rredf.o)
    0x080107b8   0x080107b8   0x00000028   Data   RO         1600    .constdata          m_wm.l(sin_i.o)
    0x080107e0   0x080107e0   0x00000026   Data   RO         1634    .constdata          c_w.l(_printf_fp_hex.o)
    0x08010806   0x08010806   0x00000002   PAD
    0x08010808   0x08010808   0x00000094   Data   RO         1662    .constdata          c_w.l(bigflt0.o)
    0x0801089c   0x0801089c   0x00000073   Data   RO          291    .conststring        control.o
    0x0801090f   0x0801090f   0x00000001   PAD
    0x08010910   0x08010910   0x00000020   Data   RO         1830    Region$$Table       anon$$obj.o
    0x08010930   0x08010930   0x0000001c   Data   RO         1686    locale$$data        c_w.l(lc_numeric_c.o)
    0x0801094c   0x0801094c   0x00000110   Data   RO         1707    locale$$data        c_w.l(lc_ctype_c.o)


    Execution Region RW_IRAM1 (Exec base: 0x20000000, Load base: 0x08010a5c, Size: 0x000019e0, Max: 0x00020000, ABSOLUTE, COMPRESSED[0x00000034])

    Exec Addr    Load Addr    Size         Type   Attr      Idx    E Section Name        Object

    0x20000000   COMPRESSED   0x00000002   Data   RW            5    .data               main.o
    0x20000002   COMPRESSED   0x00000007   Data   RW          252    .data               comunication.o
    0x20000009   COMPRESSED   0x00000003   PAD
    0x2000000c   COMPRESSED   0x0000003f   Data   RW          292    .data               control.o
    0x2000004b   COMPRESSED   0x00000001   PAD
    0x2000004c   COMPRESSED   0x00000004   Data   RW          342    .data               bsp_usart.o
    0x20000050   COMPRESSED   0x00000004   Data   RW          379    .data               bsp_delay.o
    0x20000054   COMPRESSED   0x00000003   Data   RW          405    .data               can1.o
    0x20000057   COMPRESSED   0x00000007   Data   RW          431    .data               can2.o
    0x2000005e   COMPRESSED   0x00000002   PAD
    0x20000060   COMPRESSED   0x00000009   Data   RW          483    .data               pwm.o
    0x20000069   COMPRESSED   0x00000001   PAD
    0x2000006a   COMPRESSED   0x00000018   Data   RW          524    .data               dr16.o
    0x20000082   COMPRESSED   0x00000002   PAD
    0x20000084   COMPRESSED   0x0000000f   Data   RW          595    .data               usart.o
    0x20000093   COMPRESSED   0x00000001   PAD
    0x20000094   COMPRESSED   0x00000018   Data   RW          670    .data               zl5servo.o
    0x200000ac   COMPRESSED   0x0000000c   Data   RW          700    .data               pickplane.o
    0x200000b8   COMPRESSED   0x00000030   Data   RW          757    .data               hmcsensor.o
    0x200000e8   COMPRESSED   0x00000028   Data   RW          779    .data               gps.o
    0x20000110   COMPRESSED   0x00000010   Data   RW         1073    .data               stm32f4xx_rcc.o
    0x20000120   COMPRESSED   0x00000014   Data   RW         1195    .data               system_stm32f4xx.o
    0x20000134        -       0x0000001c   Zero   RW          251    .bss                comunication.o
    0x20000150        -       0x00000034   Zero   RW          320    .bss                postion.o
    0x20000184   COMPRESSED   0x00000004   PAD
    0x20000188        -       0x00000180   Zero   RW          341    .bss                bsp_usart.o
    0x20000308        -       0x00000019   Zero   RW          523    .bss                dr16.o
    0x20000321   COMPRESSED   0x00000007   PAD
    0x20000328        -       0x00000500   Zero   RW          594    .bss                usart.o
    0x20000828        -       0x00000010   Zero   RW          730    .bss                bms.o
    0x20000838        -       0x00000148   Zero   RW          778    .bss                gps.o
    0x20000980        -       0x00000060   Zero   RW         1648    .bss                c_w.l(libspace.o)
    0x200009e0        -       0x00000400   Zero   RW         1222    HEAP                startup_stm32f4xx.o
    0x20000de0        -       0x00000c00   Zero   RW         1221    STACK               startup_stm32f4xx.o


==============================================================================

Image component sizes


      Code (inc. data)   RO Data    RW Data    ZI Data      Debug   Object Name

        28          6          0          0         16       1392   bms.o
       288          8          0          4          0       1808   bsp_delay.o
       876         36          0          4        384       5520   bsp_usart.o
      1264         22          0          3          0       3281   can1.o
      1344         50          0          7          0       3978   can2.o
       864         30          0          7         28       3289   comunication.o
     11352       2284        115         63          0      13553   control.o
        68          4        256          0          0       1566   crc8.o
       604         80          0         24         25       2400   dr16.o
      3746        266          0         40        328       9825   gps.o
       350          0          0         48          0       2340   hmcsensor.o
       164          8          0          0          0        908   led.o
      1124        272          0          2          0     284536   main.o
       224         20          0          0          0       2061   misc.o
       328         26          0         12          0       2999   pickplane.o
       912         42          0          0         52       3261   postion.o
      1608        124          0          9          0       3806   pwm.o
      3464        172          0          0          0       4818   rtk.o
        64         26        392          0       4096        968   startup_stm32f4xx.o
      2544         38          0          0          0       8384   stm32f4xx_can.o
       936         32          0          0          0       6633   stm32f4xx_dma.o
       284         10          0          0          0       2559   stm32f4xx_exti.o
       604         36          0          0          0       4369   stm32f4xx_gpio.o
        26          0          0          0          0       1119   stm32f4xx_it.o
      1416         48          0         16          0      11359   stm32f4xx_rcc.o
       140         12          0          0          0       1787   stm32f4xx_syscfg.o
      3234         60          0          0          0      23256   stm32f4xx_tim.o
      1050         26          0          0          0       8100   stm32f4xx_usart.o
       528         46          0         20          0       2223   system_stm32f4xx.o
      3616        200          0         15       1280      48449   usart.o
      1228        148          0         24          0       5820   zl5servo.o

    ----------------------------------------------------------------------
     44288       4132        800        308       6220     476367   Object Totals
         0          0         32          0          0          0   (incl. Generated)
        10          0          5         10         11          0   (incl. Padding)

    ----------------------------------------------------------------------

      Code (inc. data)   RO Data    RW Data    ZI Data      Debug   Library Member Name

        90          0          0          0          0          0   __dczerorl2.o
         8          0          0          0          0         68   __main.o
       392          4         17          0          0         92   __printf_flags_ss_wp.o
        14          0          0          0          0         68   __printf_wp.o
         0          0          0          0          0          0   __rtentry.o
        12          0          0          0          0          0   __rtentry2.o
         6          0          0          0          0          0   __rtentry4.o
        52          8          0          0          0          0   __scatter.o
        28          0          0          0          0          0   __scatter_zi.o
         6          0          0          0          0          0   _printf_a.o
         6          0          0          0          0          0   _printf_c.o
        44          0          0          0          0        108   _printf_char.o
        48          6          0          0          0         96   _printf_char_common.o
        40          0          0          0          0         68   _printf_charcount.o
         6          0          0          0          0          0   _printf_d.o
       120         16          0          0          0         92   _printf_dec.o
         6          0          0          0          0          0   _printf_e.o
         6          0          0          0          0          0   _printf_f.o
      1054          0          0          0          0        216   _printf_fp_dec.o
       764          8         38          0          0        100   _printf_fp_hex.o
       128         16          0          0          0         84   _printf_fp_infnan.o
         6          0          0          0          0          0   _printf_g.o
       148          4         40          0          0        160   _printf_hex_int_ll_ptr.o
         6          0          0          0          0          0   _printf_i.o
       178          0          0          0          0         88   _printf_intcommon.o
        10          0          0          0          0          0   _printf_l.o
         6          0          0          0          0          0   _printf_lc.o
        10          0          0          0          0          0   _printf_ll.o
         6          0          0          0          0          0   _printf_lld.o
         6          0          0          0          0          0   _printf_lli.o
         6          0          0          0          0          0   _printf_llo.o
         6          0          0          0          0          0   _printf_llu.o
         6          0          0          0          0          0   _printf_llx.o
       124         16          0          0          0         92   _printf_longlong_dec.o
         6          0          0          0          0          0   _printf_ls.o
         6          0          0          0          0          0   _printf_n.o
         6          0          0          0          0          0   _printf_o.o
       112         10          0          0          0        124   _printf_oct_int_ll.o
         6          0          0          0          0          0   _printf_p.o
        78          0          0          0          0        108   _printf_pad.o
         0          0          0          0          0          0   _printf_percent.o
         4          0          0          0          0          0   _printf_percent_end.o
         6          0          0          0          0          0   _printf_s.o
        82          0          0          0          0         80   _printf_str.o
        36          0          0          0          0         84   _printf_truncate.o
         6          0          0          0          0          0   _printf_u.o
        44          0          0          0          0        108   _printf_wchar.o
       188          6          8          0          0         92   _printf_wctomb.o
         6          0          0          0          0          0   _printf_x.o
        22          0          0          0          0        100   _rserrno.o
        10          0          0          0          0         68   _sputc.o
        64          0          0          0          0         92   _wcrtomb.o
       228          4        148          0          0         96   bigflt0.o
      1936        128          0          0          0        672   btod.o
        18          0          0          0          0         80   exit.o
         6          0          0          0          0        152   heapauxi.o
        44         10        272          0          0         76   lc_ctype_c.o
        44         10         28          0          0         76   lc_numeric_c.o
         2          0          0          0          0          0   libinit.o
        34          0          0          0          0          0   libinit2.o
         2          0          0          0          0          0   libshutdown.o
         2          0          0          0          0          0   libshutdown2.o
         8          4          0          0         96         68   libspace.o
       138          0          0          0          0         80   lludiv10.o
       238          0          0          0          0        100   lludivv7m.o
        16          4          0          0          0         76   rt_ctype_table.o
         8          4          0          0          0         68   rt_errno_addr_intlibspace.o
         8          4          0          0          0         68   rt_locale_intlibspace.o
        78          0          0          0          0         80   rt_memclr_w.o
         2          0          0          0          0          0   rtexit.o
        10          0          0          0          0          0   rtexit2.o
       128          0          0          0          0         68   strcmpv7m.o
        62          0          0          0          0         76   strlen.o
        36          0          0          0          0         80   strstr.o
        74          0          0          0          0         80   sys_stackheap_outer.o
         2          0          0          0          0         68   use_no_semi.o
         2          0          0          0          0         68   use_no_semi_2.o
        36          4          0          0          0         76   vsprintf.o
        24          0          0          0          0        164   basic.o
        98          4          0          0          0        140   d2f.o
       826         16          0          0          0        492   daddsub_clz.o
        16          4          0          0          0        116   dcheck1.o
        24          0          0          0          0        116   dcmpi.o
       688        140          0          0          0        256   ddiv.o
        94          4          0          0          0        140   dfix.o
       120          4          0          0          0        152   dfixull.o
        84          0          0          0          0        232   dflt_clz.o
       120          4          0          0          0        140   dleqf.o
       340         12          0          0          0        152   dmul.o
       156          4          0          0          0        140   dnaninf.o
       336         12          0          0          0        136   drem_clz.o
        12          0          0          0          0        116   dretinf.o
       108          0          0          0          0        128   drleqf.o
       408         56          0          0          0        168   dsqrt_umaal.o
        86          4          0          0          0        132   f2d.o
       140          4          0          0          0        132   fnaninf.o
        10          0          0          0          0        116   fpinit.o
        10          0          0          0          0        116   fretinf.o
         4          0          0          0          0        116   printf1.o
         4          0          0          0          0        116   printf2.o
       100          0          0          0          0        116   retnan.o
        92          0          0          0          0        116   scalbn.o
        48          0          0          0          0        116   trapv.o
         0          0          0          0          0          0   usenofp.o
       744        106        152          0          0        352   atan.o
       496         64          0          0          0        192   atan2.o
       200         20          0          0          0        164   cos.o
       368         46         48          0          0        200   cos_i.o
       336         56          0          0          0        136   cosf.o
       184         44          0          0          0        744   dunder.o
        24          0          0          0          0        124   fabs.o
       260          6          0          0          0        144   fmod.o
        48          0          0          0          0        124   fpclassify.o
        38          0          0          0          0        116   fpclassifyf.o
        80         24          0          0          0        696   funder.o
       248          0          0          0          0        152   poly.o
      3152        296        136          0          0        352   pow.o
      1636        110        320          0          0        372   powf.o
         0          0          8          0          0          0   qnan.o
      1080        142        200          0          0        188   rred.o
       340         24         32          0          0        160   rredf.o
       200         20          0          0          0        164   sin.o
       304         24         40          0          0        208   sin_i.o
       400         56          0          0          0        212   sinf.o
       232          0          0          0          0        296   sqrt.o
        58          0          0          0          0        136   sqrtf.o

    ----------------------------------------------------------------------
     21604       1580       1496          0         96      13492   Library Totals
        36          8          9          0          0          0   (incl. Padding)

    ----------------------------------------------------------------------

      Code (inc. data)   RO Data    RW Data    ZI Data      Debug   Library Name

      7192        266        551          0         96       4396   c_w.l
      3948        268          0          0          0       3864   fz_wm.l
     10428       1038        936          0          0       5232   m_wm.l

    ----------------------------------------------------------------------
     21604       1580       1496          0         96      13492   Library Totals

    ----------------------------------------------------------------------

==============================================================================


      Code (inc. data)   RO Data    RW Data    ZI Data      Debug   

     65892       5712       2296        308       6316     475067   Grand Totals
     65892       5712       2296         52       6316     475067   ELF Image Totals (compressed)
     65892       5712       2296         52          0          0   ROM Totals

==============================================================================

    Total RO  Size (Code + RO Data)                68188 (  66.59kB)
    Total RW  Size (RW Data + ZI Data)              6624 (   6.47kB)
    Total ROM Size (Code + RO Data + RW Data)      68240 (  66.64kB)

==============================================================================

