Component: ARM Compiler 5.06 update 6 (build 750) Tool: armlink [4d35ed]

==============================================================================

Section Cross References

    main.o(.text) refers to misc.o(.text) for NVIC_PriorityGroupConfig
    main.o(.text) refers to bsp_delay.o(.text) for delay_init
    main.o(.text) refers to led.o(.text) for LED_GPIO_Config
    main.o(.text) refers to bsp_usart.o(.text) for bsp_InitUart
    main.o(.text) refers to dr16.o(.text) for RC_Init
    main.o(.text) refers to can1.o(.text) for CAN1_Configuration
    main.o(.text) refers to can2.o(.text) for CAN2_Configuration
    main.o(.text) refers to pwm.o(.text) for TIM5_Init
    main.o(.text) refers to main.o(.data) for womg
    main.o(.text) refers to zl5servo.o(.data) for motor1_speed
    main.o(.text) refers to control.o(.text) for Limit
    main.o(.text) refers to pickplane.o(.text) for Catch_Motor_Open
    main.o(.text) refers to zl5servo.o(.text) for Enable_All_Motor_Modbus
    main.o(.text) refers to dr16.o(.data) for right_Switch
    main.o(.text) refers to hmcsensor.o(.data) for T_hmcb
    main.o(.text) refers to control.o(.data) for g_agv_work_mode
    main.o(.text) refers to pwm.o(.data) for Task_timer_flag
    main.o(.text) refers to comunication.o(.data) for AGV_CMD
    main.o(.text) refers to comunication.o(.bss) for CV
    stm32f4xx_it.o(.text) refers to bsp_usart.o(.text) for u1_printf
    stm32f4xx_it.o(.text) refers to bsp_delay.o(.text) for delay_ms
    comunication.o(.text) refers to rt_memclr_w.o(.text) for __aeabi_memclr4
    comunication.o(.text) refers to crc8.o(.text) for CRC8_Table
    comunication.o(.text) refers to bsp_usart.o(.text) for send_data_dma_u1
    comunication.o(.text) refers to usart.o(.text) for send_data_dma_u4
    comunication.o(.text) refers to bms.o(.bss) for Battery_Msg
    comunication.o(.text) refers to comunication.o(.data) for AGV_CMD
    comunication.o(.text) refers to comunication.o(.bss) for CV
    comunication.o(.text) refers to control.o(.data) for g_agv_work_mode
    comunication.o(.text) refers to can2.o(.data) for Eject
    control.o(.text) refers to pickplane.o(.text) for PP_Motor_Pull
    control.o(.text) refers to bsp_usart.o(.text) for u1_printf
    control.o(.text) refers to stm32f4xx_gpio.o(.text) for GPIO_ReadInputDataBit
    control.o(.text) refers to control.o(.data) for g_release_flag
    control.o(.text) refers to can2.o(.data) for Eject
    control.o(.text) refers to dr16.o(.data) for rc_data_flag
    control.o(.text) refers to comunication.o(.data) for AGV_CMD
    control.o(.text) refers to hmcsensor.o(.data) for T_hmcb
    control.o(.text) refers to zl5servo.o(.data) for motor1_speed
    bsp_usart.o(.text) refers to stm32f4xx_rcc.o(.text) for RCC_AHB1PeriphClockCmd
    bsp_usart.o(.text) refers to stm32f4xx_gpio.o(.text) for GPIO_PinAFConfig
    bsp_usart.o(.text) refers to stm32f4xx_usart.o(.text) for USART_DeInit
    bsp_usart.o(.text) refers to misc.o(.text) for NVIC_Init
    bsp_usart.o(.text) refers to stm32f4xx_dma.o(.text) for DMA_DeInit
    bsp_usart.o(.text) refers to comunication.o(.text) for DownLoad_prase
    bsp_usart.o(.text) refers to vsprintf.o(.text) for vsprintf
    bsp_usart.o(.text) refers to strlen.o(.text) for strlen
    bsp_usart.o(.text) refers to bsp_usart.o(.bss) for USART1_RX_BUF
    bsp_usart.o(.text) refers to bsp_usart.o(.data) for usart1_dma_tx_len
    bsp_delay.o(.text) refers to misc.o(.text) for SysTick_CLKSourceConfig
    bsp_delay.o(.text) refers to bsp_delay.o(.data) for fac_us
    can1.o(.text) refers to stm32f4xx_rcc.o(.text) for RCC_AHB1PeriphClockCmd
    can1.o(.text) refers to stm32f4xx_gpio.o(.text) for GPIO_PinAFConfig
    can1.o(.text) refers to misc.o(.text) for NVIC_Init
    can1.o(.text) refers to stm32f4xx_can.o(.text) for CAN_DeInit
    can1.o(.text) refers to can1.o(.data) for can1_tx_flag
    can2.o(.text) refers to stm32f4xx_rcc.o(.text) for RCC_AHB1PeriphClockCmd
    can2.o(.text) refers to stm32f4xx_gpio.o(.text) for GPIO_PinAFConfig
    can2.o(.text) refers to misc.o(.text) for NVIC_Init
    can2.o(.text) refers to stm32f4xx_can.o(.text) for CAN_DeInit
    can2.o(.text) refers to can2.o(.data) for can2_tx_success_flag
    can2.o(.text) refers to bms.o(.bss) for Battery_Msg
    can2.o(.text) refers to hmcsensor.o(.data) for T_hmcb
    pwm.o(.text) refers to stm32f4xx_rcc.o(.text) for RCC_AHB1PeriphClockCmd
    pwm.o(.text) refers to stm32f4xx_gpio.o(.text) for GPIO_StructInit
    pwm.o(.text) refers to stm32f4xx_tim.o(.text) for TIM_EncoderInterfaceConfig
    pwm.o(.text) refers to stm32f4xx_exti.o(.text) for EXTI_ClearITPendingBit
    pwm.o(.text) refers to stm32f4xx_syscfg.o(.text) for SYSCFG_EXTILineConfig
    pwm.o(.text) refers to misc.o(.text) for NVIC_Init
    pwm.o(.text) refers to zl5servo.o(.text) for Set_Driver_Vel
    pwm.o(.text) refers to pickplane.o(.text) for Send_CatchMotor_Speed
    pwm.o(.text) refers to bms.o(.text) for Bms_Get_Soc
[...]
    _printf_percent_end                      0x08000289   Thumb Code     0  _printf_percent_end.o(.ARM.Collect$$_printf_percent$$00000017)
    __rt_lib_init                            0x0800028d   Thumb Code     0  libinit.o(.ARM.Collect$$libinit$$00000000)
    __rt_lib_init_fp_1                       0x0800028f   Thumb Code     0  libinit2.o(.ARM.Collect$$libinit$$00000001)
    __rt_lib_init_heap_1                     0x08000293   Thumb Code     0  libinit2.o(.ARM.Collect$$libinit$$0000000A)
    __rt_lib_init_lc_common                  0x08000293   Thumb Code     0  libinit2.o(.ARM.Collect$$libinit$$0000000F)
    __rt_lib_init_preinit_1                  0x08000293   Thumb Code     0  libinit2.o(.ARM.Collect$$libinit$$00000004)
    __rt_lib_init_rand_1                     0x08000293   Thumb Code     0  libinit2.o(.ARM.Collect$$libinit$$0000000E)
    __rt_lib_init_user_alloc_1               0x08000293   Thumb Code     0  libinit2.o(.ARM.Collect$$libinit$$0000000C)
    __rt_lib_init_lc_collate_1               0x08000299   Thumb Code     0  libinit2.o(.ARM.Collect$$libinit$$00000011)
    __rt_lib_init_lc_ctype_2                 0x08000299   Thumb Code     0  libinit2.o(.ARM.Collect$$libinit$$00000012)
    __rt_lib_init_lc_ctype_1                 0x080002a5   Thumb Code     0  libinit2.o(.ARM.Collect$$libinit$$00000013)
    __rt_lib_init_lc_monetary_1              0x080002a5   Thumb Code     0  libinit2.o(.ARM.Collect$$libinit$$00000015)
    __rt_lib_init_lc_numeric_2               0x080002a5   Thumb Code     0  libinit2.o(.ARM.Collect$$libinit$$00000016)
    __rt_lib_init_alloca_1                   0x080002af   Thumb Code     0  libinit2.o(.ARM.Collect$$libinit$$0000002E)
    __rt_lib_init_argv_1                     0x080002af   Thumb Code     0  libinit2.o(.ARM.Collect$$libinit$$0000002C)
    __rt_lib_init_atexit_1                   0x080002af   Thumb Code     0  libinit2.o(.ARM.Collect$$libinit$$0000001B)
    __rt_lib_init_clock_1                    0x080002af   Thumb Code     0  libinit2.o(.ARM.Collect$$libinit$$00000021)
    __rt_lib_init_cpp_1                      0x080002af   Thumb Code     0  libinit2.o(.ARM.Collect$$libinit$$00000032)
    __rt_lib_init_exceptions_1               0x080002af   Thumb Code     0  libinit2.o(.ARM.Collect$$libinit$$00000030)
    __rt_lib_init_fp_trap_1                  0x080002af   Thumb Code     0  libinit2.o(.ARM.Collect$$libinit$$0000001F)
    __rt_lib_init_getenv_1                   0x080002af   Thumb Code     0  libinit2.o(.ARM.Collect$$libinit$$00000023)
    __rt_lib_init_lc_numeric_1               0x080002af   Thumb Code     0  libinit2.o(.ARM.Collect$$libinit$$00000017)
    __rt_lib_init_lc_time_1                  0x080002af   Thumb Code     0  libinit2.o(.ARM.Collect$$libinit$$00000019)
    __rt_lib_init_return                     0x080002af   Thumb Code     0  libinit2.o(.ARM.Collect$$libinit$$00000033)
    __rt_lib_init_signal_1                   0x080002af   Thumb Code     0  libinit2.o(.ARM.Collect$$libinit$$0000001D)
    __rt_lib_init_stdio_1                    0x080002af   Thumb Code     0  libinit2.o(.ARM.Collect$$libinit$$00000025)
    __rt_lib_shutdown                        0x080002b1   Thumb Code     0  libshutdown.o(.ARM.Collect$$libshutdown$$00000000)
    __rt_lib_shutdown_cpp_1                  0x080002b3   Thumb Code     0  libshutdown2.o(.ARM.Collect$$libshutdown$$00000002)
    __rt_lib_shutdown_fp_trap_1              0x080002b3   Thumb Code     0  libshutdown2.o(.ARM.Collect$$libshutdown$$00000007)
    __rt_lib_shutdown_heap_1                 0x080002b3   Thumb Code     0  libshutdown2.o(.ARM.Collect$$libshutdown$$0000000F)
    __rt_lib_shutdown_return                 0x080002b3   Thumb Code     0  libshutdown2.o(.ARM.Collect$$libshutdown$$00000010)
    __rt_lib_shutdown_signal_1               0x080002b3   Thumb Code     0  libshutdown2.o(.ARM.Collect$$libshutdown$$0000000A)
    __rt_lib_shutdown_stdio_1                0x080002b3   Thumb Code     0  libshutdown2.o(.ARM.Collect$$libshutdown$$00000004)
    __rt_lib_shutdown_user_alloc_1           0x080002b3   Thumb Code     0  libshutdown2.o(.ARM.Collect$$libshutdown$$0000000C)
    __rt_entry                               0x080002b5   Thumb Code     0  __rtentry.o(.ARM.Collect$$rtentry$$00000000)
    __rt_entry_presh_1                       0x080002b5   Thumb Code     0  __rtentry2.o(.ARM.Collect$$rtentry$$00000002)
    __rt_entry_sh                            0x080002b5   Thumb Code     0  __rtentry4.o(.ARM.Collect$$rtentry$$00000004)
    __rt_entry_li                            0x080002bb   Thumb Code     0  __rtentry2.o(.ARM.Collect$$rtentry$$0000000A)
    __rt_entry_postsh_1                      0x080002bb   Thumb Code     0  __rtentry2.o(.ARM.Collect$$rtentry$$00000009)
    __rt_entry_main                          0x080002bf   Thumb Code     0  __rtentry2.o(.ARM.Collect$$rtentry$$0000000D)
    __rt_entry_postli_1                      0x080002bf   Thumb Code     0  __rtentry2.o(.ARM.Collect$$rtentry$$0000000C)
    __rt_exit                                0x080002c7   Thumb Code     0  rtexit.o(.ARM.Collect$$rtexit$$00000000)
    __rt_exit_ls                             0x080002c9   Thumb Code     0  rtexit2.o(.ARM.Collect$$rtexit$$00000003)
    __rt_exit_prels_1                        0x080002c9   Thumb Code     0  rtexit2.o(.ARM.Collect$$rtexit$$00000002)
    __rt_exit_exit                           0x080002cd   Thumb Code     0  rtexit2.o(.ARM.Collect$$rtexit$$00000004)
    bsp_init                                 0x080002d5   Thumb Code    92  main.o(.text)
    chassic_control_task                     0x08000331   Thumb Code  1490  main.o(.text)
    Pick_Plane_Ctr_Task                      0x08000903   Thumb Code   124  main.o(.text)
    debug                                    0x0800097f   Thumb Code    60  main.o(.text)
    main                                     0x080009bb   Thumb Code   752  main.o(.text)
    NMI_Handler                              0x08000cb5   Thumb Code     2  stm32f4xx_it.o(.text)
    HardFault_Handler                        0x08000cb7   Thumb Code    16  stm32f4xx_it.o(.text)
    MemManage_Handler                        0x08000cc7   Thumb Code     4  stm32f4xx_it.o(.text)
    BusFault_Handler                         0x08000ccb   Thumb Code     4  stm32f4xx_it.o(.text)
    UsageFault_Handler                       0x08000ccf   Thumb Code     4  stm32f4xx_it.o(.text)
    DebugMon_Handler                         0x08000cd3   Thumb Code     2  stm32f4xx_it.o(.text)
    Data_Upload                              0x08000ce5   Thumb Code   278  comunication.o(.text)
    DownLoad_prase                           0x08000dfb   Thumb Code    60  comunication.o(.text)
    NX_Data_prase                            0x08000e37   Thumb Code   196  comunication.o(.text)
    NX_Data_Return                           0x08000efb   Thumb Code   252  comunication.o(.text)
    Auto_Release_Plane                       0x08001011   Thumb Code   234  control.o(.text)
    Auto_Pick_Plane                          0x080010fb   Thumb Code   380  control.o(.text)
    AGV_Work_Mode_Choose                     0x08001277   Thumb Code    86  control.o(.text)
    RGB_Ctr_Task                             0x080012cd   Thumb Code     2  control.o(.text)
    Plane_Check_Task                         0x080012cf   Thumb Code    56  control.o(.text)
    Follow_Line_Clear                        0x08001307   Thumb Code    36  control.o(.text)
    Limit                                    0x0800132b   Thumb Code    18  control.o(.text)
    Auto_FollowLine_Task                     0x0800133d   Thumb Code  2756  control.o(.text)
    bsp_InitUart                             0x08001ea9   Thumb Code   488  bsp_usart.o(.text)
    USART1_DMA_RX_LEN                        0x08002091   Thumb Code    10  bsp_usart.o(.text)
    USART1_IRQHandler                        0x0800209b   Thumb Code   112  bsp_usart.o(.text)
    fgetc                                    0x0800210b   Thumb Code    26  bsp_usart.o(.text)
    USART1_DMA_Send                          0x08002125   Thumb Code    76  bsp_usart.o(.text)
    send_data_dma_u1                         0x08002171   Thumb Code    36  bsp_usart.o(.text)
    u1_printf                                0x08002195   Thumb Code    44  bsp_usart.o(.text)
    DMA2_Stream2_IRQHandler                  0x080021c1   Thumb Code    22  bsp_usart.o(.text)
    DMA2_Stream7_IRQHandler                  0x080021d7   Thumb Code    32  bsp_usart.o(.text)
    delay_init                               0x0800221d   Thumb Code    52  bsp_delay.o(.text)
    delay_us                                 0x08002251   Thumb Code    72  bsp_delay.o(.text)
    delay_xms                                0x08002299   Thumb Code    72  bsp_delay.o(.text)
    delay_ms                                 0x080022e1   Thumb Code    56  bsp_delay.o(.text)
    delay_solft_ms                           0x08002319   Thumb Code    28  bsp_delay.o(.text)
    CAN1_Configuration                       0x0800233d   Thumb Code   336  can1.o(.text)
    CAN1_TX_IRQHandler                       0x0800248d   Thumb Code    28  can1.o(.text)
    CAN1_RX0_IRQHandler                      0x080024a9   Thumb Code    36  can1.o(.text)
    CAN1_RX1_IRQHandler                      0x080024cd   Thumb Code    36  can1.o(.text)
    CAN1_TX_PACKET                           0x080024f1   Thumb Code    74  can1.o(.text)
    CAN1_TX_EXTID                            0x0800253b   Thumb Code    96  can1.o(.text)
    CAN2_Configuration                       0x080025a9   Thumb Code   618  can2.o(.text)
    CAN2_TX_IRQHandler                       0x08002813   Thumb Code    28  can2.o(.text)
    CAN2_RX0_IRQHandler                      0x0800282f   Thumb Code   418  can2.o(.text)
    CAN2_RX1_IRQHandler                      0x080029d1   Thumb Code    78  can2.o(.text)
    CAN2_TX_PACKET                           0x08002a1f   Thumb Code    94  can2.o(.text)
    CAN2_TX_EXTID                            0x08002a7d   Thumb Code    96  can2.o(.text)
    TIM4_Encoder_Init                        0x08002ae9   Thumb Code   106  pwm.o(.text)
    Encoder4_Get_CNT                         0x08002b53   Thumb Code    30  pwm.o(.text)
    EXTI3_IRQHandler                         0x08002b71   Thumb Code    20  pwm.o(.text)
    EXTIX_Encoder_Init                       0x08002b85   Thumb Code   120  pwm.o(.text)
    TIM5_Init                                0x08002bfd   Thumb Code   112  pwm.o(.text)
    TIM5_IRQHandler                          0x08002c6d   Thumb Code   376  pwm.o(.text)
    TIM_Counter_init                         0x08002de5   Thumb Code   516  pwm.o(.text)
    TIM_PWM_init                             0x08002fe9   Thumb Code   310  pwm.o(.text)
    RC_Init                                  0x0800312d   Thumb Code   168  dr16.o(.text)
    DR16_Unlink_Check                        0x080031d5   Thumb Code    30  dr16.o(.text)
    USART2_IRQHandler                        0x080031f3   Thumb Code   310  dr16.o(.text)
    CRC8_Table                               0x08003371   Thumb Code    28  crc8.o(.text)
    CRC8_Table_Check                         0x0800338d   Thumb Code    36  crc8.o(.text)
    LED_GPIO_Config                          0x080033b5   Thumb Code    48  led.o(.text)
    Relay_Init                               0x080033e5   Thumb Code    64  led.o(.text)
    Exti_Gpio_Init                           0x08003425   Thumb Code    44  led.o(.text)
    _sys_exit                                0x08003459   Thumb Code     4  usart.o(.text)
    fputc                                    0x0800345d   Thumb Code    22  usart.o(.text)
    usart3_init                              0x08003473   Thumb Code   468  usart.o(.text)
    USART3_DMA_RX_LEN                        0x08003647   Thumb Code    10  usart.o(.text)
    USART3_IRQHandler                        0x08003651   Thumb Code   122  usart.o(.text)
    USART3_DMA_Send                          0x080036cb   Thumb Code    76  usart.o(.text)
    send_data_dma_u3                         0x08003717   Thumb Code    36  usart.o(.text)
    DMA1_Stream1_IRQHandler                  0x0800373b   Thumb Code    22  usart.o(.text)
    u3_printf                                0x08003751   Thumb Code    44  usart.o(.text)
    DMA1_Stream3_IRQHandler                  0x0800377d   Thumb Code    32  usart.o(.text)
    usart4_init                              0x0800379d   Thumb Code   544  usart.o(.text)
    USART4_DMA_RX_LEN                        0x080039bd   Thumb Code    10  usart.o(.text)
    UART4_IRQHandler                         0x080039c7   Thumb Code   120  usart.o(.text)
    USART4_DMA_Send                          0x08003a3f   Thumb Code    76  usart.o(.text)
    send_data_dma_u4                         0x08003a8b   Thumb Code    36  usart.o(.text)
    DMA1_Stream4_IRQHandler                  0x08003aaf   Thumb Code    42  usart.o(.text)
    DMA1_Stream2_IRQHandler                  0x08003ad9   Thumb Code    34  usart.o(.text)
    usart5_init                              0x08003afb   Thumb Code   532  usart.o(.text)
    USART5_DMA_RX_LEN                        0x08003d0f   Thumb Code    10  usart.o(.text)
    UART5_IRQHandler                         0x08003d19   Thumb Code   110  usart.o(.text)
    DMA1_Stream7_IRQHandler                  0x08003d87   Thumb Code    40  usart.o(.text)
    USART5_DMA_Send                          0x08003daf   Thumb Code    66  usart.o(.text)
    send_data_dma_u5                         0x08003df1   Thumb Code    36  usart.o(.text)
    usart6_init                              0x08003e15   Thumb Code   482  usart.o(.text)
    reset2isp                                0x08003ff7   Thumb Code    68  usart.o(.text)
    USART6_DMA_RX_LEN                        0x0800403b   Thumb Code    10  usart.o(.text)
    USART6_IRQHandler                        0x08004045   Thumb Code   108  usart.o(.text)
    DMA2_Stream1_IRQHandler                  0x080040b1   Thumb Code    96  usart.o(.text)
    DMA2_Stream6_IRQHandler                  0x08004111   Thumb Code    36  usart.o(.text)
    USART6_DMA_Send                          0x08004135   Thumb Code    66  usart.o(.text)
    send_data_dma_u6                         0x08004177   Thumb Code    56  usart.o(.text)
    server_485_init                          0x080041af   Thumb Code    74  usart.o(.text)
    Set_Motor_Speed                          0x0800420d   Thumb Code    38  zl5servo.o(.text)
    Set_Motor_Postion                        0x08004233   Thumb Code    50  zl5servo.o(.text)
    Set_Motor_Modbus                         0x08004265   Thumb Code    30  zl5servo.o(.text)
    Set_Motor_Stop                           0x08004283   Thumb Code    22  zl5servo.o(.text)
    Set_Driver_Ready_Vel                     0x08004299   Thumb Code    88  zl5servo.o(.text)
    Clear_Errcode                            0x080042f1   Thumb Code    26  zl5servo.o(.text)
    Config_Vel_Mode                          0x0800430b   Thumb Code    26  zl5servo.o(.text)
    Set_Driver_Ready                         0x08004325   Thumb Code    58  zl5servo.o(.text)
    Config_Pos_Mode                          0x0800435f   Thumb Code    26  zl5servo.o(.text)
    Enable_All_Motor_Modbus                  0x08004379   Thumb Code   300  zl5servo.o(.text)
    Send_chassic_speed                       0x080044a5   Thumb Code    72  zl5servo.o(.text)
    Send_chassic_omgset                      0x080044ed   Thumb Code    72  zl5servo.o(.text)
    Set_Driver_Pos                           0x08004535   Thumb Code    52  zl5servo.o(.text)
    Set_Driver_Pos_Speed                     0x08004569   Thumb Code    52  zl5servo.o(.text)
    Start_Driver_Pos_Ctr                     0x0800459d   Thumb Code    26  zl5servo.o(.text)
    Read_Driver_Pos_Status                   0x080045b7   Thumb Code    26  zl5servo.o(.text)
    Set_Driver_Vel                           0x080045d1   Thumb Code   168  zl5servo.o(.text)
    Stop_All_Chassicmotor                    0x08004679   Thumb Code    36  zl5servo.o(.text)
    Send_UpDownMotor_Speed                   0x080046bd   Thumb Code    50  pickplane.o(.text)
    Send_PushPullMotor_Speed                 0x080046ef   Thumb Code    50  pickplane.o(.text)
    Send_CatchMotor_Speed                    0x08004721   Thumb Code    50  pickplane.o(.text)
    Stop_All_Bldcmotor                       0x08004753   Thumb Code    28  pickplane.o(.text)
    Catch_Motor_Open                         0x0800476f   Thumb Code    14  pickplane.o(.text)
    Catch_Motor_Close                        0x0800477d   Thumb Code    16  pickplane.o(.text)
    Catch_Motor_Stop                         0x0800478d   Thumb Code    12  pickplane.o(.text)
    PP_Motor_Push                            0x08004799   Thumb Code    16  pickplane.o(.text)
    PP_Motor_Pull                            0x080047a9   Thumb Code    14  pickplane.o(.text)
    PP_Motor_Stop                            0x080047b7   Thumb Code    12  pickplane.o(.text)
    UD_Motor_Up                              0x080047c3   Thumb Code    14  pickplane.o(.text)
    UD_Motor_Down                            0x080047d1   Thumb Code    14  pickplane.o(.text)
    UD_Motor_Stop                            0x080047df   Thumb Code    12  pickplane.o(.text)
    Bms_Get_Soc                              0x08004805   Thumb Code    16  bms.o(.text)
    NVIC_PriorityGroupConfig                 0x0800481d   Thumb Code    10  misc.o(.text)
    NVIC_Init                                0x08004827   Thumb Code   106  misc.o(.text)
    NVIC_SetVectorTable                      0x08004891   Thumb Code    14  misc.o(.text)
    NVIC_SystemLPConfig                      0x0800489f   Thumb Code    34  misc.o(.text)
    SysTick_CLKSourceConfig                  0x080048c1   Thumb Code    40  misc.o(.text)
    CAN_DeInit                               0x080048fd   Thumb Code    50  stm32f4xx_can.o(.text)
    CAN_Init                                 0x0800492f   Thumb Code   276  stm32f4xx_can.o(.text)
    CAN_FilterInit                           0x08004a43   Thumb Code   258  stm32f4xx_can.o(.text)
    CAN_StructInit                           0x08004b45   Thumb Code    32  stm32f4xx_can.o(.text)
    CAN_SlaveStartBank                       0x08004b65   Thumb Code    48  stm32f4xx_can.o(.text)
    CAN_DBGFreeze                            0x08004b95   Thumb Code    22  stm32f4xx_can.o(.text)
    CAN_TTComModeCmd                         0x08004bab   Thumb Code   118  stm32f4xx_can.o(.text)
    CAN_Transmit                             0x08004c21   Thumb Code   304  stm32f4xx_can.o(.text)
    CAN_TransmitStatus                       0x08004d51   Thumb Code   138  stm32f4xx_can.o(.text)
    CAN_CancelTransmit                       0x08004ddb   Thumb Code    48  stm32f4xx_can.o(.text)
    CAN_Receive                              0x08004e0b   Thumb Code   240  stm32f4xx_can.o(.text)
    CAN_FIFORelease                          0x08004efb   Thumb Code    22  stm32f4xx_can.o(.text)
    CAN_MessagePending                       0x08004f11   Thumb Code    30  stm32f4xx_can.o(.text)
    CAN_OperatingModeRequest                 0x08004f2f   Thumb Code   162  stm32f4xx_can.o(.text)
    CAN_Sleep                                0x08004fd1   Thumb Code    30  stm32f4xx_can.o(.text)
    CAN_WakeUp                               0x08004fef   Thumb Code    48  stm32f4xx_can.o(.text)
    CAN_GetLastErrorCode                     0x0800501f   Thumb Code    12  stm32f4xx_can.o(.text)
    CAN_GetReceiveErrorCounter               0x0800502b   Thumb Code    10  stm32f4xx_can.o(.text)
    CAN_GetLSBTransmitErrorCounter           0x08005035   Thumb Code    12  stm32f4xx_can.o(.text)
    CAN_ITConfig                             0x08005041   Thumb Code    18  stm32f4xx_can.o(.text)
    CAN_GetFlagStatus                        0x08005053   Thumb Code   120  stm32f4xx_can.o(.text)
    CAN_ClearFlag                            0x080050cb   Thumb Code    52  stm32f4xx_can.o(.text)
    CAN_GetITStatus                          0x08005111   Thumb Code   310  stm32f4xx_can.o(.text)
    CAN_ClearITPendingBit                    0x08005247   Thumb Code   162  stm32f4xx_can.o(.text)
    DMA_DeInit                               0x080052ed   Thumb Code   324  stm32f4xx_dma.o(.text)
    DMA_Init                                 0x08005431   Thumb Code    82  stm32f4xx_dma.o(.text)
    DMA_StructInit                           0x08005483   Thumb Code    34  stm32f4xx_dma.o(.text)
    DMA_Cmd                                  0x080054a5   Thumb Code    22  stm32f4xx_dma.o(.text)
    DMA_PeriphIncOffsetSizeConfig            0x080054bb   Thumb Code    22  stm32f4xx_dma.o(.text)
    DMA_FlowControllerConfig                 0x080054d1   Thumb Code    22  stm32f4xx_dma.o(.text)
    DMA_SetCurrDataCounter                   0x080054e7   Thumb Code     4  stm32f4xx_dma.o(.text)
    DMA_GetCurrDataCounter                   0x080054eb   Thumb Code     8  stm32f4xx_dma.o(.text)
    DMA_DoubleBufferModeConfig               0x080054f3   Thumb Code    24  stm32f4xx_dma.o(.text)
    DMA_DoubleBufferModeCmd                  0x0800550b   Thumb Code    22  stm32f4xx_dma.o(.text)
    DMA_MemoryTargetConfig                   0x08005521   Thumb Code    10  stm32f4xx_dma.o(.text)
    DMA_GetCurrentMemoryTarget               0x0800552b   Thumb Code    20  stm32f4xx_dma.o(.text)
    DMA_GetCmdStatus                         0x0800553f   Thumb Code    20  stm32f4xx_dma.o(.text)
    DMA_GetFIFOStatus                        0x08005553   Thumb Code    12  stm32f4xx_dma.o(.text)
    DMA_GetFlagStatus                        0x0800555f   Thumb Code    56  stm32f4xx_dma.o(.text)
    DMA_ClearFlag                            0x08005597   Thumb Code    40  stm32f4xx_dma.o(.text)
    DMA_ITConfig                             0x080055bf   Thumb Code    58  stm32f4xx_dma.o(.text)
    DMA_GetITStatus                          0x080055f9   Thumb Code    84  stm32f4xx_dma.o(.text)
    DMA_ClearITPendingBit                    0x0800564d   Thumb Code    40  stm32f4xx_dma.o(.text)
    EXTI_DeInit                              0x08005695   Thumb Code    28  stm32f4xx_exti.o(.text)
    EXTI_Init                                0x080056b1   Thumb Code   142  stm32f4xx_exti.o(.text)
    EXTI_StructInit                          0x0800573f   Thumb Code    16  stm32f4xx_exti.o(.text)
    EXTI_GenerateSWInterrupt                 0x0800574f   Thumb Code    16  stm32f4xx_exti.o(.text)
    EXTI_GetFlagStatus                       0x0800575f   Thumb Code    22  stm32f4xx_exti.o(.text)
    EXTI_ClearFlag                           0x08005775   Thumb Code     8  stm32f4xx_exti.o(.text)
    EXTI_GetITStatus                         0x0800577d   Thumb Code    34  stm32f4xx_exti.o(.text)
    EXTI_ClearITPendingBit                   0x0800579f   Thumb Code     8  stm32f4xx_exti.o(.text)
    GPIO_DeInit                              0x080057b1   Thumb Code   220  stm32f4xx_gpio.o(.text)
    GPIO_Init                                0x0800588d   Thumb Code   144  stm32f4xx_gpio.o(.text)
    GPIO_StructInit                          0x0800591d   Thumb Code    18  stm32f4xx_gpio.o(.text)
    GPIO_PinLockConfig                       0x0800592f   Thumb Code    34  stm32f4xx_gpio.o(.text)
    GPIO_ReadInputDataBit                    0x08005951   Thumb Code    18  stm32f4xx_gpio.o(.text)
    GPIO_ReadInputData                       0x08005963   Thumb Code     8  stm32f4xx_gpio.o(.text)
    GPIO_ReadOutputDataBit                   0x0800596b   Thumb Code    18  stm32f4xx_gpio.o(.text)
    GPIO_ReadOutputData                      0x0800597d   Thumb Code     8  stm32f4xx_gpio.o(.text)
    GPIO_SetBits                             0x08005985   Thumb Code     4  stm32f4xx_gpio.o(.text)
    GPIO_ResetBits                           0x08005989   Thumb Code     4  stm32f4xx_gpio.o(.text)
    GPIO_WriteBit                            0x0800598d   Thumb Code    10  stm32f4xx_gpio.o(.text)
    GPIO_Write                               0x08005997   Thumb Code     4  stm32f4xx_gpio.o(.text)
    GPIO_ToggleBits                          0x0800599b   Thumb Code     8  stm32f4xx_gpio.o(.text)
    GPIO_PinAFConfig                         0x080059a3   Thumb Code    70  stm32f4xx_gpio.o(.text)
    RCC_DeInit                               0x08005a0d   Thumb Code    60  stm32f4xx_rcc.o(.text)
    RCC_HSEConfig                            0x08005a49   Thumb Code    14  stm32f4xx_rcc.o(.text)
    RCC_GetFlagStatus                        0x08005a57   Thumb Code    60  stm32f4xx_rcc.o(.text)
    RCC_WaitForHSEStartUp                    0x08005a93   Thumb Code    56  stm32f4xx_rcc.o(.text)
    RCC_AdjustHSICalibrationValue            0x08005acb   Thumb Code    20  stm32f4xx_rcc.o(.text)
    RCC_HSICmd                               0x08005adf   Thumb Code     6  stm32f4xx_rcc.o(.text)
    RCC_LSEConfig                            0x08005ae5   Thumb Code    46  stm32f4xx_rcc.o(.text)
    RCC_LSICmd                               0x08005b13   Thumb Code     6  stm32f4xx_rcc.o(.text)
    RCC_PLLConfig                            0x08005b19   Thumb Code    32  stm32f4xx_rcc.o(.text)
    RCC_PLLCmd                               0x08005b39   Thumb Code     6  stm32f4xx_rcc.o(.text)
    RCC_PLLI2SConfig                         0x08005b3f   Thumb Code    14  stm32f4xx_rcc.o(.text)
    RCC_PLLI2SCmd                            0x08005b4d   Thumb Code     6  stm32f4xx_rcc.o(.text)
    RCC_ClockSecuritySystemCmd               0x08005b53   Thumb Code     6  stm32f4xx_rcc.o(.text)
    RCC_MCO1Config                           0x08005b59   Thumb Code    28  stm32f4xx_rcc.o(.text)
    RCC_MCO2Config                           0x08005b75   Thumb Code    28  stm32f4xx_rcc.o(.text)
    RCC_SYSCLKConfig                         0x08005b91   Thumb Code    20  stm32f4xx_rcc.o(.text)
    RCC_GetSYSCLKSource                      0x08005ba5   Thumb Code    12  stm32f4xx_rcc.o(.text)
    RCC_HCLKConfig                           0x08005bb1   Thumb Code    20  stm32f4xx_rcc.o(.text)
    RCC_PCLK1Config                          0x08005bc5   Thumb Code    20  stm32f4xx_rcc.o(.text)
    RCC_PCLK2Config                          0x08005bd9   Thumb Code    22  stm32f4xx_rcc.o(.text)
    RCC_GetClocksFreq                        0x08005bef   Thumb Code   222  stm32f4xx_rcc.o(.text)
    RCC_RTCCLKConfig                         0x08005ccd   Thumb Code    54  stm32f4xx_rcc.o(.text)
    RCC_RTCCLKCmd                            0x08005d03   Thumb Code     8  stm32f4xx_rcc.o(.text)
    RCC_BackupResetCmd                       0x08005d0b   Thumb Code     8  stm32f4xx_rcc.o(.text)
    RCC_I2SCLKConfig                         0x08005d13   Thumb Code     6  stm32f4xx_rcc.o(.text)
    RCC_AHB1PeriphClockCmd                   0x08005d19   Thumb Code    34  stm32f4xx_rcc.o(.text)
    RCC_AHB2PeriphClockCmd                   0x08005d3b   Thumb Code    34  stm32f4xx_rcc.o(.text)
    RCC_AHB3PeriphClockCmd                   0x08005d5d   Thumb Code    34  stm32f4xx_rcc.o(.text)
    RCC_APB1PeriphClockCmd                   0x08005d7f   Thumb Code    34  stm32f4xx_rcc.o(.text)
    RCC_APB2PeriphClockCmd                   0x08005da1   Thumb Code    34  stm32f4xx_rcc.o(.text)
    RCC_AHB1PeriphResetCmd                   0x08005dc3   Thumb Code    34  stm32f4xx_rcc.o(.text)
    RCC_AHB2PeriphResetCmd                   0x08005de5   Thumb Code    72  stm32f4xx_rcc.o(.text)
    RCC_AHB3PeriphResetCmd                   0x08005e2d   Thumb Code    34  stm32f4xx_rcc.o(.text)
    RCC_APB1PeriphResetCmd                   0x08005e4f   Thumb Code    34  stm32f4xx_rcc.o(.text)
    RCC_APB2PeriphResetCmd                   0x08005e71   Thumb Code    34  stm32f4xx_rcc.o(.text)
    RCC_AHB1PeriphClockLPModeCmd             0x08005e93   Thumb Code    34  stm32f4xx_rcc.o(.text)
    RCC_AHB2PeriphClockLPModeCmd             0x08005eb5   Thumb Code    34  stm32f4xx_rcc.o(.text)
    RCC_AHB3PeriphClockLPModeCmd             0x08005ed7   Thumb Code    34  stm32f4xx_rcc.o(.text)
    RCC_APB1PeriphClockLPModeCmd             0x08005ef9   Thumb Code    34  stm32f4xx_rcc.o(.text)
    RCC_APB2PeriphClockLPModeCmd             0x08005f1b   Thumb Code    34  stm32f4xx_rcc.o(.text)
    RCC_ITConfig                             0x08005f3d   Thumb Code    34  stm32f4xx_rcc.o(.text)
    RCC_ClearFlag                            0x08005f5f   Thumb Code    18  stm32f4xx_rcc.o(.text)
    RCC_GetITStatus                          0x08005f71   Thumb Code    22  stm32f4xx_rcc.o(.text)
    RCC_ClearITPendingBit                    0x08005f87   Thumb Code     8  stm32f4xx_rcc.o(.text)
    TIM_DeInit                               0x08005f95   Thumb Code   346  stm32f4xx_tim.o(.text)
    TIM_TimeBaseInit                         0x080060ef   Thumb Code   104  stm32f4xx_tim.o(.text)
    TIM_TimeBaseStructInit                   0x08006157   Thumb Code    18  stm32f4xx_tim.o(.text)
    TIM_PrescalerConfig                      0x08006169   Thumb Code     6  stm32f4xx_tim.o(.text)
    TIM_CounterModeConfig                    0x0800616f   Thumb Code    18  stm32f4xx_tim.o(.text)
    TIM_SetCounter                           0x08006181   Thumb Code     4  stm32f4xx_tim.o(.text)
    TIM_SetAutoreload                        0x08006185   Thumb Code     4  stm32f4xx_tim.o(.text)
    TIM_GetCounter                           0x08006189   Thumb Code     6  stm32f4xx_tim.o(.text)
    TIM_GetPrescaler                         0x0800618f   Thumb Code     6  stm32f4xx_tim.o(.text)
    TIM_UpdateDisableConfig                  0x08006195   Thumb Code    24  stm32f4xx_tim.o(.text)
    TIM_UpdateRequestConfig                  0x080061ad   Thumb Code    24  stm32f4xx_tim.o(.text)
    TIM_ARRPreloadConfig                     0x080061c5   Thumb Code    24  stm32f4xx_tim.o(.text)
    TIM_SelectOnePulseMode                   0x080061dd   Thumb Code    18  stm32f4xx_tim.o(.text)
    TIM_SetClockDivision                     0x080061ef   Thumb Code    18  stm32f4xx_tim.o(.text)
    TIM_Cmd                                  0x08006201   Thumb Code    24  stm32f4xx_tim.o(.text)
    TIM_OC1Init                              0x08006219   Thumb Code   114  stm32f4xx_tim.o(.text)
    TIM_OC2Init                              0x0800628b   Thumb Code   154  stm32f4xx_tim.o(.text)
    TIM_OC3Init                              0x08006325   Thumb Code   204  stm32f4xx_tim.o(.text)
    TIM_OC4Init                              0x080063f1   Thumb Code   112  stm32f4xx_tim.o(.text)
    TIM_OCStructInit                         0x08006461   Thumb Code    20  stm32f4xx_tim.o(.text)
    TIM_SelectOCxM                           0x08006475   Thumb Code    86  stm32f4xx_tim.o(.text)
    TIM_SetCompare1                          0x080064cb   Thumb Code     4  stm32f4xx_tim.o(.text)
    TIM_SetCompare2                          0x080064cf   Thumb Code     4  stm32f4xx_tim.o(.text)
    TIM_SetCompare3                          0x080064d3   Thumb Code     4  stm32f4xx_tim.o(.text)
    TIM_SetCompare4                          0x080064d7   Thumb Code     4  stm32f4xx_tim.o(.text)
    TIM_ForcedOC1Config                      0x080064db   Thumb Code    18  stm32f4xx_tim.o(.text)
    TIM_ForcedOC2Config                      0x080064ed   Thumb Code    26  stm32f4xx_tim.o(.text)
    TIM_ForcedOC3Config                      0x08006507   Thumb Code    18  stm32f4xx_tim.o(.text)
    TIM_ForcedOC4Config                      0x08006519   Thumb Code    26  stm32f4xx_tim.o(.text)
    TIM_OC1PreloadConfig                     0x08006533   Thumb Code    18  stm32f4xx_tim.o(.text)
    TIM_OC2PreloadConfig                     0x08006545   Thumb Code    26  stm32f4xx_tim.o(.text)
    TIM_OC3PreloadConfig                     0x0800655f   Thumb Code    18  stm32f4xx_tim.o(.text)
    TIM_OC4PreloadConfig                     0x08006571   Thumb Code    26  stm32f4xx_tim.o(.text)
    TIM_OC1FastConfig                        0x0800658b   Thumb Code    18  stm32f4xx_tim.o(.text)
    TIM_OC2FastConfig                        0x0800659d   Thumb Code    26  stm32f4xx_tim.o(.text)
    TIM_OC3FastConfig                        0x080065b7   Thumb Code    18  stm32f4xx_tim.o(.text)
    TIM_OC4FastConfig                        0x080065c9   Thumb Code    26  stm32f4xx_tim.o(.text)
    TIM_ClearOC1Ref                          0x080065e3   Thumb Code    18  stm32f4xx_tim.o(.text)
    TIM_ClearOC2Ref                          0x080065f5   Thumb Code    24  stm32f4xx_tim.o(.text)
    TIM_ClearOC3Ref                          0x0800660d   Thumb Code    18  stm32f4xx_tim.o(.text)
    TIM_ClearOC4Ref                          0x0800661f   Thumb Code    24  stm32f4xx_tim.o(.text)
    TIM_OC1PolarityConfig                    0x08006637   Thumb Code    18  stm32f4xx_tim.o(.text)
    TIM_OC1NPolarityConfig                   0x08006649   Thumb Code    18  stm32f4xx_tim.o(.text)
    TIM_OC2PolarityConfig                    0x0800665b   Thumb Code    26  stm32f4xx_tim.o(.text)
    TIM_OC2NPolarityConfig                   0x08006675   Thumb Code    26  stm32f4xx_tim.o(.text)
    TIM_OC3PolarityConfig                    0x0800668f   Thumb Code    26  stm32f4xx_tim.o(.text)
    TIM_OC3NPolarityConfig                   0x080066a9   Thumb Code    26  stm32f4xx_tim.o(.text)
    TIM_OC4PolarityConfig                    0x080066c3   Thumb Code    26  stm32f4xx_tim.o(.text)
    TIM_CCxCmd                               0x080066dd   Thumb Code    30  stm32f4xx_tim.o(.text)
    TIM_CCxNCmd                              0x080066fb   Thumb Code    30  stm32f4xx_tim.o(.text)
    TIM_SetIC4Prescaler                      0x08006719   Thumb Code    26  stm32f4xx_tim.o(.text)
    TIM_SetIC3Prescaler                      0x08006783   Thumb Code    18  stm32f4xx_tim.o(.text)
    TIM_SetIC2Prescaler                      0x080067dd   Thumb Code    26  stm32f4xx_tim.o(.text)
    TIM_SetIC1Prescaler                      0x08006851   Thumb Code    18  stm32f4xx_tim.o(.text)
    TIM_ICInit                               0x0800689d   Thumb Code   110  stm32f4xx_tim.o(.text)
    TIM_ICStructInit                         0x0800690b   Thumb Code    18  stm32f4xx_tim.o(.text)
    TIM_PWMIConfig                           0x0800691d   Thumb Code   124  stm32f4xx_tim.o(.text)
    TIM_GetCapture1                          0x08006999   Thumb Code     6  stm32f4xx_tim.o(.text)
    TIM_GetCapture2                          0x0800699f   Thumb Code     6  stm32f4xx_tim.o(.text)
    TIM_GetCapture3                          0x080069a5   Thumb Code     6  stm32f4xx_tim.o(.text)
    TIM_GetCapture4                          0x080069ab   Thumb Code     6  stm32f4xx_tim.o(.text)
    TIM_BDTRConfig                           0x080069b1   Thumb Code    32  stm32f4xx_tim.o(.text)
    TIM_BDTRStructInit                       0x080069d1   Thumb Code    18  stm32f4xx_tim.o(.text)
    TIM_CtrlPWMOutputs                       0x080069e3   Thumb Code    30  stm32f4xx_tim.o(.text)
    TIM_SelectCOM                            0x08006a01   Thumb Code    24  stm32f4xx_tim.o(.text)
    TIM_CCPreloadControl                     0x08006a19   Thumb Code    24  stm32f4xx_tim.o(.text)
    TIM_ITConfig                             0x08006a31   Thumb Code    18  stm32f4xx_tim.o(.text)
    TIM_GenerateEvent                        0x08006a43   Thumb Code     4  stm32f4xx_tim.o(.text)
    TIM_GetFlagStatus                        0x08006a47   Thumb Code    18  stm32f4xx_tim.o(.text)
    TIM_ClearFlag                            0x08006a59   Thumb Code     6  stm32f4xx_tim.o(.text)
    TIM_GetITStatus                          0x08006a5f   Thumb Code    34  stm32f4xx_tim.o(.text)
    TIM_ClearITPendingBit                    0x08006a81   Thumb Code     6  stm32f4xx_tim.o(.text)
    TIM_DMAConfig                            0x08006a87   Thumb Code    10  stm32f4xx_tim.o(.text)
    TIM_DMACmd                               0x08006a91   Thumb Code    18  stm32f4xx_tim.o(.text)
    TIM_SelectCCDMA                          0x08006aa3   Thumb Code    24  stm32f4xx_tim.o(.text)
    TIM_InternalClockConfig                  0x08006abb   Thumb Code    12  stm32f4xx_tim.o(.text)
    TIM_SelectInputTrigger                   0x08006ac7   Thumb Code    18  stm32f4xx_tim.o(.text)
    TIM_ITRxExternalClockConfig              0x08006ad9   Thumb Code    24  stm32f4xx_tim.o(.text)
    TIM_TIxExternalClockConfig               0x08006af1   Thumb Code    62  stm32f4xx_tim.o(.text)
    TIM_ETRConfig                            0x08006b2f   Thumb Code    28  stm32f4xx_tim.o(.text)
    TIM_ETRClockMode1Config                  0x08006b4b   Thumb Code    54  stm32f4xx_tim.o(.text)
    TIM_ETRClockMode2Config                  0x08006b81   Thumb Code    32  stm32f4xx_tim.o(.text)
    TIM_SelectOutputTrigger                  0x08006ba1   Thumb Code    18  stm32f4xx_tim.o(.text)
    TIM_SelectSlaveMode                      0x08006bb3   Thumb Code    18  stm32f4xx_tim.o(.text)
    TIM_SelectMasterSlaveMode                0x08006bc5   Thumb Code    18  stm32f4xx_tim.o(.text)
    TIM_EncoderInterfaceConfig               0x08006bd7   Thumb Code    66  stm32f4xx_tim.o(.text)
    TIM_SelectHallSensor                     0x08006c19   Thumb Code    24  stm32f4xx_tim.o(.text)
    TIM_RemapConfig                          0x08006c31   Thumb Code     6  stm32f4xx_tim.o(.text)
    USART_DeInit                             0x08006c39   Thumb Code   156  stm32f4xx_usart.o(.text)
    USART_Init                               0x08006cd5   Thumb Code   204  stm32f4xx_usart.o(.text)
    USART_StructInit                         0x08006da1   Thumb Code    24  stm32f4xx_usart.o(.text)
    USART_ClockInit                          0x08006db9   Thumb Code    32  stm32f4xx_usart.o(.text)
    USART_ClockStructInit                    0x08006dd9   Thumb Code    12  stm32f4xx_usart.o(.text)
    USART_Cmd                                0x08006de5   Thumb Code    24  stm32f4xx_usart.o(.text)
    USART_SetPrescaler                       0x08006dfd   Thumb Code    16  stm32f4xx_usart.o(.text)
    USART_OverSampling8Cmd                   0x08006e0d   Thumb Code    22  stm32f4xx_usart.o(.text)
    USART_OneBitMethodCmd                    0x08006e23   Thumb Code    24  stm32f4xx_usart.o(.text)
    USART_SendData                           0x08006e3b   Thumb Code     8  stm32f4xx_usart.o(.text)
    USART_ReceiveData                        0x08006e43   Thumb Code    10  stm32f4xx_usart.o(.text)
    USART_SetAddress                         0x08006e4d   Thumb Code    18  stm32f4xx_usart.o(.text)
    USART_ReceiverWakeUpCmd                  0x08006e5f   Thumb Code    24  stm32f4xx_usart.o(.text)
    USART_WakeUpConfig                       0x08006e77   Thumb Code    18  stm32f4xx_usart.o(.text)
    USART_LINBreakDetectLengthConfig         0x08006e89   Thumb Code    18  stm32f4xx_usart.o(.text)
    USART_LINCmd                             0x08006e9b   Thumb Code    24  stm32f4xx_usart.o(.text)
    USART_SendBreak                          0x08006eb3   Thumb Code    10  stm32f4xx_usart.o(.text)
    USART_HalfDuplexCmd                      0x08006ebd   Thumb Code    24  stm32f4xx_usart.o(.text)
    USART_SetGuardTime                       0x08006ed5   Thumb Code    16  stm32f4xx_usart.o(.text)
    USART_SmartCardCmd                       0x08006ee5   Thumb Code    24  stm32f4xx_usart.o(.text)
    USART_SmartCardNACKCmd                   0x08006efd   Thumb Code    24  stm32f4xx_usart.o(.text)
    USART_IrDAConfig                         0x08006f15   Thumb Code    18  stm32f4xx_usart.o(.text)
    USART_IrDACmd                            0x08006f27   Thumb Code    24  stm32f4xx_usart.o(.text)
    USART_DMACmd                             0x08006f3f   Thumb Code    18  stm32f4xx_usart.o(.text)
    USART_ITConfig                           0x08006f51   Thumb Code    74  stm32f4xx_usart.o(.text)
    USART_GetFlagStatus                      0x08006f9b   Thumb Code    26  stm32f4xx_usart.o(.text)
    USART_ClearFlag                          0x08006fb5   Thumb Code    18  stm32f4xx_usart.o(.text)
    USART_GetITStatus                        0x08006fc7   Thumb Code   110  stm32f4xx_usart.o(.text)
    USART_ClearITPendingBit                  0x08007035   Thumb Code    30  stm32f4xx_usart.o(.text)
    SYSCFG_DeInit                            0x08007055   Thumb Code    22  stm32f4xx_syscfg.o(.text)
    SYSCFG_MemoryRemapConfig                 0x0800706b   Thumb Code     6  stm32f4xx_syscfg.o(.text)
    SYSCFG_EXTILineConfig                    0x08007071   Thumb Code    66  stm32f4xx_syscfg.o(.text)
    SYSCFG_ETH_MediaInterfaceConfig          0x080070b3   Thumb Code     6  stm32f4xx_syscfg.o(.text)
    SYSCFG_CompensationCellCmd               0x080070b9   Thumb Code     6  stm32f4xx_syscfg.o(.text)
    SYSCFG_GetCompensationCellStatus         0x080070bf   Thumb Code    22  stm32f4xx_syscfg.o(.text)
    SystemInit                               0x080071bd   Thumb Code    88  system_stm32f4xx.o(.text)
    SystemCoreClockUpdate                    0x08007215   Thumb Code   174  system_stm32f4xx.o(.text)
    Reset_Handler                            0x080072f1   Thumb Code     8  startup_stm32f4xx.o(.text)
    SVC_Handler                              0x08007303   Thumb Code     2  startup_stm32f4xx.o(.text)
    PendSV_Handler                           0x08007307   Thumb Code     2  startup_stm32f4xx.o(.text)
    SysTick_Handler                          0x08007309   Thumb Code     2  startup_stm32f4xx.o(.text)
    ADC_IRQHandler                           0x0800730b   Thumb Code     0  startup_stm32f4xx.o(.text)
    CAN1_SCE_IRQHandler                      0x0800730b   Thumb Code     0  startup_stm32f4xx.o(.text)
    CAN2_SCE_IRQHandler                      0x0800730b   Thumb Code     0  startup_stm32f4xx.o(.text)
    CRYP_IRQHandler                          0x0800730b   Thumb Code     0  startup_stm32f4xx.o(.text)
    DCMI_IRQHandler                          0x0800730b   Thumb Code     0  startup_stm32f4xx.o(.text)
    DMA1_Stream0_IRQHandler                  0x0800730b   Thumb Code     0  startup_stm32f4xx.o(.text)
    DMA1_Stream5_IRQHandler                  0x0800730b   Thumb Code     0  startup_stm32f4xx.o(.text)
    DMA1_Stream6_IRQHandler                  0x0800730b   Thumb Code     0  startup_stm32f4xx.o(.text)
    DMA2_Stream0_IRQHandler                  0x0800730b   Thumb Code     0  startup_stm32f4xx.o(.text)
    DMA2_Stream3_IRQHandler                  0x0800730b   Thumb Code     0  startup_stm32f4xx.o(.text)
    DMA2_Stream4_IRQHandler                  0x0800730b   Thumb Code     0  startup_stm32f4xx.o(.text)
    DMA2_Stream5_IRQHandler                  0x0800730b   Thumb Code     0  startup_stm32f4xx.o(.text)
    ETH_IRQHandler                           0x0800730b   Thumb Code     0  startup_stm32f4xx.o(.text)
    ETH_WKUP_IRQHandler                      0x0800730b   Thumb Code     0  startup_stm32f4xx.o(.text)
    EXTI0_IRQHandler                         0x0800730b   Thumb Code     0  startup_stm32f4xx.o(.text)
    EXTI15_10_IRQHandler                     0x0800730b   Thumb Code     0  startup_stm32f4xx.o(.text)
    EXTI1_IRQHandler                         0x0800730b   Thumb Code     0  startup_stm32f4xx.o(.text)
    EXTI2_IRQHandler                         0x0800730b   Thumb Code     0  startup_stm32f4xx.o(.text)
    EXTI4_IRQHandler                         0x0800730b   Thumb Code     0  startup_stm32f4xx.o(.text)
    EXTI9_5_IRQHandler                       0x0800730b   Thumb Code     0  startup_stm32f4xx.o(.text)
    FLASH_IRQHandler                         0x0800730b   Thumb Code     0  startup_stm32f4xx.o(.text)
    FPU_IRQHandler                           0x0800730b   Thumb Code     0  startup_stm32f4xx.o(.text)
    FSMC_IRQHandler                          0x0800730b   Thumb Code     0  startup_stm32f4xx.o(.text)
    HASH_RNG_IRQHandler                      0x0800730b   Thumb Code     0  startup_stm32f4xx.o(.text)
    I2C1_ER_IRQHandler                       0x0800730b   Thumb Code     0  startup_stm32f4xx.o(.text)
    I2C1_EV_IRQHandler                       0x0800730b   Thumb Code     0  startup_stm32f4xx.o(.text)
    I2C2_ER_IRQHandler                       0x0800730b   Thumb Code     0  startup_stm32f4xx.o(.text)
    I2C2_EV_IRQHandler                       0x0800730b   Thumb Code     0  startup_stm32f4xx.o(.text)
    I2C3_ER_IRQHandler                       0x0800730b   Thumb Code     0  startup_stm32f4xx.o(.text)
    I2C3_EV_IRQHandler                       0x0800730b   Thumb Code     0  startup_stm32f4xx.o(.text)
    OTG_FS_IRQHandler                        0x0800730b   Thumb Code     0  startup_stm32f4xx.o(.text)
    OTG_FS_WKUP_IRQHandler                   0x0800730b   Thumb Code     0  startup_stm32f4xx.o(.text)
    OTG_HS_EP1_IN_IRQHandler                 0x0800730b   Thumb Code     0  startup_stm32f4xx.o(.text)
    OTG_HS_EP1_OUT_IRQHandler                0x0800730b   Thumb Code     0  startup_stm32f4xx.o(.text)
    OTG_HS_IRQHandler                        0x0800730b   Thumb Code     0  startup_stm32f4xx.o(.text)
    OTG_HS_WKUP_IRQHandler                   0x0800730b   Thumb Code     0  startup_stm32f4xx.o(.text)
    PVD_IRQHandler                           0x0800730b   Thumb Code     0  startup_stm32f4xx.o(.text)
    RCC_IRQHandler                           0x0800730b   Thumb Code     0  startup_stm32f4xx.o(.text)
    RTC_Alarm_IRQHandler                     0x0800730b   Thumb Code     0  startup_stm32f4xx.o(.text)
    RTC_WKUP_IRQHandler                      0x0800730b   Thumb Code     0  startup_stm32f4xx.o(.text)
    SDIO_IRQHandler                          0x0800730b   Thumb Code     0  startup_stm32f4xx.o(.text)
    SPI1_IRQHandler                          0x0800730b   Thumb Code     0  startup_stm32f4xx.o(.text)
    SPI2_IRQHandler                          0x0800730b   Thumb Code     0  startup_stm32f4xx.o(.text)
    SPI3_IRQHandler                          0x0800730b   Thumb Code     0  startup_stm32f4xx.o(.text)
    TAMP_STAMP_IRQHandler                    0x0800730b   Thumb Code     0  startup_stm32f4xx.o(.text)
    TIM1_BRK_TIM9_IRQHandler                 0x0800730b   Thumb Code     0  startup_stm32f4xx.o(.text)
    TIM1_CC_IRQHandler                       0x0800730b   Thumb Code     0  startup_stm32f4xx.o(.text)
    TIM1_TRG_COM_TIM11_IRQHandler            0x0800730b   Thumb Code     0  startup_stm32f4xx.o(.text)
    TIM1_UP_TIM10_IRQHandler                 0x0800730b   Thumb Code     0  startup_stm32f4xx.o(.text)
    TIM2_IRQHandler                          0x0800730b   Thumb Code     0  startup_stm32f4xx.o(.text)
    TIM3_IRQHandler                          0x0800730b   Thumb Code     0  startup_stm32f4xx.o(.text)
    TIM4_IRQHandler                          0x0800730b   Thumb Code     0  startup_stm32f4xx.o(.text)
    TIM6_DAC_IRQHandler                      0x0800730b   Thumb Code     0  startup_stm32f4xx.o(.text)
    TIM7_IRQHandler                          0x0800730b   Thumb Code     0  startup_stm32f4xx.o(.text)
    TIM8_BRK_TIM12_IRQHandler                0x0800730b   Thumb Code     0  startup_stm32f4xx.o(.text)
    TIM8_CC_IRQHandler                       0x0800730b   Thumb Code     0  startup_stm32f4xx.o(.text)
    TIM8_TRG_COM_TIM14_IRQHandler            0x0800730b   Thumb Code     0  startup_stm32f4xx.o(.text)
    TIM8_UP_TIM13_IRQHandler                 0x0800730b   Thumb Code     0  startup_stm32f4xx.o(.text)
    WWDG_IRQHandler                          0x0800730b   Thumb Code     0  startup_stm32f4xx.o(.text)
    __user_initial_stackheap                 0x0800730d   Thumb Code     0  startup_stm32f4xx.o(.text)
    __use_no_semihosting                     0x08007331   Thumb Code     2  use_no_semi_2.o(.text)
    vsprintf                                 0x08007335   Thumb Code    32  vsprintf.o(.text)
    strlen                                   0x08007359   Thumb Code    62  strlen.o(.text)
    __aeabi_memclr4                          0x08007397   Thumb Code     0  rt_memclr_w.o(.text)
    __aeabi_memclr8                          0x08007397   Thumb Code     0  rt_memclr_w.o(.text)
    __rt_memclr_w                            0x08007397   Thumb Code    78  rt_memclr_w.o(.text)
    _memset_w                                0x0800739b   Thumb Code     0  rt_memclr_w.o(.text)
    __use_two_region_memory                  0x080073e5   Thumb Code     2  heapauxi.o(.text)
    __rt_heap_escrow$2region                 0x080073e7   Thumb Code     2  heapauxi.o(.text)
    __rt_heap_expand$2region                 0x080073e9   Thumb Code     2  heapauxi.o(.text)
    __I$use$semihosting                      0x080073eb   Thumb Code     0  use_no_semi.o(.text)
    __use_no_semihosting_swi                 0x080073eb   Thumb Code     2  use_no_semi.o(.text)
    _printf_pre_padding                      0x080073ed   Thumb Code    44  _printf_pad.o(.text)
    _printf_post_padding                     0x08007419   Thumb Code    34  _printf_pad.o(.text)
    _printf_truncate_signed                  0x0800743b   Thumb Code    18  _printf_truncate.o(.text)
    _printf_truncate_unsigned                0x0800744d   Thumb Code    18  _printf_truncate.o(.text)
    _printf_str                              0x0800745f   Thumb Code    82  _printf_str.o(.text)
    _printf_int_dec                          0x080074b1   Thumb Code   104  _printf_dec.o(.text)
    _printf_charcount                        0x08007529   Thumb Code    40  _printf_charcount.o(.text)
    _printf_char_common                      0x0800755b   Thumb Code    32  _printf_char_common.o(.text)
    _sputc                                   0x08007581   Thumb Code    10  _sputc.o(.text)
    _printf_wctomb                           0x0800758d   Thumb Code   182  _printf_wctomb.o(.text)
    _printf_longlong_dec                     0x08007649   Thumb Code   108  _printf_longlong_dec.o(.text)
    _printf_longlong_oct                     0x080076c5   Thumb Code    66  _printf_oct_int_ll.o(.text)
    _printf_int_oct                          0x08007707   Thumb Code    24  _printf_oct_int_ll.o(.text)
    _printf_ll_oct                           0x0800771f   Thumb Code    12  _printf_oct_int_ll.o(.text)
    _printf_longlong_hex                     0x08007735   Thumb Code    86  _printf_hex_int_ll_ptr.o(.text)
    _printf_int_hex                          0x0800778b   Thumb Code    28  _printf_hex_int_ll_ptr.o(.text)
    _printf_ll_hex                           0x080077a7   Thumb Code    12  _printf_hex_int_ll_ptr.o(.text)
    _printf_hex_ptr                          0x080077b3   Thumb Code    18  _printf_hex_int_ll_ptr.o(.text)
    __printf                                 0x080077c9   Thumb Code   388  __printf_flags_ss_wp.o(.text)
    _ll_udiv10                               0x08007951   Thumb Code   138  lludiv10.o(.text)
    _printf_int_common                       0x080079db   Thumb Code   178  _printf_intcommon.o(.text)
    __lib_sel_fp_printf                      0x08007a8d   Thumb Code     2  _printf_fp_dec.o(.text)
    _printf_fp_dec_real                      0x08007c3f   Thumb Code   620  _printf_fp_dec.o(.text)
    _printf_fp_hex_real                      0x08007ead   Thumb Code   756  _printf_fp_hex.o(.text)
    _printf_cs_common                        0x080081a9   Thumb Code    20  _printf_char.o(.text)
    _printf_char                             0x080081bd   Thumb Code    16  _printf_char.o(.text)
    _printf_string                           0x080081cd   Thumb Code     8  _printf_char.o(.text)
    _printf_lcs_common                       0x080081d5   Thumb Code    20  _printf_wchar.o(.text)
    _printf_wchar                            0x080081e9   Thumb Code    16  _printf_wchar.o(.text)
    _printf_wstring                          0x080081f9   Thumb Code     8  _printf_wchar.o(.text)
    _wcrtomb                                 0x08008201   Thumb Code    64  _wcrtomb.o(.text)
    __user_setup_stackheap                   0x08008241   Thumb Code    74  sys_stackheap_outer.o(.text)
    __rt_ctype_table                         0x0800828d   Thumb Code    16  rt_ctype_table.o(.text)
    __rt_locale                              0x0800829d   Thumb Code     8  rt_locale_intlibspace.o(.text)
    _printf_fp_infnan                        0x080082a5   Thumb Code   112  _printf_fp_infnan.o(.text)
    _btod_etento                             0x08008325   Thumb Code   224  bigflt0.o(.text)
    exit                                     0x08008409   Thumb Code    18  exit.o(.text)
    __user_libspace                          0x0800841d   Thumb Code     8  libspace.o(.text)
    __user_perproc_libspace                  0x0800841d   Thumb Code     0  libspace.o(.text)
    __user_perthread_libspace                0x0800841d   Thumb Code     0  libspace.o(.text)
    strcmp                                   0x08008425   Thumb Code   128  strcmpv7m.o(.text)
    _btod_d2e                                0x080084a5   Thumb Code    62  btod.o(CL$$btod_d2e)
    _d2e_denorm_low                          0x080084e3   Thumb Code    70  btod.o(CL$$btod_d2e_denorm_low)
    _d2e_norm_op1                            0x08008529   Thumb Code    96  btod.o(CL$$btod_d2e_norm_op1)
    __btod_div_common                        0x08008589   Thumb Code   696  btod.o(CL$$btod_div_common)
    _e2e                                     0x080088c1   Thumb Code   220  btod.o(CL$$btod_e2e)
    _btod_ediv                               0x0800899d   Thumb Code    42  btod.o(CL$$btod_ediv)
    _btod_emul                               0x080089c7   Thumb Code    42  btod.o(CL$$btod_emul)
    __btod_mult_common                       0x080089f1   Thumb Code   580  btod.o(CL$$btod_mult_common)
    __ARM_fpclassify                         0x08008c35   Thumb Code    48  fpclassify.o(i.__ARM_fpclassify)
    _is_digit                                0x08008c65   Thumb Code    14  __printf_wp.o(i._is_digit)
    _get_lc_numeric                          0x08008c75   Thumb Code    44  lc_numeric_c.o(locale$$code)
    _get_lc_ctype                            0x08008ca1   Thumb Code    44  lc_ctype_c.o(locale$$code)
    _fp_init                                 0x08008ccd   Thumb Code    10  fpinit.o(x$fpl$fpinit)
    __fplib_config_fpu_vfp                   0x08008cd5   Thumb Code     0  fpinit.o(x$fpl$fpinit)
    __fplib_config_pureend_doubles           0x08008cd5   Thumb Code     0  fpinit.o(x$fpl$fpinit)
    _printf_fp_dec                           0x08008cd7   Thumb Code     4  printf1.o(x$fpl$printf1)
    _printf_fp_hex                           0x08008cdb   Thumb Code     4  printf2.o(x$fpl$printf2)
    CRC8Table                                0x08008cde   Data         256  crc8.o(.constdata)
    __I$use$fp                               0x08008cde   Number         0  usenofp.o(x$fpl$usenofp)
    Region$$Table$$Base                      0x08008edc   Number         0  anon$$obj.o(Region$$Table)
    Region$$Table$$Limit                     0x08008efc   Number         0  anon$$obj.o(Region$$Table)
    __ctype                                  0x08008f25   Data           0  lc_ctype_c.o(locale$$data)
    womg                                     0x20000004   Data           4  main.o(.data)
    AGV_CMD                                  0x2000000d   Data           5  comunication.o(.data)
    g_release_flag                           0x20000014   Data           1  control.o(.data)
    g_auto_pick_state                        0x20000015   Data           1  control.o(.data)
    g_agv_work_mode                          0x20000016   Data           1  control.o(.data)
    g_agv_task_state                         0x20000017   Data           1  control.o(.data)
    g_rgb_cmd                                0x20000018   Data           1  control.o(.data)
    T_Plane                                  0x20000019   Data           4  control.o(.data)
    usart1_dma_tx_len                        0x2000002a   Data           2  bsp_usart.o(.data)
    can2_tx_success_flag                     0x20000031   Data           1  can2.o(.data)
    Eject                                    0x20000032   Data           6  can2.o(.data)
    s_screw_cnt                              0x20000038   Data           4  pwm.o(.data)
    Task_timer_flag                          0x2000003c   Data           1  pwm.o(.data)
    timer_cnt                                0x2000003d   Data           1  pwm.o(.data)
    speed                                    0x2000003e   Data           2  pwm.o(.data)
    g_cantxquene_index                       0x20000040   Data           1  pwm.o(.data)
    Channel_0                                0x20000042   Data           2  dr16.o(.data)
    Channel_1                                0x20000044   Data           2  dr16.o(.data)
    Channel_2                                0x20000046   Data           2  dr16.o(.data)
    Channel_3                                0x20000048   Data           2  dr16.o(.data)
    rc_data_flag                             0x2000004a   Data           1  dr16.o(.data)
    rc_data_count                            0x2000004b   Data           1  dr16.o(.data)
    left_Switch                              0x2000004c   Data           2  dr16.o(.data)
    left_Wheel                               0x2000004e   Data           2  dr16.o(.data)
    right_Switch                             0x20000050   Data           2  dr16.o(.data)
    right_Wheel                              0x20000052   Data           2  dr16.o(.data)
    last_right_Wheel                         0x20000054   Data           2  dr16.o(.data)
    Rev                                      0x20000056   Data           1  dr16.o(.data)
    revnum                                   0x20000057   Data           1  dr16.o(.data)
    headflag                                 0x20000058   Data           1  dr16.o(.data)
    tailflag                                 0x20000059   Data           1  dr16.o(.data)
    __stdout                                 0x2000005c   Data           4  usart.o(.data)
    usart3_dma_tx_flag                       0x20000060   Data           1  usart.o(.data)
    usart3_dmarx_len                         0x20000062   Data           2  usart.o(.data)
    usart4_dma_len                           0x20000064   Data           1  usart.o(.data)
    usart4_dma_tx_flag                       0x20000065   Data           1  usart.o(.data)
    usart5_dma_tx_flag                       0x20000066   Data           1  usart.o(.data)
    usart5_dma_tx_len                        0x20000067   Data           1  usart.o(.data)
    usart6_dma_tx_len                        0x20000068   Data           2  usart.o(.data)
    usart6_dma_tx_flag                       0x2000006a   Data           1  usart.o(.data)
    motor1_speed                             0x2000006c   Data           2  zl5servo.o(.data)
    motor2_speed                             0x2000006e   Data           2  zl5servo.o(.data)
    motor3_speed                             0x20000070   Data           2  zl5servo.o(.data)
    motor4_speed                             0x20000072   Data           2  zl5servo.o(.data)
    omgset_pos1                              0x20000074   Data           4  zl5servo.o(.data)
    omgset_pos2                              0x20000078   Data           4  zl5servo.o(.data)
    omgset_pos3                              0x2000007c   Data           4  zl5servo.o(.data)
    omgset_pos4                              0x20000080   Data           4  zl5servo.o(.data)
    UDMotor0_Sp                              0x20000084   Data           2  pickplane.o(.data)
    UDMotor1_Sp                              0x20000086   Data           2  pickplane.o(.data)
    PPMotor0_Sp                              0x20000088   Data           2  pickplane.o(.data)
    PPMotor1_Sp                              0x2000008a   Data           2  pickplane.o(.data)
    CAMotor0_Sp                              0x2000008c   Data           2  pickplane.o(.data)
    CAMotor1_Sp                              0x2000008e   Data           2  pickplane.o(.data)
    T_hmcf                                   0x20000098   Data           4  hmcsensor.o(.data)
    T_hmcb                                   0x2000009c   Data           4  hmcsensor.o(.data)
    SystemCoreClock                          0x200000b0   Data           4  system_stm32f4xx.o(.data)
    AHBPrescTable                            0x200000b4   Data          16  system_stm32f4xx.o(.data)
    CV                                       0x200000c4   Data          28  comunication.o(.bss)
    USART1_RX_BUF                            0x200000e0   Data         128  bsp_usart.o(.bss)
    USART1_TX_BUF                            0x20000160   Data         128  bsp_usart.o(.bss)
    sbus_rx_buffer                           0x200001e0   Data          25  dr16.o(.bss)
    USART3_TX_BUF                            0x20000200   Data         128  usart.o(.bss)
    USART3_RX_BUF                            0x20000280   Data         512  usart.o(.bss)
    USART4_TX_BUF                            0x20000480   Data         128  usart.o(.bss)
    USART4_RX_BUF                            0x20000500   Data         128  usart.o(.bss)
    USART5_RX_BUF                            0x20000580   Data         128  usart.o(.bss)
    USART5_TX_BUF                            0x20000600   Data         128  usart.o(.bss)
    USART6_TX_BUF                            0x20000680   Data        1024  usart.o(.bss)
    USART6_RX_BUF                            0x20000a80   Data        1024  usart.o(.bss)
    Battery_Msg                              0x20000e80   Data          16  bms.o(.bss)
    __libspace_start                         0x20000e90   Data          96  libspace.o(.bss)
    __temporary_stack_top$libspace           0x20000ef0   Data           0  libspace.o(.bss)



==============================================================================

Memory Map of the image

  Image Entry point : 0x08000189

  Load Region LR_IROM1 (Base: 0x08000000, Size: 0x000090ec, Max: 0x00080000, ABSOLUTE)

    Execution Region ER_IROM1 (Exec base: 0x08000000, Load base: 0x08000000, Size: 0x00009028, Max: 0x00080000, ABSOLUTE)

    Exec Addr    Load Addr    Size         Type   Attr      Idx    E Section Name        Object

    0x08000000   0x08000000   0x00000188   Data   RO         1128    RESET               startup_stm32f4xx.o
    0x08000188   0x08000188   0x00000008   Code   RO         1145  * !!!main             c_w.l(__main.o)
    0x08000190   0x08000190   0x00000034   Code   RO         1464    !!!scatter          c_w.l(__scatter.o)
    0x080001c4   0x080001c4   0x0000001a   Code   RO         1466    !!handler_copy      c_w.l(__scatter_copy.o)
    0x080001de   0x080001de   0x00000002   PAD
    0x080001e0   0x080001e0   0x0000001c   Code   RO         1468    !!handler_zi        c_w.l(__scatter_zi.o)
    0x080001fc   0x080001fc   0x00000000   Code   RO         1231    .ARM.Collect$$_printf_percent$$00000000  c_w.l(_printf_percent.o)
    0x080001fc   0x080001fc   0x00000006   Code   RO         1220    .ARM.Collect$$_printf_percent$$00000001  c_w.l(_printf_n.o)
    0x08000202   0x08000202   0x00000006   Code   RO         1222    .ARM.Collect$$_printf_percent$$00000002  c_w.l(_printf_p.o)
    0x08000208   0x08000208   0x00000006   Code   RO         1227    .ARM.Collect$$_printf_percent$$00000003  c_w.l(_printf_f.o)
    0x0800020e   0x0800020e   0x00000006   Code   RO         1228    .ARM.Collect$$_printf_percent$$00000004  c_w.l(_printf_e.o)
    0x08000214   0x08000214   0x00000006   Code   RO         1229    .ARM.Collect$$_printf_percent$$00000005  c_w.l(_printf_g.o)
    0x0800021a   0x0800021a   0x00000006   Code   RO         1230    .ARM.Collect$$_printf_percent$$00000006  c_w.l(_printf_a.o)
    0x08000220   0x08000220   0x0000000a   Code   RO         1235    .ARM.Collect$$_printf_percent$$00000007  c_w.l(_printf_ll.o)
    0x0800022a   0x0800022a   0x00000006   Code   RO         1224    .ARM.Collect$$_printf_percent$$00000008  c_w.l(_printf_i.o)
    0x08000230   0x08000230   0x00000006   Code   RO         1225    .ARM.Collect$$_printf_percent$$00000009  c_w.l(_printf_d.o)
    0x08000236   0x08000236   0x00000006   Code   RO         1226    .ARM.Collect$$_printf_percent$$0000000A  c_w.l(_printf_u.o)
    0x0800023c   0x0800023c   0x00000006   Code   RO         1223    .ARM.Collect$$_printf_percent$$0000000B  c_w.l(_printf_o.o)
    0x08000242   0x08000242   0x00000006   Code   RO         1221    .ARM.Collect$$_printf_percent$$0000000C  c_w.l(_printf_x.o)
    0x08000248   0x08000248   0x00000006   Code   RO         1232    .ARM.Collect$$_printf_percent$$0000000D  c_w.l(_printf_lli.o)
    0x0800024e   0x0800024e   0x00000006   Code   RO         1233    .ARM.Collect$$_printf_percent$$0000000E  c_w.l(_printf_lld.o)
    0x08000254   0x08000254   0x00000006   Code   RO         1234    .ARM.Collect$$_printf_percent$$0000000F  c_w.l(_printf_llu.o)
    0x0800025a   0x0800025a   0x00000006   Code   RO         1239    .ARM.Collect$$_printf_percent$$00000010  c_w.l(_printf_llo.o)
    0x08000260   0x08000260   0x00000006   Code   RO         1240    .ARM.Collect$$_printf_percent$$00000011  c_w.l(_printf_llx.o)
    0x08000266   0x08000266   0x0000000a   Code   RO         1236    .ARM.Collect$$_printf_percent$$00000012  c_w.l(_printf_l.o)
    0x08000270   0x08000270   0x00000006   Code   RO         1218    .ARM.Collect$$_printf_percent$$00000013  c_w.l(_printf_c.o)
    0x08000276   0x08000276   0x00000006   Code   RO         1219    .ARM.Collect$$_printf_percent$$00000014  c_w.l(_printf_s.o)
    0x0800027c   0x0800027c   0x00000006   Code   RO         1237    .ARM.Collect$$_printf_percent$$00000015  c_w.l(_printf_lc.o)
    0x08000282   0x08000282   0x00000006   Code   RO         1238    .ARM.Collect$$_printf_percent$$00000016  c_w.l(_printf_ls.o)
    0x08000288   0x08000288   0x00000004   Code   RO         1279    .ARM.Collect$$_printf_percent$$00000017  c_w.l(_printf_percent_end.o)
    0x0800028c   0x0800028c   0x00000002   Code   RO         1328    .ARM.Collect$$libinit$$00000000  c_w.l(libinit.o)
    0x0800028e   0x0800028e   0x00000004   Code   RO         1344    .ARM.Collect$$libinit$$00000001  c_w.l(libinit2.o)
    0x08000292   0x08000292   0x00000000   Code   RO         1347    .ARM.Collect$$libinit$$00000004  c_w.l(libinit2.o)
    0x08000292   0x08000292   0x00000000   Code   RO         1350    .ARM.Collect$$libinit$$0000000A  c_w.l(libinit2.o)
    0x08000292   0x08000292   0x00000000   Code   RO         1352    .ARM.Collect$$libinit$$0000000C  c_w.l(libinit2.o)
    0x08000292   0x08000292   0x00000000   Code   RO         1354    .ARM.Collect$$libinit$$0000000E  c_w.l(libinit2.o)
    0x08000292   0x08000292   0x00000006   Code   RO         1355    .ARM.Collect$$libinit$$0000000F  c_w.l(libinit2.o)
    0x08000298   0x08000298   0x00000000   Code   RO         1357    .ARM.Collect$$libinit$$00000011  c_w.l(libinit2.o)
    0x08000298   0x08000298   0x0000000c   Code   RO         1358    .ARM.Collect$$libinit$$00000012  c_w.l(libinit2.o)
    0x080002a4   0x080002a4   0x00000000   Code   RO         1359    .ARM.Collect$$libinit$$00000013  c_w.l(libinit2.o)
    0x080002a4   0x080002a4   0x00000000   Code   RO         1361    .ARM.Collect$$libinit$$00000015  c_w.l(libinit2.o)
    0x080002a4   0x080002a4   0x0000000a   Code   RO         1362    .ARM.Collect$$libinit$$00000016  c_w.l(libinit2.o)
    0x080002ae   0x080002ae   0x00000000   Code   RO         1363    .ARM.Collect$$libinit$$00000017  c_w.l(libinit2.o)
    0x080002ae   0x080002ae   0x00000000   Code   RO         1365    .ARM.Collect$$libinit$$00000019  c_w.l(libinit2.o)
    0x080002ae   0x080002ae   0x00000000   Code   RO         1367    .ARM.Collect$$libinit$$0000001B  c_w.l(libinit2.o)
    0x080002ae   0x080002ae   0x00000000   Code   RO         1369    .ARM.Collect$$libinit$$0000001D  c_w.l(libinit2.o)
    0x080002ae   0x080002ae   0x00000000   Code   RO         1371    .ARM.Collect$$libinit$$0000001F  c_w.l(libinit2.o)
    0x080002ae   0x080002ae   0x00000000   Code   RO         1373    .ARM.Collect$$libinit$$00000021  c_w.l(libinit2.o)
    0x080002ae   0x080002ae   0x00000000   Code   RO         1375    .ARM.Collect$$libinit$$00000023  c_w.l(libinit2.o)
    0x080002ae   0x080002ae   0x00000000   Code   RO         1377    .ARM.Collect$$libinit$$00000025  c_w.l(libinit2.o)
    0x080002ae   0x080002ae   0x00000000   Code   RO         1381    .ARM.Collect$$libinit$$0000002C  c_w.l(libinit2.o)
    0x080002ae   0x080002ae   0x00000000   Code   RO         1383    .ARM.Collect$$libinit$$0000002E  c_w.l(libinit2.o)
    0x080002ae   0x080002ae   0x00000000   Code   RO         1385    .ARM.Collect$$libinit$$00000030  c_w.l(libinit2.o)
    0x080002ae   0x080002ae   0x00000000   Code   RO         1387    .ARM.Collect$$libinit$$00000032  c_w.l(libinit2.o)
    0x080002ae   0x080002ae   0x00000002   Code   RO         1388    .ARM.Collect$$libinit$$00000033  c_w.l(libinit2.o)
    0x080002b0   0x080002b0   0x00000002   Code   RO         1406    .ARM.Collect$$libshutdown$$00000000  c_w.l(libshutdown.o)
    0x080002b2   0x080002b2   0x00000000   Code   RO         1416    .ARM.Collect$$libshutdown$$00000002  c_w.l(libshutdown2.o)
    0x080002b2   0x080002b2   0x00000000   Code   RO         1418    .ARM.Collect$$libshutdown$$00000004  c_w.l(libshutdown2.o)
    0x080002b2   0x080002b2   0x00000000   Code   RO         1421    .ARM.Collect$$libshutdown$$00000007  c_w.l(libshutdown2.o)
    0x080002b2   0x080002b2   0x00000000   Code   RO         1424    .ARM.Collect$$libshutdown$$0000000A  c_w.l(libshutdown2.o)
    0x080002b2   0x080002b2   0x00000000   Code   RO         1426    .ARM.Collect$$libshutdown$$0000000C  c_w.l(libshutdown2.o)
    0x080002b2   0x080002b2   0x00000000   Code   RO         1429    .ARM.Collect$$libshutdown$$0000000F  c_w.l(libshutdown2.o)
    0x080002b2   0x080002b2   0x00000002   Code   RO         1430    .ARM.Collect$$libshutdown$$00000010  c_w.l(libshutdown2.o)
    0x080002b4   0x080002b4   0x00000000   Code   RO         1149    .ARM.Collect$$rtentry$$00000000  c_w.l(__rtentry.o)
    0x080002b4   0x080002b4   0x00000000   Code   RO         1250    .ARM.Collect$$rtentry$$00000002  c_w.l(__rtentry2.o)
    0x080002b4   0x080002b4   0x00000006   Code   RO         1262    .ARM.Collect$$rtentry$$00000004  c_w.l(__rtentry4.o)
    0x080002ba   0x080002ba   0x00000000   Code   RO         1252    .ARM.Collect$$rtentry$$00000009  c_w.l(__rtentry2.o)
    0x080002ba   0x080002ba   0x00000004   Code   RO         1253    .ARM.Collect$$rtentry$$0000000A  c_w.l(__rtentry2.o)
    0x080002be   0x080002be   0x00000000   Code   RO         1255    .ARM.Collect$$rtentry$$0000000C  c_w.l(__rtentry2.o)
    0x080002be   0x080002be   0x00000008   Code   RO         1256    .ARM.Collect$$rtentry$$0000000D  c_w.l(__rtentry2.o)
    0x080002c6   0x080002c6   0x00000002   Code   RO         1337    .ARM.Collect$$rtexit$$00000000  c_w.l(rtexit.o)
    0x080002c8   0x080002c8   0x00000000   Code   RO         1390    .ARM.Collect$$rtexit$$00000002  c_w.l(rtexit2.o)
    0x080002c8   0x080002c8   0x00000004   Code   RO         1391    .ARM.Collect$$rtexit$$00000003  c_w.l(rtexit2.o)
    0x080002cc   0x080002cc   0x00000006   Code   RO         1392    .ARM.Collect$$rtexit$$00000004  c_w.l(rtexit2.o)
    0x080002d2   0x080002d2   0x00000002   PAD
    0x080002d4   0x080002d4   0x000009e0   Code   RO            4    .text               main.o
    0x08000cb4   0x08000cb4   0x00000030   Code   RO          209    .text               stm32f4xx_it.o
    0x08000ce4   0x08000ce4   0x0000032c   Code   RO          236    .text               comunication.o
    0x08001010   0x08001010   0x00000e98   Code   RO          271    .text               control.o
    0x08001ea8   0x08001ea8   0x00000374   Code   RO          302    .text               bsp_usart.o
    0x0800221c   0x0800221c   0x00000120   Code   RO          343    .text               bsp_delay.o
    0x0800233c   0x0800233c   0x0000026c   Code   RO          369    .text               can1.o
    0x080025a8   0x080025a8   0x00000540   Code   RO          395    .text               can2.o
    0x08002ae8   0x08002ae8   0x00000644   Code   RO          447    .text               pwm.o
    0x0800312c   0x0800312c   0x00000244   Code   RO          487    .text               dr16.o
    0x08003370   0x08003370   0x00000044   Code   RO          516    .text               crc8.o
    0x080033b4   0x080033b4   0x000000a4   Code   RO          534    .text               led.o
    0x08003458   0x08003458   0x00000db4   Code   RO          558    .text               usart.o
    0x0800420c   0x0800420c   0x000004b0   Code   RO          634    .text               zl5servo.o
    0x080046bc   0x080046bc   0x00000148   Code   RO          664    .text               pickplane.o
    0x08004804   0x08004804   0x00000018   Code   RO          694    .text               bms.o
    0x0800481c   0x0800481c   0x000000e0   Code   RO          737    .text               misc.o
    0x080048fc   0x080048fc   0x000009f0   Code   RO          785    .text               stm32f4xx_can.o
    0x080052ec   0x080052ec   0x000003a8   Code   RO          833    .text               stm32f4xx_dma.o
    0x08005694   0x08005694   0x0000011c   Code   RO          857    .text               stm32f4xx_exti.o
    0x080057b0   0x080057b0   0x0000025c   Code   RO          905    .text               stm32f4xx_gpio.o
    0x08005a0c   0x08005a0c   0x00000588   Code   RO          977    .text               stm32f4xx_rcc.o
    0x08005f94   0x08005f94   0x00000ca2   Code   RO         1003    .text               stm32f4xx_tim.o
    0x08006c36   0x08006c36   0x00000002   PAD
    0x08006c38   0x08006c38   0x0000041a   Code   RO         1027    .text               stm32f4xx_usart.o
    0x08007052   0x08007052   0x00000002   PAD
    0x08007054   0x08007054   0x0000008c   Code   RO         1051    .text               stm32f4xx_syscfg.o
    0x080070e0   0x080070e0   0x00000210   Code   RO         1099    .text               system_stm32f4xx.o
    0x080072f0   0x080072f0   0x00000040   Code   RO         1129    .text               startup_stm32f4xx.o
    0x08007330   0x08007330   0x00000002   Code   RO         1135    .text               c_w.l(use_no_semi_2.o)
    0x08007332   0x08007332   0x00000002   PAD
    0x08007334   0x08007334   0x00000024   Code   RO         1137    .text               c_w.l(vsprintf.o)
    0x08007358   0x08007358   0x0000003e   Code   RO         1139    .text               c_w.l(strlen.o)
    0x08007396   0x08007396   0x0000004e   Code   RO         1141    .text               c_w.l(rt_memclr_w.o)
    0x080073e4   0x080073e4   0x00000006   Code   RO         1143    .text               c_w.l(heapauxi.o)
    0x080073ea   0x080073ea   0x00000002   Code   RO         1147    .text               c_w.l(use_no_semi.o)
    0x080073ec   0x080073ec   0x0000004e   Code   RO         1152    .text               c_w.l(_printf_pad.o)
    0x0800743a   0x0800743a   0x00000024   Code   RO         1154    .text               c_w.l(_printf_truncate.o)
    0x0800745e   0x0800745e   0x00000052   Code   RO         1156    .text               c_w.l(_printf_str.o)
    0x080074b0   0x080074b0   0x00000078   Code   RO         1158    .text               c_w.l(_printf_dec.o)
    0x08007528   0x08007528   0x00000028   Code   RO         1160    .text               c_w.l(_printf_charcount.o)
    0x08007550   0x08007550   0x00000030   Code   RO         1162    .text               c_w.l(_printf_char_common.o)
    0x08007580   0x08007580   0x0000000a   Code   RO         1164    .text               c_w.l(_sputc.o)
    0x0800758a   0x0800758a   0x00000002   PAD
    0x0800758c   0x0800758c   0x000000bc   Code   RO         1166    .text               c_w.l(_printf_wctomb.o)
    0x08007648   0x08007648   0x0000007c   Code   RO         1169    .text               c_w.l(_printf_longlong_dec.o)
    0x080076c4   0x080076c4   0x00000070   Code   RO         1175    .text               c_w.l(_printf_oct_int_ll.o)
    0x08007734   0x08007734   0x00000094   Code   RO         1195    .text               c_w.l(_printf_hex_int_ll_ptr.o)
    0x080077c8   0x080077c8   0x00000188   Code   RO         1215    .text               c_w.l(__printf_flags_ss_wp.o)
    0x08007950   0x08007950   0x0000008a   Code   RO         1264    .text               c_w.l(lludiv10.o)
    0x080079da   0x080079da   0x000000b2   Code   RO         1266    .text               c_w.l(_printf_intcommon.o)
    0x08007a8c   0x08007a8c   0x0000041e   Code   RO         1268    .text               c_w.l(_printf_fp_dec.o)
    0x08007eaa   0x08007eaa   0x00000002   PAD
    0x08007eac   0x08007eac   0x000002fc   Code   RO         1270    .text               c_w.l(_printf_fp_hex.o)
    0x080081a8   0x080081a8   0x0000002c   Code   RO         1275    .text               c_w.l(_printf_char.o)
    0x080081d4   0x080081d4   0x0000002c   Code   RO         1277    .text               c_w.l(_printf_wchar.o)
    0x08008200   0x08008200   0x00000040   Code   RO         1280    .text               c_w.l(_wcrtomb.o)
    0x08008240   0x08008240   0x0000004a   Code   RO         1282    .text               c_w.l(sys_stackheap_outer.o)
    0x0800828a   0x0800828a   0x00000002   PAD
    0x0800828c   0x0800828c   0x00000010   Code   RO         1284    .text               c_w.l(rt_ctype_table.o)
    0x0800829c   0x0800829c   0x00000008   Code   RO         1289    .text               c_w.l(rt_locale_intlibspace.o)
    0x080082a4   0x080082a4   0x00000080   Code   RO         1291    .text               c_w.l(_printf_fp_infnan.o)
    0x08008324   0x08008324   0x000000e4   Code   RO         1293    .text               c_w.l(bigflt0.o)
    0x08008408   0x08008408   0x00000012   Code   RO         1321    .text               c_w.l(exit.o)
    0x0800841a   0x0800841a   0x00000002   PAD
    0x0800841c   0x0800841c   0x00000008   Code   RO         1334    .text               c_w.l(libspace.o)
    0x08008424   0x08008424   0x00000080   Code   RO         1342    .text               c_w.l(strcmpv7m.o)
    0x080084a4   0x080084a4   0x0000003e   Code   RO         1296    CL$$btod_d2e        c_w.l(btod.o)
    0x080084e2   0x080084e2   0x00000046   Code   RO         1298    CL$$btod_d2e_denorm_low  c_w.l(btod.o)
    0x08008528   0x08008528   0x00000060   Code   RO         1297    CL$$btod_d2e_norm_op1  c_w.l(btod.o)
    0x08008588   0x08008588   0x00000338   Code   RO         1306    CL$$btod_div_common  c_w.l(btod.o)
    0x080088c0   0x080088c0   0x000000dc   Code   RO         1303    CL$$btod_e2e        c_w.l(btod.o)
    0x0800899c   0x0800899c   0x0000002a   Code   RO         1300    CL$$btod_ediv       c_w.l(btod.o)
    0x080089c6   0x080089c6   0x0000002a   Code   RO         1299    CL$$btod_emul       c_w.l(btod.o)
    0x080089f0   0x080089f0   0x00000244   Code   RO         1305    CL$$btod_mult_common  c_w.l(btod.o)
    0x08008c34   0x08008c34   0x00000030   Code   RO         1332    i.__ARM_fpclassify  m_wm.l(fpclassify.o)
    0x08008c64   0x08008c64   0x0000000e   Code   RO         1208    i._is_digit         c_w.l(__printf_wp.o)
    0x08008c72   0x08008c72   0x00000002   PAD
    0x08008c74   0x08008c74   0x0000002c   Code   RO         1319    locale$$code        c_w.l(lc_numeric_c.o)
    0x08008ca0   0x08008ca0   0x0000002c   Code   RO         1340    locale$$code        c_w.l(lc_ctype_c.o)
    0x08008ccc   0x08008ccc   0x0000000a   Code   RO         1398    x$fpl$fpinit        fz_wm.l(fpinit.o)
    0x08008cd6   0x08008cd6   0x00000004   Code   RO         1241    x$fpl$printf1       fz_wm.l(printf1.o)
    0x08008cda   0x08008cda   0x00000004   Code   RO         1243    x$fpl$printf2       fz_wm.l(printf2.o)
    0x08008cde   0x08008cde   0x00000000   Code   RO         1331    x$fpl$usenofp       fz_wm.l(usenofp.o)
    0x08008cde   0x08008cde   0x00000100   Data   RO          517    .constdata          crc8.o
    0x08008dde   0x08008dde   0x00000002   PAD
    0x08008de0   0x08008de0   0x00000008   Data   RO         1167    .constdata          c_w.l(_printf_wctomb.o)
    0x08008de8   0x08008de8   0x00000028   Data   RO         1196    .constdata          c_w.l(_printf_hex_int_ll_ptr.o)
    0x08008e10   0x08008e10   0x00000011   Data   RO         1216    .constdata          c_w.l(__printf_flags_ss_wp.o)
    0x08008e21   0x08008e21   0x00000026   Data   RO         1271    .constdata          c_w.l(_printf_fp_hex.o)
    0x08008e47   0x08008e47   0x00000001   PAD
    0x08008e48   0x08008e48   0x00000094   Data   RO         1294    .constdata          c_w.l(bigflt0.o)
    0x08008edc   0x08008edc   0x00000020   Data   RO         1462    Region$$Table       anon$$obj.o
    0x08008efc   0x08008efc   0x0000001c   Data   RO         1318    locale$$data        c_w.l(lc_numeric_c.o)
    0x08008f18   0x08008f18   0x00000110   Data   RO         1339    locale$$data        c_w.l(lc_ctype_c.o)


    Execution Region RW_IRAM1 (Exec base: 0x20000000, Load base: 0x08009028, Size: 0x00001ef0, Max: 0x00020000, ABSOLUTE)

    Exec Addr    Load Addr    Size         Type   Attr      Idx    E Section Name        Object

    0x20000000   0x08009028   0x0000000d   Data   RW            6    .data               main.o
    0x2000000d   0x08009035   0x00000006   Data   RW          238    .data               comunication.o
    0x20000013   0x0800903b   0x00000001   PAD
    0x20000014   0x0800903c   0x00000014   Data   RW          272    .data               control.o
    0x20000028   0x08009050   0x00000004   Data   RW          304    .data               bsp_usart.o
    0x2000002c   0x08009054   0x00000004   Data   RW          344    .data               bsp_delay.o
    0x20000030   0x08009058   0x00000001   Data   RW          370    .data               can1.o
    0x20000031   0x08009059   0x00000007   Data   RW          396    .data               can2.o
    0x20000038   0x08009060   0x00000009   Data   RW          448    .data               pwm.o
    0x20000041   0x08009069   0x00000001   PAD
    0x20000042   0x0800906a   0x00000018   Data   RW          489    .data               dr16.o
    0x2000005a   0x08009082   0x00000002   PAD
    0x2000005c   0x08009084   0x0000000f   Data   RW          560    .data               usart.o
    0x2000006b   0x08009093   0x00000001   PAD
    0x2000006c   0x08009094   0x00000018   Data   RW          635    .data               zl5servo.o
    0x20000084   0x080090ac   0x0000000c   Data   RW          665    .data               pickplane.o
    0x20000090   0x080090b8   0x00000008   Data   RW          696    .data               bms.o
    0x20000098   0x080090c0   0x00000008   Data   RW          722    .data               hmcsensor.o
    0x200000a0   0x080090c8   0x00000010   Data   RW          978    .data               stm32f4xx_rcc.o
    0x200000b0   0x080090d8   0x00000014   Data   RW         1100    .data               system_stm32f4xx.o
    0x200000c4        -       0x0000001c   Zero   RW          237    .bss                comunication.o
    0x200000e0        -       0x00000100   Zero   RW          303    .bss                bsp_usart.o
    0x200001e0        -       0x00000019   Zero   RW          488    .bss                dr16.o
    0x200001f9   0x080090ec   0x00000007   PAD
    0x20000200        -       0x00000c80   Zero   RW          559    .bss                usart.o
    0x20000e80        -       0x00000010   Zero   RW          695    .bss                bms.o
    0x20000e90        -       0x00000060   Zero   RW         1335    .bss                c_w.l(libspace.o)
    0x20000ef0        -       0x00000400   Zero   RW         1127    HEAP                startup_stm32f4xx.o
    0x200012f0        -       0x00000c00   Zero   RW         1126    STACK               startup_stm32f4xx.o


==============================================================================

Image component sizes


      Code (inc. data)   RO Data    RW Data    ZI Data      Debug   Object Name

        24          8          0          8         16       1716   bms.o
       288          8          0          4          0       1808   bsp_delay.o
       884         38          0          4        256       5524   bsp_usart.o
       620         14          0          1          0       2889   can1.o
      1344         50          0          7          0       3978   can2.o
       812         26          0          6         28       3229   comunication.o
      3736       1132          0         20          0       5735   control.o
        68          4        256          0          0       1566   crc8.o
       580         72          0         24         25       2392   dr16.o
         0          0          0          8          0        700   hmcsensor.o
       164          8          0          0          0        908   led.o
      2528        344          0         13          0     286509   main.o
       224         20          0          0          0       2061   misc.o
       328         26          0         12          0       2999   pickplane.o
      1604        124          0          9          0       3806   pwm.o
        64         26        392          0       4096        968   startup_stm32f4xx.o
      2544         38          0          0          0       8384   stm32f4xx_can.o
       936         32          0          0          0       6633   stm32f4xx_dma.o
       284         10          0          0          0       2559   stm32f4xx_exti.o
       604         36          0          0          0       4369   stm32f4xx_gpio.o
        48         16          0          0          0       1123   stm32f4xx_it.o
      1416         48          0         16          0      11359   stm32f4xx_rcc.o
       140         12          0          0          0       1787   stm32f4xx_syscfg.o
      3234         60          0          0          0      23256   stm32f4xx_tim.o
      1050         26          0          0          0       8100   stm32f4xx_usart.o
       528         46          0         20          0       2223   system_stm32f4xx.o
      3508        192          0         15       3200      48061   usart.o
      1200        148          0         24          0       5614   zl5servo.o

    ----------------------------------------------------------------------
     28764       2564        682        196       7628     450256   Object Totals
         0          0         32          0          0          0   (incl. Generated)
         4          0          2          5          7          0   (incl. Padding)

    ----------------------------------------------------------------------

      Code (inc. data)   RO Data    RW Data    ZI Data      Debug   Library Member Name

         8          0          0          0          0         68   __main.o
       392          4         17          0          0         92   __printf_flags_ss_wp.o
        14          0          0          0          0         68   __printf_wp.o
         0          0          0          0          0          0   __rtentry.o
        12          0          0          0          0          0   __rtentry2.o
         6          0          0          0          0          0   __rtentry4.o
        52          8          0          0          0          0   __scatter.o
        26          0          0          0          0          0   __scatter_copy.o
        28          0          0          0          0          0   __scatter_zi.o
         6          0          0          0          0          0   _printf_a.o
         6          0          0          0          0          0   _printf_c.o
        44          0          0          0          0        108   _printf_char.o
        48          6          0          0          0         96   _printf_char_common.o
        40          0          0          0          0         68   _printf_charcount.o
         6          0          0          0          0          0   _printf_d.o
       120         16          0          0          0         92   _printf_dec.o
         6          0          0          0          0          0   _printf_e.o
         6          0          0          0          0          0   _printf_f.o
      1054          0          0          0          0        216   _printf_fp_dec.o
       764          8         38          0          0        100   _printf_fp_hex.o
       128         16          0          0          0         84   _printf_fp_infnan.o
         6          0          0          0          0          0   _printf_g.o
       148          4         40          0          0        160   _printf_hex_int_ll_ptr.o
         6          0          0          0          0          0   _printf_i.o
       178          0          0          0          0         88   _printf_intcommon.o
        10          0          0          0          0          0   _printf_l.o
         6          0          0          0          0          0   _printf_lc.o
        10          0          0          0          0          0   _printf_ll.o
         6          0          0          0          0          0   _printf_lld.o
         6          0          0          0          0          0   _printf_lli.o
         6          0          0          0          0          0   _printf_llo.o
         6          0          0          0          0          0   _printf_llu.o
         6          0          0          0          0          0   _printf_llx.o
       124         16          0          0          0         92   _printf_longlong_dec.o
         6          0          0          0          0          0   _printf_ls.o
         6          0          0          0          0          0   _printf_n.o
         6          0          0          0          0          0   _printf_o.o
       112         10          0          0          0        124   _printf_oct_int_ll.o
         6          0          0          0          0          0   _printf_p.o
        78          0          0          0          0        108   _printf_pad.o
         0          0          0          0          0          0   _printf_percent.o
         4          0          0          0          0          0   _printf_percent_end.o
         6          0          0          0          0          0   _printf_s.o
        82          0          0          0          0         80   _printf_str.o
        36          0          0          0          0         84   _printf_truncate.o
         6          0          0          0          0          0   _printf_u.o
        44          0          0          0          0        108   _printf_wchar.o
       188          6          8          0          0         92   _printf_wctomb.o
         6          0          0          0          0          0   _printf_x.o
        10          0          0          0          0         68   _sputc.o
        64          0          0          0          0         92   _wcrtomb.o
       228          4        148          0          0         96   bigflt0.o
      1936        128          0          0          0        672   btod.o
        18          0          0          0          0         80   exit.o
         6          0          0          0          0        152   heapauxi.o
        44         10        272          0          0         76   lc_ctype_c.o
        44         10         28          0          0         76   lc_numeric_c.o
         2          0          0          0          0          0   libinit.o
        34          0          0          0          0          0   libinit2.o
         2          0          0          0          0          0   libshutdown.o
         2          0          0          0          0          0   libshutdown2.o
         8          4          0          0         96         68   libspace.o
       138          0          0          0          0         80   lludiv10.o
        16          4          0          0          0         76   rt_ctype_table.o
         8          4          0          0          0         68   rt_locale_intlibspace.o
        78          0          0          0          0         80   rt_memclr_w.o
         2          0          0          0          0          0   rtexit.o
        10          0          0          0          0          0   rtexit2.o
       128          0          0          0          0         68   strcmpv7m.o
        62          0          0          0          0         76   strlen.o
        74          0          0          0          0         80   sys_stackheap_outer.o
         2          0          0          0          0         68   use_no_semi.o
         2          0          0          0          0         68   use_no_semi_2.o
        36          4          0          0          0         76   vsprintf.o
        10          0          0          0          0        116   fpinit.o
         4          0          0          0          0        116   printf1.o
         4          0          0          0          0        116   printf2.o
         0          0          0          0          0          0   usenofp.o
        48          0          0          0          0        124   fpclassify.o

    ----------------------------------------------------------------------
      6906        262        552          0         96       4520   Library Totals
        16          0          1          0          0          0   (incl. Padding)

    ----------------------------------------------------------------------

      Code (inc. data)   RO Data    RW Data    ZI Data      Debug   Library Name

      6824        262        551          0         96       4048   c_w.l
        18          0          0          0          0        348   fz_wm.l
        48          0          0          0          0        124   m_wm.l

    ----------------------------------------------------------------------
      6906        262        552          0         96       4520   Library Totals

    ----------------------------------------------------------------------

==============================================================================


      Code (inc. data)   RO Data    RW Data    ZI Data      Debug   

     35670       2826       1234        196       7724     446492   Grand Totals
     35670       2826       1234        196       7724     446492   ELF Image Totals
     35670       2826       1234        196          0          0   ROM Totals

==============================================================================

    Total RO  Size (Code + RO Data)                36904 (  36.04kB)
    Total RW  Size (RW Data + ZI Data)              7920 (   7.73kB)
    Total ROM Size (Code + RO Data + RW Data)      37100 (  36.23kB)

==============================================================================

